[0.013s][info][gc,init] Initializing The Z Garbage Collector
[0.013s][info][gc,init] Version: 25+36-LTS (release)
[0.014s][info][gc,init] NUMA Support: Disabled
[0.014s][info][gc,init] CPUs: 8 total, 8 available
[0.014s][info][gc,init] Memory: 16049M
[0.014s][info][gc,init] Large Page Support: Disabled
[0.017s][info][gc,init] Address Space Size: limited (137434242368K)
[0.017s][info][gc,init] Reserved Space Type: Contiguous/Unrestricted/Complete
[0.017s][info][gc,init] Reserved Space Size: 4G
[0.017s][info][gc,init] Min Capacity: 8M
[0.017s][info][gc,init] Initial Capacity: 252M
[0.017s][info][gc,init] Max Capacity: 256M
[0.017s][info][gc,init] Soft Max Capacity: 256M
[0.017s][info][gc,init] Page Size Medium: Range [2M, 8M]
[0.017s][info][gc,init] Pre-touch: Disabled
[0.017s][info][gc,init] Uncommit: Enabled
[0.017s][info][gc,init] Uncommit Delay: 300s
[0.018s][info][gc,init] GC Workers for Old Generation: 2 (dynamic)
[0.018s][info][gc,init] GC Workers for Young Generation: 2 (dynamic)
[0.023s][info][gc,init] GC Workers Max: 2 (dynamic)
[0.023s][info][gc,init] Runtime Workers: 2
[0.023s][info][gc     ] Using The Z Garbage Collector
[0.043s][info][gc,metaspace] CDS archive(s) mapped at: [0x0000000090000000-0x0000000090dd0000-0x0000000090dd0000), size 14483456, SharedBaseAddress: 0x0000000090000000, ArchiveRelocationMode: 1.
[0.043s][info][gc,metaspace] Compressed class space mapped at: 0x0000000091000000-0x00000000d1000000, reserved size: 1073741824
[0.043s][info][gc,metaspace] UseCompressedClassPointers 1, UseCompactObjectHeaders 0
[0.043s][info][gc,metaspace] Narrow klass pointer bits 32, Max shift 3
[0.043s][info][gc,metaspace] Narrow klass base: 0x0000000090000000, Narrow klass shift: 0
[0.043s][info][gc,metaspace] Encoding Range: [0x0000000090000000 - 0x0000000190000000), (4294967296 bytes)
[0.043s][info][gc,metaspace] Klass Range:    [0x0000000090010000 - 0x00000000d1000000), (1090453504 bytes)
[0.043s][info][gc,metaspace] Klass ID Range:  [65536 - 1090519033) (1090453497)
[0.043s][info][gc,metaspace] Protection zone: [0x0000000090000000 - 0x0000000090010000), (65536 bytes)
[5.135s][info][gc          ] GC(0) Major Collection (Warmup)
[5.135s][info][gc,task     ] GC(0) Using 2 Workers for Young Generation
[5.135s][info][gc,task     ] GC(0) Using 1 Workers for Old Generation
[5.135s][info][gc,phases   ] GC(0) Y: Young Generation
[5.135s][info][gc,phases   ] GC(0) Y: Pause Mark Start (Major) 0.018ms
[5.144s][info][gc,phases   ] GC(0) Y: Concurrent Mark 8.962ms
[5.144s][info][gc,phases   ] GC(0) Y: Pause Mark End 0.018ms
[5.144s][info][gc,phases   ] GC(0) Y: Concurrent Mark Free 0.003ms
[5.144s][info][gc,phases   ] GC(0) Y: Concurrent Reset Relocation Set 0.001ms
[5.145s][info][gc,reloc    ] GC(0) Y: Using tenuring threshold: 1 (Computed)
[5.145s][info][gc,phases   ] GC(0) Y: Concurrent Select Relocation Set 0.938ms
[5.145s][info][gc,phases   ] GC(0) Y: Pause Relocate Start 0.009ms
[5.147s][info][gc,phases   ] GC(0) Y: Concurrent Relocate 1.759ms
[5.147s][info][gc,alloc    ] GC(0) Y:                         Mark Start        Mark End      Relocate Start    Relocate End   
[5.147s][info][gc,alloc    ] GC(0) Y: Allocation Stalls:          0                0                0                0         
[5.147s][info][gc,load     ] GC(0) Y: Load: 0.00 (0%) / 0.00 (0%) / 0.00 (0%)
[5.147s][info][gc,mmu      ] GC(0) Y: MMU: 2ms/98.6%, 5ms/99.5%, 10ms/99.6%, 20ms/99.8%, 50ms/99.9%, 100ms/100.0%
[5.147s][info][gc,marking  ] GC(0) Y: Mark: 2 stripe(s), 2 proactive flush(es), 1 terminate flush(es), 0 completion(s), 0 continuation(s) 
[5.147s][info][gc,nmethod  ] GC(0) Y: NMethods: 208 registered, 0 unregistered
[5.147s][info][gc,metaspace] GC(0) Y: Metaspace: 0M used, 0M committed, 1088M reserved
[5.147s][info][gc,reloc    ] GC(0) Y:                        Candidates     Selected     In-Place         Size        Empty    Relocated 
[5.147s][info][gc,reloc    ] GC(0) Y: Small Pages:                    2            1            0           4M           0M           1M 
[5.147s][info][gc,reloc    ] GC(0) Y: Medium Pages:                   0            0            0           0M           0M           0M 
[5.147s][info][gc,reloc    ] GC(0) Y: Large Pages:                   11            0            0          22M           0M           0M 
[5.147s][info][gc,reloc    ] GC(0) Y: Forwarding Usage: 0M
[5.147s][info][gc,reloc    ] GC(0) Y: Age Table:
[5.147s][info][gc,reloc    ] GC(0) Y:                    Live             Garbage             Small              Medium             Large        
[5.147s][info][gc,reloc    ] GC(0) Y: Eden              23M (9%)            2M (1%)           2 / 1              0 / 0             11 / 0        
[5.148s][info][gc,heap     ] GC(0) Y: Min Capacity: 8M(3%)
[5.148s][info][gc,heap     ] GC(0) Y: Max Capacity: 256M(100%)
[5.148s][info][gc,heap     ] GC(0) Y: Soft Max Capacity: 256M(100%)
[5.148s][info][gc,heap     ] GC(0) Y: Heap Statistics:
[5.148s][info][gc,heap     ] GC(0) Y:                Mark Start          Mark End        Relocate Start      Relocate End           High               Low         
[5.148s][info][gc,heap     ] GC(0) Y:  Capacity:      252M (98%)         252M (98%)         252M (98%)         252M (98%)         252M (98%)         252M (98%)    
[5.148s][info][gc,heap     ] GC(0) Y:      Free:      230M (90%)         228M (89%)         228M (89%)         228M (89%)         230M (90%)         224M (88%)    
[5.148s][info][gc,heap     ] GC(0) Y:      Used:       26M (10%)          28M (11%)          28M (11%)          28M (11%)          32M (12%)          26M (10%)    
[5.148s][info][gc,heap     ] GC(0) Y: Young Generation Statistics:
[5.148s][info][gc,heap     ] GC(0) Y:                Mark Start          Mark End        Relocate Start      Relocate End    
[5.148s][info][gc,heap     ] GC(0) Y:      Used:       26M (10%)          28M (11%)          28M (11%)          28M (11%)    
[5.149s][info][gc,heap     ] GC(0) Y:      Live:         -                23M (9%)           23M (9%)           23M (9%)     
[5.149s][info][gc,heap     ] GC(0) Y:   Garbage:         -                 2M (1%)            2M (1%)            0M (0%)     
[5.149s][info][gc,heap     ] GC(0) Y: Allocated:         -                 2M (1%)            2M (1%)            4M (2%)     
[5.149s][info][gc,heap     ] GC(0) Y: Reclaimed:         -                  -                 0M (0%)            2M (1%)     
[5.149s][info][gc,heap     ] GC(0) Y:  Promoted:         -                  -                 0M (0%)            0M (0%)     
[5.149s][info][gc,heap     ] GC(0) Y: Compacted:         -                  -                  -                 1M (1%)     
[5.149s][info][gc,phases   ] GC(0) Y: Young Generation 26M(10%)->28M(11%) 0.012s
[5.149s][info][gc,phases   ] GC(0) O: Old Generation
[5.149s][info][gc,phases   ] GC(0) O: Concurrent Mark 0.629ms
[5.149s][info][gc,phases   ] GC(0) O: Pause Mark End 0.010ms
[5.149s][info][gc,phases   ] GC(0) O: Concurrent Mark Free 0.001ms
[5.150s][info][gc,phases   ] GC(0) O: Concurrent Process Non-Strong 0.943ms
[5.150s][info][gc,phases   ] GC(0) O: Concurrent Reset Relocation Set 0.001ms
[5.151s][info][gc,phases   ] GC(0) O: Concurrent Select Relocation Set 0.042ms
[5.151s][info][gc,task     ] GC(0) O: Using 2 Workers for Old Generation
[5.151s][info][gc,task     ] GC(0) O: Using 1 Workers for Old Generation
[5.151s][info][gc,phases   ] GC(0) O: Concurrent Remap Roots 0.255ms
[5.151s][info][gc,phases   ] GC(0) O: Pause Relocate Start 0.588ms
[5.152s][info][gc,phases   ] GC(0) O: Concurrent Relocate 0.048ms
[5.152s][info][gc,alloc    ] GC(0) O:                         Mark Start        Mark End      Relocate Start    Relocate End   
[5.152s][info][gc,alloc    ] GC(0) O: Allocation Stalls:          0                0                0                0         
[5.152s][info][gc,load     ] GC(0) O: Load: 0.00 (0%) / 0.00 (0%) / 0.00 (0%)
[5.152s][info][gc,mmu      ] GC(0) O: MMU: 2ms/70.6%, 5ms/88.0%, 10ms/93.8%, 20ms/96.8%, 50ms/98.7%, 100ms/99.4%
[5.152s][info][gc,marking  ] GC(0) O: Mark: 1 stripe(s), 1 proactive flush(es), 1 terminate flush(es), 0 completion(s), 0 continuation(s) 
[5.152s][info][gc,nmethod  ] GC(0) O: NMethods: 201 registered, 7 unregistered
[5.152s][info][gc,metaspace] GC(0) O: Metaspace: 0M used, 0M committed, 1088M reserved
[5.152s][info][gc,ref      ] GC(0) O:                       Encountered   Discovered     Enqueued 
[5.152s][info][gc,ref      ] GC(0) O: Soft References:               63            0            0 
[5.152s][info][gc,ref      ] GC(0) O: Weak References:               98            0            0 
[5.152s][info][gc,ref      ] GC(0) O: Final References:               0            0            0 
[5.152s][info][gc,ref      ] GC(0) O: Phantom References:             1            0            0 
[5.152s][info][gc,heap     ] GC(0) O: Min Capacity: 8M(3%)
[5.152s][info][gc,heap     ] GC(0) O: Max Capacity: 256M(100%)
[5.152s][info][gc,heap     ] GC(0) O: Soft Max Capacity: 256M(100%)
[5.152s][info][gc,heap     ] GC(0) O: Heap Statistics:
[5.152s][info][gc,heap     ] GC(0) O:                Mark Start          Mark End        Relocate Start      Relocate End           High               Low         
[5.152s][info][gc,heap     ] GC(0) O:  Capacity:      252M (98%)         252M (98%)         252M (98%)         252M (98%)         252M (98%)         252M (98%)    
[5.152s][info][gc,heap     ] GC(0) O:      Free:      230M (90%)         228M (89%)         228M (89%)         228M (89%)         230M (90%)         224M (88%)    
[5.152s][info][gc,heap     ] GC(0) O:      Used:       26M (10%)          28M (11%)          28M (11%)          28M (11%)          32M (12%)          26M (10%)    
[5.152s][info][gc,heap     ] GC(0) O: Old Generation Statistics:
[5.152s][info][gc,heap     ] GC(0) O:                Mark Start          Mark End        Relocate Start      Relocate End    
[5.152s][info][gc,heap     ] GC(0) O:      Used:        0M (0%)            0M (0%)            0M (0%)            0M (0%)     
[5.152s][info][gc,heap     ] GC(0) O:      Live:         -                 0M (0%)            0M (0%)            0M (0%)     
[5.152s][info][gc,heap     ] GC(0) O:   Garbage:         -                 0M (0%)            0M (0%)            0M (0%)     
[5.152s][info][gc,heap     ] GC(0) O: Allocated:         -                 0M (0%)            0M (0%)            0M (0%)     
[5.152s][info][gc,heap     ] GC(0) O: Reclaimed:         -                  -                 0M (0%)            0M (0%)     
[5.152s][info][gc,heap     ] GC(0) O: Compacted:         -                  -                  -                 0M (0%)     
[5.152s][info][gc,phases   ] GC(0) O: Old Generation 28M(11%)->28M(11%) 0.003s
[5.152s][info][gc          ] GC(0) Major Collection (Warmup) 26M(10%)->28M(11%) 0.018s
[11.214s][info][gc          ] GC(1) Major Collection (Warmup)
[11.214s][info][gc,task     ] GC(1) Using 2 Workers for Young Generation
[11.214s][info][gc,task     ] GC(1) Using 1 Workers for Old Generation
[11.214s][info][gc,phases   ] GC(1) Y: Young Generation
[11.214s][info][gc,phases   ] GC(1) Y: Pause Mark Start (Major) 0.019ms
[11.220s][info][gc,phases   ] GC(1) Y: Concurrent Mark 5.381ms
[11.220s][info][gc,phases   ] GC(1) Y: Pause Mark End 0.017ms
[11.220s][info][gc,phases   ] GC(1) Y: Concurrent Mark Free 0.007ms
[11.220s][info][gc,phases   ] GC(1) Y: Concurrent Reset Relocation Set 0.001ms
[11.220s][info][gc,reloc    ] GC(1) Y: Using tenuring threshold: 1 (Computed)
[11.223s][info][gc,phases   ] GC(1) Y: Concurrent Select Relocation Set 2.789ms
[11.223s][info][gc,phases   ] GC(1) Y: Pause Relocate Start 0.014ms
[11.230s][info][gc,phases   ] GC(1) Y: Concurrent Relocate 6.759ms
[11.230s][info][gc,alloc    ] GC(1) Y:                         Mark Start        Mark End      Relocate Start    Relocate End   
[11.230s][info][gc,alloc    ] GC(1) Y: Allocation Stalls:          0                0                0                0         
[11.230s][info][gc,load     ] GC(1) Y: Load: 0.00 (0%) / 0.00 (0%) / 0.00 (0%)
[11.230s][info][gc,mmu      ] GC(1) Y: MMU: 2ms/70.6%, 5ms/88.0%, 10ms/93.8%, 20ms/96.8%, 50ms/98.7%, 100ms/99.4%
[11.230s][info][gc,marking  ] GC(1) Y: Mark: 2 stripe(s), 3 proactive flush(es), 1 terminate flush(es), 0 completion(s), 0 continuation(s) 
[11.230s][info][gc,nmethod  ] GC(1) Y: NMethods: 269 registered, 7 unregistered
[11.230s][info][gc,metaspace] GC(1) Y: Metaspace: 0M used, 0M committed, 1088M reserved
[11.231s][info][gc,reloc    ] GC(1) Y:                        Candidates     Selected     In-Place         Size        Empty    Relocated 
[11.231s][info][gc,reloc    ] GC(1) Y: Small Pages:                    3            2            0           6M           0M           1M 
[11.231s][info][gc,reloc    ] GC(1) Y: Medium Pages:                   0            0            0           0M           0M           0M 
[11.231s][info][gc,reloc    ] GC(1) Y: Large Pages:                   23            0            0          46M           0M           0M 
[11.231s][info][gc,reloc    ] GC(1) Y: Forwarding Usage: 0M
[11.231s][info][gc,reloc    ] GC(1) Y: Age Table:
[11.231s][info][gc,reloc    ] GC(1) Y:                    Live             Garbage             Small              Medium             Large        
[11.231s][info][gc,reloc    ] GC(1) Y: Eden              24M (9%)            1M (1%)           1 / 0              0 / 0             12 / 0        
[11.231s][info][gc,reloc    ] GC(1) Y: Survivor 1        23M (9%)            2M (1%)           2 / 2              0 / 0             11 / 0        
[11.231s][info][gc,heap     ] GC(1) Y: Min Capacity: 8M(3%)
[11.231s][info][gc,heap     ] GC(1) Y: Max Capacity: 256M(100%)
[11.231s][info][gc,heap     ] GC(1) Y: Soft Max Capacity: 256M(100%)
[11.231s][info][gc,heap     ] GC(1) Y: Heap Statistics:
[11.231s][info][gc,heap     ] GC(1) Y:                Mark Start          Mark End        Relocate Start      Relocate End           High               Low         
[11.231s][info][gc,heap     ] GC(1) Y:  Capacity:      252M (98%)         252M (98%)         252M (98%)         252M (98%)         252M (98%)         252M (98%)    
[11.231s][info][gc,heap     ] GC(1) Y:      Free:      204M (80%)         202M (79%)         202M (79%)         202M (79%)         204M (80%)         198M (77%)    
[11.231s][info][gc,heap     ] GC(1) Y:      Used:       52M (20%)          54M (21%)          54M (21%)          54M (21%)          58M (23%)          52M (20%)    
[11.231s][info][gc,heap     ] GC(1) Y: Young Generation Statistics:
[11.231s][info][gc,heap     ] GC(1) Y:                Mark Start          Mark End        Relocate Start      Relocate End    
[11.231s][info][gc,heap     ] GC(1) Y:      Used:       52M (20%)          54M (21%)          32M (12%)          28M (11%)    
[11.231s][info][gc,heap     ] GC(1) Y:      Live:         -                47M (18%)          25M (10%)          24M (9%)     
[11.231s][info][gc,heap     ] GC(1) Y:   Garbage:         -                 4M (2%)            4M (2%)            0M (0%)     
[11.231s][info][gc,heap     ] GC(1) Y: Allocated:         -                 2M (1%)            2M (1%)            3M (2%)     
[11.231s][info][gc,heap     ] GC(1) Y: Reclaimed:         -                  -                 0M (0%)            4M (2%)     
[11.231s][info][gc,heap     ] GC(1) Y:  Promoted:         -                  -                22M (9%)           23M (9%)     
[11.231s][info][gc,heap     ] GC(1) Y: Compacted:         -                  -                  -                 0M (0%)     
[11.231s][info][gc,phases   ] GC(1) Y: Young Generation 52M(20%)->54M(21%) 0.016s
[11.231s][info][gc,phases   ] GC(1) O: Old Generation
[11.232s][info][gc,phases   ] GC(1) O: Concurrent Mark 0.986ms
[11.233s][info][gc,phases   ] GC(1) O: Pause Mark End 0.015ms
[11.233s][info][gc,phases   ] GC(1) O: Concurrent Mark Free 0.002ms
[11.234s][info][gc,phases   ] GC(1) O: Concurrent Process Non-Strong 1.429ms
[11.234s][info][gc,phases   ] GC(1) O: Concurrent Reset Relocation Set 0.001ms
[11.234s][info][gc,phases   ] GC(1) O: Concurrent Select Relocation Set 0.131ms
[11.234s][info][gc,task     ] GC(1) O: Using 2 Workers for Old Generation
[11.242s][info][gc,task     ] GC(1) O: Using 1 Workers for Old Generation
[11.242s][info][gc,phases   ] GC(1) O: Concurrent Remap Roots 7.900ms
[11.242s][info][gc,phases   ] GC(1) O: Pause Relocate Start 0.010ms
[11.243s][info][gc,phases   ] GC(1) O: Concurrent Relocate 0.113ms
[11.243s][info][gc,alloc    ] GC(1) O:                         Mark Start        Mark End      Relocate Start    Relocate End   
[11.243s][info][gc,alloc    ] GC(1) O: Allocation Stalls:          0                0                0                0         
[11.243s][info][gc,load     ] GC(1) O: Load: 0.00 (0%) / 0.00 (0%) / 0.00 (0%)
[11.243s][info][gc,mmu      ] GC(1) O: MMU: 2ms/70.6%, 5ms/88.0%, 10ms/93.8%, 20ms/96.8%, 50ms/98.7%, 100ms/99.4%
[11.243s][info][gc,marking  ] GC(1) O: Mark: 1 stripe(s), 1 proactive flush(es), 1 terminate flush(es), 0 completion(s), 0 continuation(s) 
[11.243s][info][gc,nmethod  ] GC(1) O: NMethods: 268 registered, 8 unregistered
[11.243s][info][gc,metaspace] GC(1) O: Metaspace: 0M used, 0M committed, 1088M reserved
[11.243s][info][gc,ref      ] GC(1) O:                       Encountered   Discovered     Enqueued 
[11.243s][info][gc,ref      ] GC(1) O: Soft References:               63            0            0 
[11.243s][info][gc,ref      ] GC(1) O: Weak References:               98            0            0 
[11.243s][info][gc,ref      ] GC(1) O: Final References:               0            0            0 
[11.243s][info][gc,ref      ] GC(1) O: Phantom References:             1            0            0 
[11.243s][info][gc,heap     ] GC(1) O: Min Capacity: 8M(3%)
[11.243s][info][gc,heap     ] GC(1) O: Max Capacity: 256M(100%)
[11.243s][info][gc,heap     ] GC(1) O: Soft Max Capacity: 256M(100%)
[11.243s][info][gc,heap     ] GC(1) O: Heap Statistics:
[11.243s][info][gc,heap     ] GC(1) O:                Mark Start          Mark End        Relocate Start      Relocate End           High               Low         
[11.243s][info][gc,heap     ] GC(1) O:  Capacity:      252M (98%)         252M (98%)         252M (98%)         252M (98%)         252M (98%)         252M (98%)    
[11.243s][info][gc,heap     ] GC(1) O:      Free:      204M (80%)         202M (79%)         202M (79%)         202M (79%)         204M (80%)         198M (77%)    
[11.243s][info][gc,heap     ] GC(1) O:      Used:       52M (20%)          54M (21%)          54M (21%)          54M (21%)          58M (23%)          52M (20%)    
[11.243s][info][gc,heap     ] GC(1) O: Old Generation Statistics:
[11.243s][info][gc,heap     ] GC(1) O:                Mark Start          Mark End        Relocate Start      Relocate End    
[11.243s][info][gc,heap     ] GC(1) O:      Used:        0M (0%)           26M (10%)          26M (10%)          26M (10%)    
[11.243s][info][gc,heap     ] GC(1) O:      Live:         -                 0M (0%)            0M (0%)            0M (0%)     
[11.243s][info][gc,heap     ] GC(1) O:   Garbage:         -                 0M (0%)            0M (0%)            0M (0%)     
[11.243s][info][gc,heap     ] GC(1) O: Allocated:         -                26M (10%)          26M (10%)          26M (10%)    
[11.243s][info][gc,heap     ] GC(1) O: Reclaimed:         -                  -                 0M (0%)            0M (0%)     
[11.243s][info][gc,heap     ] GC(1) O: Compacted:         -                  -                  -                 0M (0%)     
[11.243s][info][gc,phases   ] GC(1) O: Old Generation 54M(21%)->54M(21%) 0.012s
[11.243s][info][gc          ] GC(1) Major Collection (Warmup) 52M(20%)->54M(21%) 0.030s
[17.275s][info][gc          ] GC(2) Major Collection (Warmup)
[17.275s][info][gc,task     ] GC(2) Using 2 Workers for Young Generation
[17.275s][info][gc,task     ] GC(2) Using 1 Workers for Old Generation
[17.275s][info][gc,phases   ] GC(2) Y: Young Generation
[17.275s][info][gc,phases   ] GC(2) Y: Pause Mark Start (Major) 0.013ms
[17.277s][info][gc,phases   ] GC(2) Y: Concurrent Mark 1.470ms
[17.277s][info][gc,phases   ] GC(2) Y: Pause Mark End 0.008ms
[17.277s][info][gc,phases   ] GC(2) Y: Concurrent Mark Free 0.002ms
[17.277s][info][gc,phases   ] GC(2) Y: Concurrent Reset Relocation Set 0.004ms
[17.277s][info][gc,reloc    ] GC(2) Y: Using tenuring threshold: 1 (Computed)
[17.278s][info][gc,phases   ] GC(2) Y: Concurrent Select Relocation Set 0.341ms
[17.278s][info][gc,phases   ] GC(2) Y: Pause Relocate Start 0.008ms
[17.278s][info][gc,phases   ] GC(2) Y: Concurrent Relocate 0.352ms
[17.278s][info][gc,alloc    ] GC(2) Y:                         Mark Start        Mark End      Relocate Start    Relocate End   
[17.278s][info][gc,alloc    ] GC(2) Y: Allocation Stalls:          0                0                0                0         
[17.278s][info][gc,load     ] GC(2) Y: Load: 0.00 (0%) / 0.00 (0%) / 0.00 (0%)
[17.278s][info][gc,mmu      ] GC(2) Y: MMU: 2ms/70.6%, 5ms/88.0%, 10ms/93.8%, 20ms/96.8%, 50ms/98.7%, 100ms/99.4%
[17.278s][info][gc,marking  ] GC(2) Y: Mark: 2 stripe(s), 2 proactive flush(es), 1 terminate flush(es), 0 completion(s), 0 continuation(s) 
[17.278s][info][gc,nmethod  ] GC(2) Y: NMethods: 279 registered, 8 unregistered
[17.278s][info][gc,metaspace] GC(2) Y: Metaspace: 0M used, 0M committed, 1088M reserved
[17.278s][info][gc,reloc    ] GC(2) Y:                        Candidates     Selected     In-Place         Size        Empty    Relocated 
[17.278s][info][gc,reloc    ] GC(2) Y: Small Pages:                    2            1            0           4M           0M           0M 
[17.278s][info][gc,reloc    ] GC(2) Y: Medium Pages:                   0            0            0           0M           0M           0M 
[17.278s][info][gc,reloc    ] GC(2) Y: Large Pages:                   24            0            0          48M           0M           0M 
[17.278s][info][gc,reloc    ] GC(2) Y: Forwarding Usage: 0M
[17.278s][info][gc,reloc    ] GC(2) Y: Age Table:
[17.278s][info][gc,reloc    ] GC(2) Y:                    Live             Garbage             Small              Medium             Large        
[17.278s][info][gc,reloc    ] GC(2) Y: Eden              24M (9%)            1M (1%)           1 / 0              0 / 0             12 / 0        
[17.278s][info][gc,reloc    ] GC(2) Y: Survivor 1        24M (9%)            1M (1%)           1 / 1              0 / 0             12 / 0        
[17.278s][info][gc,heap     ] GC(2) Y: Min Capacity: 8M(3%)
[17.278s][info][gc,heap     ] GC(2) Y: Max Capacity: 256M(100%)
[17.278s][info][gc,heap     ] GC(2) Y: Soft Max Capacity: 256M(100%)
[17.278s][info][gc,heap     ] GC(2) Y: Heap Statistics:
[17.278s][info][gc,heap     ] GC(2) Y:                Mark Start          Mark End        Relocate Start      Relocate End           High               Low         
[17.278s][info][gc,heap     ] GC(2) Y:  Capacity:      252M (98%)         252M (98%)         252M (98%)         252M (98%)         252M (98%)         252M (98%)    
[17.278s][info][gc,heap     ] GC(2) Y:      Free:      178M (70%)         176M (69%)         176M (69%)         176M (69%)         178M (70%)         174M (68%)    
[17.278s][info][gc,heap     ] GC(2) Y:      Used:       78M (30%)          80M (31%)          80M (31%)          80M (31%)          82M (32%)          78M (30%)    
[17.278s][info][gc,heap     ] GC(2) Y: Young Generation Statistics:
[17.279s][info][gc,heap     ] GC(2) Y:                Mark Start          Mark End        Relocate Start      Relocate End    
[17.279s][info][gc,heap     ] GC(2) Y:      Used:       52M (20%)          54M (21%)          30M (12%)          28M (11%)    
[17.279s][info][gc,heap     ] GC(2) Y:      Live:         -                48M (19%)          24M (9%)           24M (9%)     
[17.279s][info][gc,heap     ] GC(2) Y:   Garbage:         -                 3M (2%)            3M (2%)            0M (0%)     
[17.279s][info][gc,heap     ] GC(2) Y: Allocated:         -                 2M (1%)            2M (1%)            3M (2%)     
[17.279s][info][gc,heap     ] GC(2) Y: Reclaimed:         -                  -                 0M (0%)            3M (2%)     
[17.279s][info][gc,heap     ] GC(2) Y:  Promoted:         -                  -                24M (9%)           24M (9%)     
[17.279s][info][gc,heap     ] GC(2) Y: Compacted:         -                  -                  -                 0M (0%)     
[17.279s][info][gc,phases   ] GC(2) Y: Young Generation 78M(30%)->80M(31%) 0.003s
[17.279s][info][gc,phases   ] GC(2) O: Old Generation
[17.283s][info][gc,phases   ] GC(2) O: Concurrent Mark 4.462ms
[17.283s][info][gc,phases   ] GC(2) O: Pause Mark End 0.011ms
[17.283s][info][gc,phases   ] GC(2) O: Concurrent Mark Free 0.003ms
[17.284s][info][gc,phases   ] GC(2) O: Concurrent Process Non-Strong 0.952ms
[17.284s][info][gc,phases   ] GC(2) O: Concurrent Reset Relocation Set 0.001ms
[17.285s][info][gc,phases   ] GC(2) O: Concurrent Select Relocation Set 0.263ms
[17.285s][info][gc,task     ] GC(2) O: Using 2 Workers for Old Generation
[17.285s][info][gc,task     ] GC(2) O: Using 1 Workers for Old Generation
[17.285s][info][gc,phases   ] GC(2) O: Concurrent Remap Roots 0.348ms
[17.285s][info][gc,phases   ] GC(2) O: Pause Relocate Start 0.008ms
[17.289s][info][gc,phases   ] GC(2) O: Concurrent Relocate 3.357ms
[17.289s][info][gc,alloc    ] GC(2) O:                         Mark Start        Mark End      Relocate Start    Relocate End   
[17.289s][info][gc,alloc    ] GC(2) O: Allocation Stalls:          0                0                0                0         
[17.289s][info][gc,load     ] GC(2) O: Load: 0.00 (0%) / 0.00 (0%) / 0.00 (0%)
[17.289s][info][gc,mmu      ] GC(2) O: MMU: 2ms/70.6%, 5ms/88.0%, 10ms/93.8%, 20ms/96.8%, 50ms/98.7%, 100ms/99.4%
[17.289s][info][gc,marking  ] GC(2) O: Mark: 1 stripe(s), 2 proactive flush(es), 1 terminate flush(es), 0 completion(s), 0 continuation(s) 
[17.289s][info][gc,nmethod  ] GC(2) O: NMethods: 279 registered, 8 unregistered
[17.289s][info][gc,metaspace] GC(2) O: Metaspace: 0M used, 0M committed, 1088M reserved
[17.289s][info][gc,ref      ] GC(2) O:                       Encountered   Discovered     Enqueued 
[17.289s][info][gc,ref      ] GC(2) O: Soft References:               63            0            0 
[17.289s][info][gc,ref      ] GC(2) O: Weak References:               98           69            9 
[17.289s][info][gc,ref      ] GC(2) O: Final References:               0            0            0 
[17.289s][info][gc,ref      ] GC(2) O: Phantom References:             1            1            0 
[17.289s][info][gc,reloc    ] GC(2) O:                        Candidates     Selected     In-Place         Size        Empty    Relocated 
[17.289s][info][gc,reloc    ] GC(2) O: Small Pages:                    2            1            0           4M           0M           1M 
[17.289s][info][gc,reloc    ] GC(2) O: Medium Pages:                   0            0            0           0M           0M           0M 
[17.289s][info][gc,reloc    ] GC(2) O: Large Pages:                   11            0            0          22M           0M           0M 
[17.289s][info][gc,reloc    ] GC(2) O: Forwarding Usage: 0M
[17.289s][info][gc,heap     ] GC(2) O: Min Capacity: 8M(3%)
[17.289s][info][gc,heap     ] GC(2) O: Max Capacity: 256M(100%)
[17.289s][info][gc,heap     ] GC(2) O: Soft Max Capacity: 256M(100%)
[17.289s][info][gc,heap     ] GC(2) O: Heap Statistics:
[17.289s][info][gc,heap     ] GC(2) O:                Mark Start          Mark End        Relocate Start      Relocate End           High               Low         
[17.289s][info][gc,heap     ] GC(2) O:  Capacity:      252M (98%)         252M (98%)         252M (98%)         252M (98%)         252M (98%)         252M (98%)    
[17.289s][info][gc,heap     ] GC(2) O:      Free:      178M (70%)         176M (69%)         176M (69%)         178M (70%)         178M (70%)         174M (68%)    
[17.289s][info][gc,heap     ] GC(2) O:      Used:       78M (30%)          80M (31%)          80M (31%)          78M (30%)          82M (32%)          78M (30%)    
[17.289s][info][gc,heap     ] GC(2) O: Old Generation Statistics:
[17.289s][info][gc,heap     ] GC(2) O:                Mark Start          Mark End        Relocate Start      Relocate End    
[17.289s][info][gc,heap     ] GC(2) O:      Used:       26M (10%)          52M (20%)          52M (20%)          50M (20%)    
[17.289s][info][gc,heap     ] GC(2) O:      Live:         -                23M (9%)           23M (9%)           23M (9%)     
[17.289s][info][gc,heap     ] GC(2) O:   Garbage:         -                 2M (1%)            2M (1%)            0M (0%)     
[17.289s][info][gc,heap     ] GC(2) O: Allocated:         -                26M (10%)          26M (10%)          26M (10%)    
[17.289s][info][gc,heap     ] GC(2) O: Reclaimed:         -                  -                 0M (0%)            2M (1%)     
[17.289s][info][gc,heap     ] GC(2) O: Compacted:         -                  -                  -                 1M (1%)     
[17.289s][info][gc,phases   ] GC(2) O: Old Generation 80M(31%)->78M(30%) 0.010s
[17.289s][info][gc          ] GC(2) Major Collection (Warmup) 78M(30%)->78M(30%) 0.014s
[23.833s][info][gc          ] GC(3) Major Collection (Proactive)
[23.834s][info][gc,task     ] GC(3) Using 1 Workers for Young Generation
[23.834s][info][gc,task     ] GC(3) Using 1 Workers for Old Generation
[23.834s][info][gc,phases   ] GC(3) Y: Young Generation
[23.834s][info][gc,phases   ] GC(3) Y: Pause Mark Start (Major) 0.038ms
[23.837s][info][gc,phases   ] GC(3) Y: Concurrent Mark 3.142ms
[23.838s][info][gc,phases   ] GC(3) Y: Pause Mark End 0.025ms
[23.838s][info][gc,phases   ] GC(3) Y: Concurrent Mark Free 0.005ms
[23.838s][info][gc,phases   ] GC(3) Y: Concurrent Reset Relocation Set 0.013ms
[23.838s][info][gc,reloc    ] GC(3) Y: Using tenuring threshold: 1 (Computed)
[23.839s][info][gc,phases   ] GC(3) Y: Concurrent Select Relocation Set 1.388ms
[23.840s][info][gc,phases   ] GC(3) Y: Pause Relocate Start 0.017ms
[23.840s][info][gc,phases   ] GC(3) Y: Concurrent Relocate 0.291ms
[23.840s][info][gc,alloc    ] GC(3) Y:                         Mark Start        Mark End      Relocate Start    Relocate End   
[23.840s][info][gc,alloc    ] GC(3) Y: Allocation Stalls:          0                0                0                0         
[23.840s][info][gc,load     ] GC(3) Y: Load: 0.00 (0%) / 0.00 (0%) / 0.00 (0%)
[23.840s][info][gc,mmu      ] GC(3) Y: MMU: 2ms/70.6%, 5ms/88.0%, 10ms/93.8%, 20ms/96.8%, 50ms/98.7%, 100ms/99.4%
[23.840s][info][gc,marking  ] GC(3) Y: Mark: 1 stripe(s), 2 proactive flush(es), 1 terminate flush(es), 0 completion(s), 0 continuation(s) 
[23.840s][info][gc,nmethod  ] GC(3) Y: NMethods: 292 registered, 8 unregistered
[23.840s][info][gc,metaspace] GC(3) Y: Metaspace: 0M used, 0M committed, 1088M reserved
[23.840s][info][gc,reloc    ] GC(3) Y:                        Candidates     Selected     In-Place         Size        Empty    Relocated 
[23.841s][info][gc,reloc    ] GC(3) Y: Small Pages:                    2            0            0           4M           2M           0M 
[23.841s][info][gc,reloc    ] GC(3) Y: Medium Pages:                   0            0            0           0M           0M           0M 
[23.841s][info][gc,reloc    ] GC(3) Y: Large Pages:                   25            0            0          50M           0M           0M 
[23.841s][info][gc,reloc    ] GC(3) Y: Forwarding Usage: 0M
[23.841s][info][gc,reloc    ] GC(3) Y: Age Table:
[23.841s][info][gc,reloc    ] GC(3) Y:                    Live             Garbage             Small              Medium             Large        
[23.841s][info][gc,reloc    ] GC(3) Y: Eden              26M (10%)           2M (1%)           1 / 0              0 / 0             13 / 0        
[23.841s][info][gc,reloc    ] GC(3) Y: Survivor 1        24M (9%)            1M (1%)           1 / 0              0 / 0             12 / 0        
[23.841s][info][gc,heap     ] GC(3) Y: Min Capacity: 8M(3%)
[23.841s][info][gc,heap     ] GC(3) Y: Max Capacity: 256M(100%)
[23.841s][info][gc,heap     ] GC(3) Y: Soft Max Capacity: 256M(100%)
[23.841s][info][gc,heap     ] GC(3) Y: Heap Statistics:
[23.841s][info][gc,heap     ] GC(3) Y:                Mark Start          Mark End        Relocate Start      Relocate End           High               Low         
[23.841s][info][gc,heap     ] GC(3) Y:  Capacity:      252M (98%)         252M (98%)         252M (98%)         252M (98%)         252M (98%)         252M (98%)    
[23.841s][info][gc,heap     ] GC(3) Y:      Free:      152M (59%)         150M (59%)         152M (59%)         152M (59%)         152M (59%)         150M (59%)    
[23.841s][info][gc,heap     ] GC(3) Y:      Used:      104M (41%)         106M (41%)         104M (41%)         104M (41%)         106M (41%)         104M (41%)    
[23.841s][info][gc,heap     ] GC(3) Y: Young Generation Statistics:
[23.841s][info][gc,heap     ] GC(3) Y:                Mark Start          Mark End        Relocate Start      Relocate End    
[23.841s][info][gc,heap     ] GC(3) Y:      Used:       54M (21%)          56M (22%)          28M (11%)          28M (11%)    
[23.841s][info][gc,heap     ] GC(3) Y:      Live:         -                50M (20%)          26M (10%)          26M (10%)    
[23.841s][info][gc,heap     ] GC(3) Y:   Garbage:         -                 3M (2%)            0M (0%)            0M (0%)     
[23.841s][info][gc,heap     ] GC(3) Y: Allocated:         -                 2M (1%)            2M (1%)            2M (1%)     
[23.841s][info][gc,heap     ] GC(3) Y: Reclaimed:         -                  -                 3M (2%)            3M (2%)     
[23.841s][info][gc,heap     ] GC(3) Y:  Promoted:         -                  -                24M (9%)           24M (9%)     
[23.841s][info][gc,heap     ] GC(3) Y: Compacted:         -                  -                  -                 0M (0%)     
[23.841s][info][gc,phases   ] GC(3) Y: Young Generation 104M(41%)->104M(41%) 0.006s
[23.841s][info][gc,phases   ] GC(3) O: Old Generation
[23.850s][info][gc,phases   ] GC(3) O: Concurrent Mark 8.217ms
[23.850s][info][gc,phases   ] GC(3) O: Pause Mark End 0.020ms
[23.850s][info][gc,phases   ] GC(3) O: Concurrent Mark Free 0.004ms
[23.851s][info][gc,phases   ] GC(3) O: Concurrent Process Non-Strong 1.191ms
[23.851s][info][gc,phases   ] GC(3) O: Concurrent Reset Relocation Set 0.001ms
[23.851s][info][gc,phases   ] GC(3) O: Concurrent Select Relocation Set 0.124ms
[23.851s][info][gc,task     ] GC(3) O: Using 2 Workers for Old Generation
[23.852s][info][gc,task     ] GC(3) O: Using 1 Workers for Old Generation
[23.852s][info][gc,phases   ] GC(3) O: Concurrent Remap Roots 0.482ms
[23.852s][info][gc,phases   ] GC(3) O: Pause Relocate Start 0.009ms
[23.855s][info][gc,phases   ] GC(3) O: Concurrent Relocate 2.918ms
[23.855s][info][gc,alloc    ] GC(3) O:                         Mark Start        Mark End      Relocate Start    Relocate End   
[23.855s][info][gc,alloc    ] GC(3) O: Allocation Stalls:          0                0                0                0         
[23.855s][info][gc,load     ] GC(3) O: Load: 0.00 (0%) / 0.00 (0%) / 0.00 (0%)
[23.855s][info][gc,mmu      ] GC(3) O: MMU: 2ms/70.6%, 5ms/88.0%, 10ms/93.8%, 20ms/96.8%, 50ms/98.7%, 100ms/99.4%
[23.855s][info][gc,marking  ] GC(3) O: Mark: 1 stripe(s), 2 proactive flush(es), 1 terminate flush(es), 0 completion(s), 0 continuation(s) 
[23.855s][info][gc,nmethod  ] GC(3) O: NMethods: 292 registered, 8 unregistered
[23.855s][info][gc,metaspace] GC(3) O: Metaspace: 0M used, 0M committed, 1088M reserved
[23.855s][info][gc,ref      ] GC(3) O:                       Encountered   Discovered     Enqueued 
[23.855s][info][gc,ref      ] GC(3) O: Soft References:               63            0            0 
[23.855s][info][gc,ref      ] GC(3) O: Weak References:               89           60            0 
[23.855s][info][gc,ref      ] GC(3) O: Final References:               0            0            0 
[23.855s][info][gc,ref      ] GC(3) O: Phantom References:             1            1            0 
[23.855s][info][gc,reloc    ] GC(3) O:                        Candidates     Selected     In-Place         Size        Empty    Relocated 
[23.855s][info][gc,reloc    ] GC(3) O: Small Pages:                    2            1            0           4M           0M           1M 
[23.855s][info][gc,reloc    ] GC(3) O: Medium Pages:                   0            0            0           0M           0M           0M 
[23.855s][info][gc,reloc    ] GC(3) O: Large Pages:                   23            0            0          46M           0M           0M 
[23.855s][info][gc,reloc    ] GC(3) O: Forwarding Usage: 0M
[23.855s][info][gc,heap     ] GC(3) O: Min Capacity: 8M(3%)
[23.856s][info][gc,heap     ] GC(3) O: Max Capacity: 256M(100%)
[23.856s][info][gc,heap     ] GC(3) O: Soft Max Capacity: 256M(100%)
[23.856s][info][gc,heap     ] GC(3) O: Heap Statistics:
[23.856s][info][gc,heap     ] GC(3) O:                Mark Start          Mark End        Relocate Start      Relocate End           High               Low         
[23.856s][info][gc,heap     ] GC(3) O:  Capacity:      252M (98%)         252M (98%)         252M (98%)         252M (98%)         252M (98%)         252M (98%)    
[23.856s][info][gc,heap     ] GC(3) O:      Free:      152M (59%)         152M (59%)         152M (59%)         154M (60%)         154M (60%)         150M (59%)    
[23.856s][info][gc,heap     ] GC(3) O:      Used:      104M (41%)         104M (41%)         104M (41%)         102M (40%)         106M (41%)         102M (40%)    
[23.856s][info][gc,heap     ] GC(3) O: Old Generation Statistics:
[23.856s][info][gc,heap     ] GC(3) O:                Mark Start          Mark End        Relocate Start      Relocate End    
[23.856s][info][gc,heap     ] GC(3) O:      Used:       50M (20%)          76M (30%)          76M (30%)          74M (29%)    
[23.856s][info][gc,heap     ] GC(3) O:      Live:         -                47M (18%)          47M (18%)          47M (18%)    
[23.856s][info][gc,heap     ] GC(3) O:   Garbage:         -                 2M (1%)            2M (1%)            0M (0%)     
[23.856s][info][gc,heap     ] GC(3) O: Allocated:         -                26M (10%)          26M (10%)          26M (10%)    
[23.856s][info][gc,heap     ] GC(3) O: Reclaimed:         -                  -                 0M (0%)            2M (1%)     
[23.856s][info][gc,heap     ] GC(3) O: Compacted:         -                  -                  -                 1M (1%)     
[23.856s][info][gc,phases   ] GC(3) O: Old Generation 104M(41%)->102M(40%) 0.014s
[23.856s][info][gc          ] GC(3) Major Collection (Proactive) 104M(41%)->102M(40%) 0.022s
[30.424s][info][gc          ] GC(4) Major Collection (Proactive)
[30.425s][info][gc,task     ] GC(4) Using 1 Workers for Young Generation
[30.425s][info][gc,task     ] GC(4) Using 1 Workers for Old Generation
[30.425s][info][gc,phases   ] GC(4) Y: Young Generation
[30.425s][info][gc,phases   ] GC(4) Y: Pause Mark Start (Major) 0.039ms
[30.430s][info][gc,phases   ] GC(4) Y: Concurrent Mark 4.566ms
[30.430s][info][gc,phases   ] GC(4) Y: Pause Mark End 0.027ms
[30.431s][info][gc,phases   ] GC(4) Y: Concurrent Mark Free 0.008ms
[30.431s][info][gc,phases   ] GC(4) Y: Concurrent Reset Relocation Set 0.023ms
[30.431s][info][gc,reloc    ] GC(4) Y: Using tenuring threshold: 1 (Computed)
[30.433s][info][gc,phases   ] GC(4) Y: Concurrent Select Relocation Set 1.987ms
[30.433s][info][gc,phases   ] GC(4) Y: Pause Relocate Start 0.022ms
[30.434s][info][gc,phases   ] GC(4) Y: Concurrent Relocate 0.736ms
[30.434s][info][gc,alloc    ] GC(4) Y:                         Mark Start        Mark End      Relocate Start    Relocate End   
[30.434s][info][gc,alloc    ] GC(4) Y: Allocation Stalls:          0                0                0                0         
[30.434s][info][gc,load     ] GC(4) Y: Load: 0.00 (0%) / 0.00 (0%) / 0.00 (0%)
[30.434s][info][gc,mmu      ] GC(4) Y: MMU: 2ms/70.6%, 5ms/88.0%, 10ms/93.8%, 20ms/96.8%, 50ms/98.7%, 100ms/99.4%
[30.434s][info][gc,marking  ] GC(4) Y: Mark: 1 stripe(s), 2 proactive flush(es), 1 terminate flush(es), 0 completion(s), 0 continuation(s) 
[30.435s][info][gc,nmethod  ] GC(4) Y: NMethods: 295 registered, 8 unregistered
[30.435s][info][gc,metaspace] GC(4) Y: Metaspace: 0M used, 0M committed, 1088M reserved
[30.435s][info][gc,reloc    ] GC(4) Y:                        Candidates     Selected     In-Place         Size        Empty    Relocated 
[30.435s][info][gc,reloc    ] GC(4) Y: Small Pages:                    1            0            0           2M           0M           0M 
[30.435s][info][gc,reloc    ] GC(4) Y: Medium Pages:                   0            0            0           0M           0M           0M 
[30.435s][info][gc,reloc    ] GC(4) Y: Large Pages:                   26            0            0          52M           0M           0M 
[30.435s][info][gc,reloc    ] GC(4) Y: Forwarding Usage: 0M
[30.435s][info][gc,reloc    ] GC(4) Y: Age Table:
[30.435s][info][gc,reloc    ] GC(4) Y:                    Live             Garbage             Small              Medium             Large        
[30.435s][info][gc,reloc    ] GC(4) Y: Eden              26M (10%)           1M (1%)           1 / 0              0 / 0             13 / 0        
[30.435s][info][gc,reloc    ] GC(4) Y: Survivor 1        26M (10%)           0M (0%)           0 / 0              0 / 0             13 / 0        
[30.435s][info][gc,heap     ] GC(4) Y: Min Capacity: 8M(3%)
[30.435s][info][gc,heap     ] GC(4) Y: Max Capacity: 256M(100%)
[30.435s][info][gc,heap     ] GC(4) Y: Soft Max Capacity: 256M(100%)
[30.435s][info][gc,heap     ] GC(4) Y: Heap Statistics:
[30.435s][info][gc,heap     ] GC(4) Y:                Mark Start          Mark End        Relocate Start      Relocate End           High               Low         
[30.435s][info][gc,heap     ] GC(4) Y:  Capacity:      252M (98%)         252M (98%)         252M (98%)         252M (98%)         252M (98%)         252M (98%)    
[30.435s][info][gc,heap     ] GC(4) Y:      Free:      128M (50%)         126M (49%)         126M (49%)         126M (49%)         128M (50%)         126M (49%)    
[30.435s][info][gc,heap     ] GC(4) Y:      Used:      128M (50%)         130M (51%)         130M (51%)         130M (51%)         130M (51%)         128M (50%)    
[30.435s][info][gc,heap     ] GC(4) Y: Young Generation Statistics:
[30.436s][info][gc,heap     ] GC(4) Y:                Mark Start          Mark End        Relocate Start      Relocate End    
[30.436s][info][gc,heap     ] GC(4) Y:      Used:       54M (21%)          56M (22%)          30M (12%)          30M (12%)    
[30.436s][info][gc,heap     ] GC(4) Y:      Live:         -                52M (20%)          26M (10%)          26M (10%)    
[30.436s][info][gc,heap     ] GC(4) Y:   Garbage:         -                 1M (1%)            1M (1%)            1M (1%)     
[30.436s][info][gc,heap     ] GC(4) Y: Allocated:         -                 2M (1%)            2M (1%)            2M (1%)     
[30.436s][info][gc,heap     ] GC(4) Y: Reclaimed:         -                  -                 0M (0%)            0M (0%)     
[30.436s][info][gc,heap     ] GC(4) Y:  Promoted:         -                  -                26M (10%)          26M (10%)    
[30.436s][info][gc,heap     ] GC(4) Y: Compacted:         -                  -                  -                 0M (0%)     
[30.436s][info][gc,phases   ] GC(4) Y: Young Generation 128M(50%)->130M(51%) 0.010s
[30.436s][info][gc,phases   ] GC(4) O: Old Generation
[30.451s][info][gc,phases   ] GC(4) O: Concurrent Mark 15.124ms
[30.451s][info][gc,phases   ] GC(4) O: Pause Mark End 0.023ms
[30.452s][info][gc,phases   ] GC(4) O: Concurrent Mark Free 0.005ms
[30.454s][info][gc,phases   ] GC(4) O: Concurrent Process Non-Strong 2.025ms
[30.454s][info][gc,phases   ] GC(4) O: Concurrent Reset Relocation Set 0.002ms
[30.454s][info][gc,phases   ] GC(4) O: Concurrent Select Relocation Set 0.214ms
[30.454s][info][gc,task     ] GC(4) O: Using 2 Workers for Old Generation
[30.455s][info][gc,task     ] GC(4) O: Using 1 Workers for Old Generation
[30.455s][info][gc,phases   ] GC(4) O: Concurrent Remap Roots 0.940ms
[30.455s][info][gc,phases   ] GC(4) O: Pause Relocate Start 0.019ms
[30.456s][info][gc,phases   ] GC(4) O: Concurrent Relocate 0.282ms
[30.456s][info][gc,alloc    ] GC(4) O:                         Mark Start        Mark End      Relocate Start    Relocate End   
[30.456s][info][gc,alloc    ] GC(4) O: Allocation Stalls:          0                0                0                0         
[30.456s][info][gc,load     ] GC(4) O: Load: 0.00 (0%) / 0.00 (0%) / 0.00 (0%)
[30.456s][info][gc,mmu      ] GC(4) O: MMU: 2ms/70.6%, 5ms/88.0%, 10ms/93.8%, 20ms/96.8%, 50ms/98.7%, 100ms/99.4%
[30.456s][info][gc,marking  ] GC(4) O: Mark: 1 stripe(s), 2 proactive flush(es), 1 terminate flush(es), 0 completion(s), 0 continuation(s) 
[30.456s][info][gc,nmethod  ] GC(4) O: NMethods: 295 registered, 8 unregistered
[30.456s][info][gc,metaspace] GC(4) O: Metaspace: 0M used, 0M committed, 1088M reserved
[30.456s][info][gc,ref      ] GC(4) O:                       Encountered   Discovered     Enqueued 
[30.456s][info][gc,ref      ] GC(4) O: Soft References:               63            0            0 
[30.456s][info][gc,ref      ] GC(4) O: Weak References:               89           60            0 
[30.456s][info][gc,ref      ] GC(4) O: Final References:               0            0            0 
[30.456s][info][gc,ref      ] GC(4) O: Phantom References:             1            1            0 
[30.456s][info][gc,reloc    ] GC(4) O:                        Candidates     Selected     In-Place         Size        Empty    Relocated 
[30.456s][info][gc,reloc    ] GC(4) O: Small Pages:                    2            0            0           4M           2M           0M 
[30.457s][info][gc,reloc    ] GC(4) O: Medium Pages:                   0            0            0           0M           0M           0M 
[30.457s][info][gc,reloc    ] GC(4) O: Large Pages:                   35            0            0          70M           0M           0M 
[30.457s][info][gc,reloc    ] GC(4) O: Forwarding Usage: 0M
[30.457s][info][gc,heap     ] GC(4) O: Min Capacity: 8M(3%)
[30.457s][info][gc,heap     ] GC(4) O: Max Capacity: 256M(100%)
[30.457s][info][gc,heap     ] GC(4) O: Soft Max Capacity: 256M(100%)
[30.457s][info][gc,heap     ] GC(4) O: Heap Statistics:
[30.457s][info][gc,heap     ] GC(4) O:                Mark Start          Mark End        Relocate Start      Relocate End           High               Low         
[30.457s][info][gc,heap     ] GC(4) O:  Capacity:      252M (98%)         252M (98%)         252M (98%)         252M (98%)         252M (98%)         252M (98%)    
[30.457s][info][gc,heap     ] GC(4) O:      Free:      128M (50%)         126M (49%)         128M (50%)         128M (50%)         128M (50%)         126M (49%)    
[30.457s][info][gc,heap     ] GC(4) O:      Used:      128M (50%)         130M (51%)         128M (50%)         128M (50%)         130M (51%)         128M (50%)    
[30.457s][info][gc,heap     ] GC(4) O: Old Generation Statistics:
[30.457s][info][gc,heap     ] GC(4) O:                Mark Start          Mark End        Relocate Start      Relocate End    
[30.457s][info][gc,heap     ] GC(4) O:      Used:       74M (29%)         100M (39%)          98M (38%)          98M (38%)    
[30.457s][info][gc,heap     ] GC(4) O:      Live:         -                71M (28%)          71M (28%)          71M (28%)    
[30.457s][info][gc,heap     ] GC(4) O:   Garbage:         -                 2M (1%)            0M (0%)            0M (0%)     
[30.457s][info][gc,heap     ] GC(4) O: Allocated:         -                26M (10%)          26M (10%)          26M (10%)    
[30.457s][info][gc,heap     ] GC(4) O: Reclaimed:         -                  -                 2M (1%)            2M (1%)     
[30.457s][info][gc,heap     ] GC(4) O: Compacted:         -                  -                  -                 0M (0%)     
[30.457s][info][gc,phases   ] GC(4) O: Old Generation 130M(51%)->128M(50%) 0.020s
[30.457s][info][gc          ] GC(4) Major Collection (Proactive) 128M(50%)->128M(50%) 0.033s
[36.989s][info][gc          ] GC(5) Major Collection (Proactive)
[36.989s][info][gc,task     ] GC(5) Using 1 Workers for Young Generation
[36.989s][info][gc,task     ] GC(5) Using 1 Workers for Old Generation
[36.989s][info][gc,phases   ] GC(5) Y: Young Generation
[36.990s][info][gc,phases   ] GC(5) Y: Pause Mark Start (Major) 0.021ms
[36.992s][info][gc,phases   ] GC(5) Y: Concurrent Mark 2.045ms
[36.992s][info][gc,phases   ] GC(5) Y: Pause Mark End 0.014ms
[36.992s][info][gc,phases   ] GC(5) Y: Concurrent Mark Free 0.004ms
[36.992s][info][gc,phases   ] GC(5) Y: Concurrent Reset Relocation Set 0.006ms
[36.992s][info][gc,reloc    ] GC(5) Y: Using tenuring threshold: 1 (Computed)
[36.993s][info][gc,phases   ] GC(5) Y: Concurrent Select Relocation Set 0.930ms
[36.993s][info][gc,phases   ] GC(5) Y: Pause Relocate Start 0.017ms
[36.994s][info][gc,phases   ] GC(5) Y: Concurrent Relocate 0.420ms
[36.994s][info][gc,alloc    ] GC(5) Y:                         Mark Start        Mark End      Relocate Start    Relocate End   
[36.994s][info][gc,alloc    ] GC(5) Y: Allocation Stalls:          0                0                0                0         
[36.994s][info][gc,load     ] GC(5) Y: Load: 0.00 (0%) / 0.00 (0%) / 0.00 (0%)
[36.994s][info][gc,mmu      ] GC(5) Y: MMU: 2ms/70.6%, 5ms/88.0%, 10ms/93.8%, 20ms/96.8%, 50ms/98.7%, 100ms/99.4%
[36.994s][info][gc,marking  ] GC(5) Y: Mark: 1 stripe(s), 2 proactive flush(es), 1 terminate flush(es), 0 completion(s), 0 continuation(s) 
[36.994s][info][gc,nmethod  ] GC(5) Y: NMethods: 309 registered, 8 unregistered
[36.994s][info][gc,metaspace] GC(5) Y: Metaspace: 0M used, 0M committed, 1088M reserved
[36.994s][info][gc,reloc    ] GC(5) Y:                        Candidates     Selected     In-Place         Size        Empty    Relocated 
[36.994s][info][gc,reloc    ] GC(5) Y: Small Pages:                    2            1            0           4M           0M           0M 
[36.994s][info][gc,reloc    ] GC(5) Y: Medium Pages:                   0            0            0           0M           0M           0M 
[36.994s][info][gc,reloc    ] GC(5) Y: Large Pages:                   26            0            0          52M           0M           0M 
[36.994s][info][gc,reloc    ] GC(5) Y: Forwarding Usage: 0M
[36.994s][info][gc,reloc    ] GC(5) Y: Age Table:
[36.994s][info][gc,reloc    ] GC(5) Y:                    Live             Garbage             Small              Medium             Large        
[36.994s][info][gc,reloc    ] GC(5) Y: Eden              26M (10%)           1M (1%)           1 / 1              0 / 0             13 / 0        
[36.994s][info][gc,reloc    ] GC(5) Y: Survivor 1        26M (10%)           1M (1%)           1 / 0              0 / 0             13 / 0        
[36.994s][info][gc,heap     ] GC(5) Y: Min Capacity: 8M(3%)
[36.994s][info][gc,heap     ] GC(5) Y: Max Capacity: 256M(100%)
[36.994s][info][gc,heap     ] GC(5) Y: Soft Max Capacity: 256M(100%)
[36.994s][info][gc,heap     ] GC(5) Y: Heap Statistics:
[36.994s][info][gc,heap     ] GC(5) Y:                Mark Start          Mark End        Relocate Start      Relocate End           High               Low         
[36.994s][info][gc,heap     ] GC(5) Y:  Capacity:      252M (98%)         252M (98%)         252M (98%)         252M (98%)         252M (98%)         252M (98%)    
[36.994s][info][gc,heap     ] GC(5) Y:      Free:      102M (40%)         100M (39%)         100M (39%)         100M (39%)         102M (40%)          98M (38%)    
[36.994s][info][gc,heap     ] GC(5) Y:      Used:      154M (60%)         156M (61%)         156M (61%)         156M (61%)         158M (62%)         154M (60%)    
[36.995s][info][gc,heap     ] GC(5) Y: Young Generation Statistics:
[36.995s][info][gc,heap     ] GC(5) Y:                Mark Start          Mark End        Relocate Start      Relocate End    
[36.995s][info][gc,heap     ] GC(5) Y:      Used:       56M (22%)          58M (23%)          32M (12%)          30M (12%)    
[36.995s][info][gc,heap     ] GC(5) Y:      Live:         -                52M (20%)          26M (10%)          26M (10%)    
[36.995s][info][gc,heap     ] GC(5) Y:   Garbage:         -                 3M (2%)            3M (2%)            0M (0%)     
[36.995s][info][gc,heap     ] GC(5) Y: Allocated:         -                 2M (1%)            2M (1%)            3M (2%)     
[36.995s][info][gc,heap     ] GC(5) Y: Reclaimed:         -                  -                 0M (0%)            3M (2%)     
[36.995s][info][gc,heap     ] GC(5) Y:  Promoted:         -                  -                26M (10%)          26M (10%)    
[36.995s][info][gc,heap     ] GC(5) Y: Compacted:         -                  -                  -                 0M (0%)     
[36.995s][info][gc,phases   ] GC(5) Y: Young Generation 154M(60%)->156M(61%) 0.005s
[36.995s][info][gc,phases   ] GC(5) O: Old Generation
[37.001s][info][gc,phases   ] GC(5) O: Concurrent Mark 6.599ms
[37.002s][info][gc,phases   ] GC(5) O: Pause Mark End 0.015ms
[37.002s][info][gc,phases   ] GC(5) O: Concurrent Mark Free 0.006ms
[37.004s][info][gc,phases   ] GC(5) O: Concurrent Process Non-Strong 1.715ms
[37.004s][info][gc,phases   ] GC(5) O: Concurrent Reset Relocation Set 0.001ms
[37.004s][info][gc,phases   ] GC(5) O: Concurrent Select Relocation Set 0.161ms
[37.004s][info][gc,task     ] GC(5) O: Using 2 Workers for Old Generation
[37.005s][info][gc,task     ] GC(5) O: Using 1 Workers for Old Generation
[37.005s][info][gc,phases   ] GC(5) O: Concurrent Remap Roots 0.732ms
[37.005s][info][gc,phases   ] GC(5) O: Pause Relocate Start 0.012ms
[37.005s][info][gc,phases   ] GC(5) O: Concurrent Relocate 0.307ms
[37.005s][info][gc,alloc    ] GC(5) O:                         Mark Start        Mark End      Relocate Start    Relocate End   
[37.005s][info][gc,alloc    ] GC(5) O: Allocation Stalls:          0                0                0                0         
[37.005s][info][gc,load     ] GC(5) O: Load: 0.00 (0%) / 0.00 (0%) / 0.00 (0%)
[37.005s][info][gc,mmu      ] GC(5) O: MMU: 2ms/70.6%, 5ms/88.0%, 10ms/93.8%, 20ms/96.8%, 50ms/98.7%, 100ms/99.4%
[37.005s][info][gc,marking  ] GC(5) O: Mark: 1 stripe(s), 2 proactive flush(es), 1 terminate flush(es), 0 completion(s), 0 continuation(s) 
[37.005s][info][gc,nmethod  ] GC(5) O: NMethods: 308 registered, 9 unregistered
[37.006s][info][gc,metaspace] GC(5) O: Metaspace: 0M used, 0M committed, 1088M reserved
[37.006s][info][gc,ref      ] GC(5) O:                       Encountered   Discovered     Enqueued 
[37.006s][info][gc,ref      ] GC(5) O: Soft References:               63            0            0 
[37.006s][info][gc,ref      ] GC(5) O: Weak References:               89           60            0 
[37.006s][info][gc,ref      ] GC(5) O: Final References:               0            0            0 
[37.006s][info][gc,ref      ] GC(5) O: Phantom References:             1            1            0 
[37.006s][info][gc,reloc    ] GC(5) O:                        Candidates     Selected     In-Place         Size        Empty    Relocated 
[37.006s][info][gc,reloc    ] GC(5) O: Small Pages:                    1            0            0           2M           0M           0M 
[37.006s][info][gc,reloc    ] GC(5) O: Medium Pages:                   0            0            0           0M           0M           0M 
[37.006s][info][gc,reloc    ] GC(5) O: Large Pages:                   48            0            0          96M           0M           0M 
[37.006s][info][gc,reloc    ] GC(5) O: Forwarding Usage: 0M
[37.006s][info][gc,heap     ] GC(5) O: Min Capacity: 8M(3%)
[37.006s][info][gc,heap     ] GC(5) O: Max Capacity: 256M(100%)
[37.006s][info][gc,heap     ] GC(5) O: Soft Max Capacity: 256M(100%)
[37.006s][info][gc,heap     ] GC(5) O: Heap Statistics:
[37.006s][info][gc,heap     ] GC(5) O:                Mark Start          Mark End        Relocate Start      Relocate End           High               Low         
[37.006s][info][gc,heap     ] GC(5) O:  Capacity:      252M (98%)         252M (98%)         252M (98%)         252M (98%)         252M (98%)         252M (98%)    
[37.006s][info][gc,heap     ] GC(5) O:      Free:      102M (40%)         100M (39%)         100M (39%)         100M (39%)         102M (40%)          98M (38%)    
[37.006s][info][gc,heap     ] GC(5) O:      Used:      154M (60%)         156M (61%)         156M (61%)         156M (61%)         158M (62%)         154M (60%)    
[37.006s][info][gc,heap     ] GC(5) O: Old Generation Statistics:
[37.006s][info][gc,heap     ] GC(5) O:                Mark Start          Mark End        Relocate Start      Relocate End    
[37.006s][info][gc,heap     ] GC(5) O:      Used:       98M (38%)         126M (49%)         126M (49%)         126M (49%)    
[37.006s][info][gc,heap     ] GC(5) O:      Live:         -                97M (38%)          97M (38%)          97M (38%)    
[37.007s][info][gc,heap     ] GC(5) O:   Garbage:         -                 0M (0%)            0M (0%)            0M (0%)     
[37.007s][info][gc,heap     ] GC(5) O: Allocated:         -                28M (11%)          28M (11%)          28M (11%)    
[37.007s][info][gc,heap     ] GC(5) O: Reclaimed:         -                  -                 0M (0%)            0M (0%)     
[37.007s][info][gc,heap     ] GC(5) O: Compacted:         -                  -                  -                 0M (0%)     
[37.007s][info][gc,phases   ] GC(5) O: Old Generation 156M(61%)->156M(61%) 0.010s
[37.007s][info][gc          ] GC(5) Major Collection (Proactive) 154M(60%)->156M(61%) 0.018s
[43.556s][info][gc          ] GC(6) Major Collection (Proactive)
[43.557s][info][gc,task     ] GC(6) Using 1 Workers for Young Generation
[43.557s][info][gc,task     ] GC(6) Using 1 Workers for Old Generation
[43.557s][info][gc,phases   ] GC(6) Y: Young Generation
[43.557s][info][gc,phases   ] GC(6) Y: Pause Mark Start (Major) 0.036ms
[43.562s][info][gc,phases   ] GC(6) Y: Concurrent Mark 4.222ms
[43.562s][info][gc,phases   ] GC(6) Y: Pause Mark End 0.025ms
[43.562s][info][gc,phases   ] GC(6) Y: Concurrent Mark Free 0.008ms
[43.562s][info][gc,phases   ] GC(6) Y: Concurrent Reset Relocation Set 0.013ms
[43.562s][info][gc,reloc    ] GC(6) Y: Using tenuring threshold: 1 (Computed)
[43.565s][info][gc,phases   ] GC(6) Y: Concurrent Select Relocation Set 2.550ms
[43.565s][info][gc,phases   ] GC(6) Y: Pause Relocate Start 0.025ms
[43.566s][info][gc,phases   ] GC(6) Y: Concurrent Relocate 0.816ms
[43.567s][info][gc,alloc    ] GC(6) Y:                         Mark Start        Mark End      Relocate Start    Relocate End   
[43.567s][info][gc,alloc    ] GC(6) Y: Allocation Stalls:          0                0                0                0         
[43.567s][info][gc,load     ] GC(6) Y: Load: 0.00 (0%) / 0.00 (0%) / 0.00 (0%)
[43.567s][info][gc,mmu      ] GC(6) Y: MMU: 2ms/70.6%, 5ms/88.0%, 10ms/93.8%, 20ms/96.8%, 50ms/98.7%, 100ms/99.4%
[43.567s][info][gc,marking  ] GC(6) Y: Mark: 1 stripe(s), 2 proactive flush(es), 1 terminate flush(es), 0 completion(s), 0 continuation(s) 
[43.567s][info][gc,nmethod  ] GC(6) Y: NMethods: 308 registered, 9 unregistered
[43.567s][info][gc,metaspace] GC(6) Y: Metaspace: 0M used, 0M committed, 1088M reserved
[43.567s][info][gc,reloc    ] GC(6) Y:                        Candidates     Selected     In-Place         Size        Empty    Relocated 
[43.567s][info][gc,reloc    ] GC(6) Y: Small Pages:                    2            1            0           4M           0M           0M 
[43.567s][info][gc,reloc    ] GC(6) Y: Medium Pages:                   0            0            0           0M           0M           0M 
[43.567s][info][gc,reloc    ] GC(6) Y: Large Pages:                   26            0            0          52M           0M           0M 
[43.567s][info][gc,reloc    ] GC(6) Y: Forwarding Usage: 0M
[43.567s][info][gc,reloc    ] GC(6) Y: Age Table:
[43.567s][info][gc,reloc    ] GC(6) Y:                    Live             Garbage             Small              Medium             Large        
[43.567s][info][gc,reloc    ] GC(6) Y: Eden              26M (10%)           1M (1%)           1 / 1              0 / 0             13 / 0        
[43.567s][info][gc,reloc    ] GC(6) Y: Survivor 1        26M (10%)           1M (1%)           1 / 0              0 / 0             13 / 0        
[43.567s][info][gc,heap     ] GC(6) Y: Min Capacity: 8M(3%)
[43.568s][info][gc,heap     ] GC(6) Y: Max Capacity: 256M(100%)
[43.568s][info][gc,heap     ] GC(6) Y: Soft Max Capacity: 256M(100%)
[43.568s][info][gc,heap     ] GC(6) Y: Heap Statistics:
[43.568s][info][gc,heap     ] GC(6) Y:                Mark Start          Mark End        Relocate Start      Relocate End           High               Low         
[43.568s][info][gc,heap     ] GC(6) Y:  Capacity:      252M (98%)         252M (98%)         252M (98%)         252M (98%)         252M (98%)         252M (98%)    
[43.568s][info][gc,heap     ] GC(6) Y:      Free:       74M (29%)          72M (28%)          72M (28%)          72M (28%)          74M (29%)          70M (27%)    
[43.568s][info][gc,heap     ] GC(6) Y:      Used:      182M (71%)         184M (72%)         184M (72%)         184M (72%)         186M (73%)         182M (71%)    
[43.568s][info][gc,heap     ] GC(6) Y: Young Generation Statistics:
[43.568s][info][gc,heap     ] GC(6) Y:                Mark Start          Mark End        Relocate Start      Relocate End    
[43.568s][info][gc,heap     ] GC(6) Y:      Used:       56M (22%)          58M (23%)          32M (12%)          30M (12%)    
[43.568s][info][gc,heap     ] GC(6) Y:      Live:         -                52M (20%)          26M (10%)          26M (10%)    
[43.568s][info][gc,heap     ] GC(6) Y:   Garbage:         -                 3M (2%)            3M (2%)            0M (0%)     
[43.568s][info][gc,heap     ] GC(6) Y: Allocated:         -                 2M (1%)            2M (1%)            3M (2%)     
[43.568s][info][gc,heap     ] GC(6) Y: Reclaimed:         -                  -                 0M (0%)            3M (2%)     
[43.568s][info][gc,heap     ] GC(6) Y:  Promoted:         -                  -                26M (10%)          26M (10%)    
[43.568s][info][gc,heap     ] GC(6) Y: Compacted:         -                  -                  -                 0M (0%)     
[43.568s][info][gc,phases   ] GC(6) Y: Young Generation 182M(71%)->184M(72%) 0.010s
[43.568s][info][gc,phases   ] GC(6) O: Old Generation
[43.579s][info][gc,phases   ] GC(6) O: Concurrent Mark 10.680ms
[43.579s][info][gc,phases   ] GC(6) O: Pause Mark End 0.028ms
[43.579s][info][gc,phases   ] GC(6) O: Concurrent Mark Free 0.007ms
[43.582s][info][gc,phases   ] GC(6) O: Concurrent Process Non-Strong 1.927ms
[43.582s][info][gc,phases   ] GC(6) O: Concurrent Reset Relocation Set 0.001ms
[43.582s][info][gc,phases   ] GC(6) O: Concurrent Select Relocation Set 0.244ms
[43.582s][info][gc,task     ] GC(6) O: Using 2 Workers for Old Generation
[43.583s][info][gc,task     ] GC(6) O: Using 1 Workers for Old Generation
[43.583s][info][gc,phases   ] GC(6) O: Concurrent Remap Roots 0.882ms
[43.583s][info][gc,phases   ] GC(6) O: Pause Relocate Start 0.018ms
[43.583s][info][gc,phases   ] GC(6) O: Concurrent Relocate 0.219ms
[43.583s][info][gc,alloc    ] GC(6) O:                         Mark Start        Mark End      Relocate Start    Relocate End   
[43.584s][info][gc,alloc    ] GC(6) O: Allocation Stalls:          0                0                0                0         
[43.584s][info][gc,load     ] GC(6) O: Load: 0.00 (0%) / 0.00 (0%) / 0.00 (0%)
[43.584s][info][gc,mmu      ] GC(6) O: MMU: 2ms/70.6%, 5ms/88.0%, 10ms/93.8%, 20ms/96.8%, 50ms/98.7%, 100ms/99.4%
[43.584s][info][gc,marking  ] GC(6) O: Mark: 1 stripe(s), 2 proactive flush(es), 1 terminate flush(es), 0 completion(s), 0 continuation(s) 
[43.584s][info][gc,nmethod  ] GC(6) O: NMethods: 308 registered, 9 unregistered
[43.584s][info][gc,metaspace] GC(6) O: Metaspace: 0M used, 0M committed, 1088M reserved
[43.584s][info][gc,ref      ] GC(6) O:                       Encountered   Discovered     Enqueued 
[43.584s][info][gc,ref      ] GC(6) O: Soft References:               63            0            0 
[43.584s][info][gc,ref      ] GC(6) O: Weak References:               89           60            0 
[43.584s][info][gc,ref      ] GC(6) O: Final References:               0            0            0 
[43.584s][info][gc,ref      ] GC(6) O: Phantom References:             1            1            0 
[43.584s][info][gc,reloc    ] GC(6) O:                        Candidates     Selected     In-Place         Size        Empty    Relocated 
[43.584s][info][gc,reloc    ] GC(6) O: Small Pages:                    2            0            0           4M           2M           0M 
[43.584s][info][gc,reloc    ] GC(6) O: Medium Pages:                   0            0            0           0M           0M           0M 
[43.584s][info][gc,reloc    ] GC(6) O: Large Pages:                   61            0            0         122M           0M           0M 
[43.584s][info][gc,reloc    ] GC(6) O: Forwarding Usage: 0M
[43.584s][info][gc,heap     ] GC(6) O: Min Capacity: 8M(3%)
[43.584s][info][gc,heap     ] GC(6) O: Max Capacity: 256M(100%)
[43.584s][info][gc,heap     ] GC(6) O: Soft Max Capacity: 256M(100%)
[43.584s][info][gc,heap     ] GC(6) O: Heap Statistics:
[43.584s][info][gc,heap     ] GC(6) O:                Mark Start          Mark End        Relocate Start      Relocate End           High               Low         
[43.584s][info][gc,heap     ] GC(6) O:  Capacity:      252M (98%)         252M (98%)         252M (98%)         252M (98%)         252M (98%)         252M (98%)    
[43.584s][info][gc,heap     ] GC(6) O:      Free:       74M (29%)          72M (28%)          74M (29%)          74M (29%)          74M (29%)          70M (27%)    
[43.584s][info][gc,heap     ] GC(6) O:      Used:      182M (71%)         184M (72%)         182M (71%)         182M (71%)         186M (73%)         182M (71%)    
[43.584s][info][gc,heap     ] GC(6) O: Old Generation Statistics:
[43.584s][info][gc,heap     ] GC(6) O:                Mark Start          Mark End        Relocate Start      Relocate End    
[43.584s][info][gc,heap     ] GC(6) O:      Used:      126M (49%)         154M (60%)         152M (59%)         152M (59%)    
[43.584s][info][gc,heap     ] GC(6) O:      Live:         -               123M (48%)         123M (48%)         123M (48%)    
[43.584s][info][gc,heap     ] GC(6) O:   Garbage:         -                 2M (1%)            0M (0%)            0M (0%)     
[43.584s][info][gc,heap     ] GC(6) O: Allocated:         -                28M (11%)          28M (11%)          28M (11%)    
[43.584s][info][gc,heap     ] GC(6) O: Reclaimed:         -                  -                 2M (1%)            2M (1%)     
[43.585s][info][gc,heap     ] GC(6) O: Compacted:         -                  -                  -                 0M (0%)     
[43.585s][info][gc,phases   ] GC(6) O: Old Generation 184M(72%)->182M(71%) 0.015s
[43.585s][info][gc          ] GC(6) Major Collection (Proactive) 182M(71%)->182M(71%) 0.028s
[50.139s][info][gc          ] GC(7) Major Collection (Proactive)
[50.139s][info][gc,task     ] GC(7) Using 1 Workers for Young Generation
[50.139s][info][gc,task     ] GC(7) Using 1 Workers for Old Generation
[50.139s][info][gc,phases   ] GC(7) Y: Young Generation
[50.139s][info][gc,phases   ] GC(7) Y: Pause Mark Start (Major) 0.017ms
[50.141s][info][gc,phases   ] GC(7) Y: Concurrent Mark 1.677ms
[50.141s][info][gc,phases   ] GC(7) Y: Pause Mark End 0.011ms
[50.141s][info][gc,phases   ] GC(7) Y: Concurrent Mark Free 0.002ms
[50.141s][info][gc,phases   ] GC(7) Y: Concurrent Reset Relocation Set 0.005ms
[50.141s][info][gc,reloc    ] GC(7) Y: Using tenuring threshold: 1 (Computed)
[50.142s][info][gc,phases   ] GC(7) Y: Concurrent Select Relocation Set 0.737ms
[50.142s][info][gc,phases   ] GC(7) Y: Pause Relocate Start 0.007ms
[50.142s][info][gc,phases   ] GC(7) Y: Concurrent Relocate 0.151ms
[50.142s][info][gc,alloc    ] GC(7) Y:                         Mark Start        Mark End      Relocate Start    Relocate End   
[50.142s][info][gc,alloc    ] GC(7) Y: Allocation Stalls:          0                0                0                0         
[50.142s][info][gc,load     ] GC(7) Y: Load: 0.00 (0%) / 0.00 (0%) / 0.00 (0%)
[50.142s][info][gc,mmu      ] GC(7) Y: MMU: 2ms/70.6%, 5ms/88.0%, 10ms/93.8%, 20ms/96.8%, 50ms/98.7%, 100ms/99.4%
[50.142s][info][gc,marking  ] GC(7) Y: Mark: 1 stripe(s), 2 proactive flush(es), 1 terminate flush(es), 0 completion(s), 0 continuation(s) 
[50.142s][info][gc,nmethod  ] GC(7) Y: NMethods: 310 registered, 9 unregistered
[50.142s][info][gc,metaspace] GC(7) Y: Metaspace: 0M used, 0M committed, 1088M reserved
[50.142s][info][gc,reloc    ] GC(7) Y:                        Candidates     Selected     In-Place         Size        Empty    Relocated 
[50.142s][info][gc,reloc    ] GC(7) Y: Small Pages:                    2            0            0           4M           2M           0M 
[50.142s][info][gc,reloc    ] GC(7) Y: Medium Pages:                   0            0            0           0M           0M           0M 
[50.142s][info][gc,reloc    ] GC(7) Y: Large Pages:                   26            0            0          52M           0M           0M 
[50.142s][info][gc,reloc    ] GC(7) Y: Forwarding Usage: 0M
[50.142s][info][gc,reloc    ] GC(7) Y: Age Table:
[50.142s][info][gc,reloc    ] GC(7) Y:                    Live             Garbage             Small              Medium             Large        
[50.142s][info][gc,reloc    ] GC(7) Y: Eden              26M (10%)           2M (1%)           1 / 0              0 / 0             13 / 0        
[50.142s][info][gc,reloc    ] GC(7) Y: Survivor 1        26M (10%)           1M (1%)           1 / 0              0 / 0             13 / 0        
[50.142s][info][gc,heap     ] GC(7) Y: Min Capacity: 8M(3%)
[50.142s][info][gc,heap     ] GC(7) Y: Max Capacity: 256M(100%)
[50.142s][info][gc,heap     ] GC(7) Y: Soft Max Capacity: 256M(100%)
[50.142s][info][gc,heap     ] GC(7) Y: Heap Statistics:
[50.142s][info][gc,heap     ] GC(7) Y:                Mark Start          Mark End        Relocate Start      Relocate End           High               Low         
[50.142s][info][gc,heap     ] GC(7) Y:  Capacity:      252M (98%)         252M (98%)         252M (98%)         252M (98%)         252M (98%)         252M (98%)    
[50.142s][info][gc,heap     ] GC(7) Y:      Free:       48M (19%)          46M (18%)          48M (19%)          48M (19%)          48M (19%)          46M (18%)    
[50.142s][info][gc,heap     ] GC(7) Y:      Used:      208M (81%)         210M (82%)         208M (81%)         208M (81%)         210M (82%)         208M (81%)    
[50.142s][info][gc,heap     ] GC(7) Y: Young Generation Statistics:
[50.142s][info][gc,heap     ] GC(7) Y:                Mark Start          Mark End        Relocate Start      Relocate End    
[50.142s][info][gc,heap     ] GC(7) Y:      Used:       56M (22%)          58M (23%)          28M (11%)          28M (11%)    
[50.142s][info][gc,heap     ] GC(7) Y:      Live:         -                52M (20%)          26M (10%)          26M (10%)    
[50.142s][info][gc,heap     ] GC(7) Y:   Garbage:         -                 3M (2%)            0M (0%)            0M (0%)     
[50.142s][info][gc,heap     ] GC(7) Y: Allocated:         -                 2M (1%)            2M (1%)            2M (1%)     
[50.142s][info][gc,heap     ] GC(7) Y: Reclaimed:         -                  -                 3M (2%)            3M (2%)     
[50.142s][info][gc,heap     ] GC(7) Y:  Promoted:         -                  -                26M (10%)          26M (10%)    
[50.142s][info][gc,heap     ] GC(7) Y: Compacted:         -                  -                  -                 0M (0%)     
[50.142s][info][gc,phases   ] GC(7) Y: Young Generation 208M(81%)->208M(81%) 0.003s
[50.142s][info][gc,phases   ] GC(7) O: Old Generation
[50.146s][info][gc,phases   ] GC(7) O: Concurrent Mark 3.166ms
[50.146s][info][gc,phases   ] GC(7) O: Pause Mark End 0.011ms
[50.146s][info][gc,phases   ] GC(7) O: Concurrent Mark Free 0.002ms
[50.147s][info][gc,phases   ] GC(7) O: Concurrent Process Non-Strong 0.791ms
[50.147s][info][gc,phases   ] GC(7) O: Concurrent Reset Relocation Set 0.000ms
[50.147s][info][gc,phases   ] GC(7) O: Concurrent Select Relocation Set 0.220ms
[50.147s][info][gc,task     ] GC(7) O: Using 2 Workers for Old Generation
[50.147s][info][gc,task     ] GC(7) O: Using 1 Workers for Old Generation
[50.147s][info][gc,phases   ] GC(7) O: Concurrent Remap Roots 0.394ms
[50.147s][info][gc,phases   ] GC(7) O: Pause Relocate Start 0.007ms
[50.150s][info][gc,phases   ] GC(7) O: Concurrent Relocate 2.456ms
[50.150s][info][gc,alloc    ] GC(7) O:                         Mark Start        Mark End      Relocate Start    Relocate End   
[50.150s][info][gc,alloc    ] GC(7) O: Allocation Stalls:          0                0                0                0         
[50.150s][info][gc,load     ] GC(7) O: Load: 0.00 (0%) / 0.00 (0%) / 0.00 (0%)
[50.150s][info][gc,mmu      ] GC(7) O: MMU: 2ms/70.6%, 5ms/88.0%, 10ms/93.8%, 20ms/96.8%, 50ms/98.7%, 100ms/99.4%
[50.150s][info][gc,marking  ] GC(7) O: Mark: 1 stripe(s), 2 proactive flush(es), 1 terminate flush(es), 0 completion(s), 0 continuation(s) 
[50.150s][info][gc,nmethod  ] GC(7) O: NMethods: 308 registered, 11 unregistered
[50.150s][info][gc,metaspace] GC(7) O: Metaspace: 0M used, 0M committed, 1088M reserved
[50.150s][info][gc,ref      ] GC(7) O:                       Encountered   Discovered     Enqueued 
[50.150s][info][gc,ref      ] GC(7) O: Soft References:               63            0            0 
[50.150s][info][gc,ref      ] GC(7) O: Weak References:               89           60            0 
[50.150s][info][gc,ref      ] GC(7) O: Final References:               0            0            0 
[50.150s][info][gc,ref      ] GC(7) O: Phantom References:             1            1            0 
[50.150s][info][gc,reloc    ] GC(7) O:                        Candidates     Selected     In-Place         Size        Empty    Relocated 
[50.150s][info][gc,reloc    ] GC(7) O: Small Pages:                    2            1            0           4M           0M           1M 
[50.150s][info][gc,reloc    ] GC(7) O: Medium Pages:                   0            0            0           0M           0M           0M 
[50.150s][info][gc,reloc    ] GC(7) O: Large Pages:                   74            0            0         148M           0M           0M 
[50.150s][info][gc,reloc    ] GC(7) O: Forwarding Usage: 0M
[50.150s][info][gc,heap     ] GC(7) O: Min Capacity: 8M(3%)
[50.150s][info][gc,heap     ] GC(7) O: Max Capacity: 256M(100%)
[50.150s][info][gc,heap     ] GC(7) O: Soft Max Capacity: 256M(100%)
[50.150s][info][gc,heap     ] GC(7) O: Heap Statistics:
[50.150s][info][gc,heap     ] GC(7) O:                Mark Start          Mark End        Relocate Start      Relocate End           High               Low         
[50.150s][info][gc,heap     ] GC(7) O:  Capacity:      252M (98%)         252M (98%)         252M (98%)         252M (98%)         252M (98%)         252M (98%)    
[50.150s][info][gc,heap     ] GC(7) O:      Free:       48M (19%)          48M (19%)          48M (19%)          50M (20%)          50M (20%)          46M (18%)    
[50.150s][info][gc,heap     ] GC(7) O:      Used:      208M (81%)         208M (81%)         208M (81%)         206M (80%)         210M (82%)         206M (80%)    
[50.150s][info][gc,heap     ] GC(7) O: Old Generation Statistics:
[50.150s][info][gc,heap     ] GC(7) O:                Mark Start          Mark End        Relocate Start      Relocate End    
[50.150s][info][gc,heap     ] GC(7) O:      Used:      152M (59%)         180M (70%)         180M (70%)         178M (70%)    
[50.150s][info][gc,heap     ] GC(7) O:      Live:         -               149M (58%)         149M (58%)         149M (58%)    
[50.150s][info][gc,heap     ] GC(7) O:   Garbage:         -                 2M (1%)            2M (1%)            0M (0%)     
[50.150s][info][gc,heap     ] GC(7) O: Allocated:         -                28M (11%)          28M (11%)          28M (11%)    
[50.150s][info][gc,heap     ] GC(7) O: Reclaimed:         -                  -                 0M (0%)            2M (1%)     
[50.150s][info][gc,heap     ] GC(7) O: Compacted:         -                  -                  -                 1M (1%)     
[50.150s][info][gc,phases   ] GC(7) O: Old Generation 208M(81%)->206M(80%) 0.007s
[50.150s][info][gc          ] GC(7) Major Collection (Proactive) 208M(81%)->206M(80%) 0.012s
[56.692s][info][gc          ] GC(8) Major Collection (Proactive)
[56.692s][info][gc,task     ] GC(8) Using 1 Workers for Young Generation
[56.692s][info][gc,task     ] GC(8) Using 1 Workers for Old Generation
[56.692s][info][gc,phases   ] GC(8) Y: Young Generation
[56.692s][info][gc,phases   ] GC(8) Y: Pause Mark Start (Major) 0.017ms
[56.694s][info][gc,phases   ] GC(8) Y: Concurrent Mark 2.240ms
[56.694s][info][gc,phases   ] GC(8) Y: Pause Mark End 0.012ms
[56.694s][info][gc,phases   ] GC(8) Y: Concurrent Mark Free 0.003ms
[56.694s][info][gc,phases   ] GC(8) Y: Concurrent Reset Relocation Set 0.010ms
[56.694s][info][gc,reloc    ] GC(8) Y: Using tenuring threshold: 1 (Computed)
[56.695s][info][gc,phases   ] GC(8) Y: Concurrent Select Relocation Set 0.943ms
[56.695s][info][gc,phases   ] GC(8) Y: Pause Relocate Start 0.009ms
[56.696s][info][gc,phases   ] GC(8) Y: Concurrent Relocate 0.352ms
[56.696s][info][gc,alloc    ] GC(8) Y:                         Mark Start        Mark End      Relocate Start    Relocate End   
[56.696s][info][gc,alloc    ] GC(8) Y: Allocation Stalls:          0                0                0                0         
[56.696s][info][gc,load     ] GC(8) Y: Load: 0.00 (0%) / 0.00 (0%) / 0.00 (0%)
[56.696s][info][gc,mmu      ] GC(8) Y: MMU: 2ms/70.6%, 5ms/88.0%, 10ms/93.8%, 20ms/96.8%, 50ms/98.7%, 100ms/99.4%
[56.696s][info][gc,marking  ] GC(8) Y: Mark: 1 stripe(s), 2 proactive flush(es), 1 terminate flush(es), 0 completion(s), 0 continuation(s) 
[56.696s][info][gc,nmethod  ] GC(8) Y: NMethods: 308 registered, 11 unregistered
[56.696s][info][gc,metaspace] GC(8) Y: Metaspace: 0M used, 0M committed, 1088M reserved
[56.696s][info][gc,reloc    ] GC(8) Y:                        Candidates     Selected     In-Place         Size        Empty    Relocated 
[56.696s][info][gc,reloc    ] GC(8) Y: Small Pages:                    1            0            0           2M           0M           0M 
[56.696s][info][gc,reloc    ] GC(8) Y: Medium Pages:                   0            0            0           0M           0M           0M 
[56.696s][info][gc,reloc    ] GC(8) Y: Large Pages:                   26            0            0          52M           0M           0M 
[56.696s][info][gc,reloc    ] GC(8) Y: Forwarding Usage: 0M
[56.696s][info][gc,reloc    ] GC(8) Y: Age Table:
[56.696s][info][gc,reloc    ] GC(8) Y:                    Live             Garbage             Small              Medium             Large        
[56.696s][info][gc,reloc    ] GC(8) Y: Eden              26M (10%)           1M (1%)           1 / 0              0 / 0             13 / 0        
[56.696s][info][gc,reloc    ] GC(8) Y: Survivor 1        26M (10%)           0M (0%)           0 / 0              0 / 0             13 / 0        
[56.696s][info][gc,heap     ] GC(8) Y: Min Capacity: 8M(3%)
[56.696s][info][gc,heap     ] GC(8) Y: Max Capacity: 256M(100%)
[56.696s][info][gc,heap     ] GC(8) Y: Soft Max Capacity: 256M(100%)
[56.696s][info][gc,heap     ] GC(8) Y: Heap Statistics:
[56.696s][info][gc,heap     ] GC(8) Y:                Mark Start          Mark End        Relocate Start      Relocate End           High               Low         
[56.696s][info][gc,heap     ] GC(8) Y:  Capacity:      252M (98%)         252M (98%)         252M (98%)         252M (98%)         252M (98%)         252M (98%)    
[56.696s][info][gc,heap     ] GC(8) Y:      Free:       24M (9%)           22M (9%)           22M (9%)           22M (9%)           24M (9%)           22M (9%)     
[56.696s][info][gc,heap     ] GC(8) Y:      Used:      232M (91%)         234M (91%)         234M (91%)         234M (91%)         234M (91%)         232M (91%)    
[56.696s][info][gc,heap     ] GC(8) Y: Young Generation Statistics:
[56.696s][info][gc,heap     ] GC(8) Y:                Mark Start          Mark End        Relocate Start      Relocate End    
[56.696s][info][gc,heap     ] GC(8) Y:      Used:       54M (21%)          56M (22%)          30M (12%)          30M (12%)    
[56.696s][info][gc,heap     ] GC(8) Y:      Live:         -                52M (20%)          26M (10%)          26M (10%)    
[56.696s][info][gc,heap     ] GC(8) Y:   Garbage:         -                 1M (1%)            1M (1%)            1M (1%)     
[56.696s][info][gc,heap     ] GC(8) Y: Allocated:         -                 2M (1%)            2M (1%)            2M (1%)     
[56.697s][info][gc,heap     ] GC(8) Y: Reclaimed:         -                  -                 0M (0%)            0M (0%)     
[56.697s][info][gc,heap     ] GC(8) Y:  Promoted:         -                  -                26M (10%)          26M (10%)    
[56.697s][info][gc,heap     ] GC(8) Y: Compacted:         -                  -                  -                 0M (0%)     
[56.697s][info][gc,phases   ] GC(8) Y: Young Generation 232M(91%)->234M(91%) 0.004s
[56.697s][info][gc,phases   ] GC(8) O: Old Generation
[56.701s][info][gc,phases   ] GC(8) O: Concurrent Mark 4.752ms
[56.701s][info][gc,phases   ] GC(8) O: Pause Mark End 0.008ms
[56.702s][info][gc,phases   ] GC(8) O: Concurrent Mark Free 0.002ms
[56.703s][info][gc          ] GC(9) Minor Collection (High Usage)
[56.703s][info][gc,task     ] GC(9) Using 1 Workers for Young Generation
[56.703s][info][gc,phases   ] GC(9) y: Young Generation
[56.703s][info][gc,phases   ] GC(9) y: Pause Mark Start 0.009ms
[56.704s][info][gc,phases   ] GC(8) O: Concurrent Process Non-Strong 1.997ms
[56.704s][info][gc,phases   ] GC(8) O: Concurrent Reset Relocation Set 0.001ms
[56.704s][info][gc,phases   ] GC(8) O: Concurrent Select Relocation Set 0.117ms
[56.704s][info][gc,phases   ] GC(9) y: Concurrent Mark 1.317ms
[56.704s][info][gc,phases   ] GC(9) y: Pause Mark End 0.007ms
[56.705s][info][gc,phases   ] GC(9) y: Concurrent Mark Free 0.001ms
[56.705s][info][gc,phases   ] GC(9) y: Concurrent Reset Relocation Set 0.003ms
[56.705s][info][gc,reloc    ] GC(9) y: Using tenuring threshold: 2 (Computed)
[56.705s][info][gc,phases   ] GC(9) y: Concurrent Select Relocation Set 0.258ms
[56.705s][info][gc,phases   ] GC(9) y: Pause Relocate Start 0.005ms
[56.705s][info][gc,phases   ] GC(9) y: Concurrent Relocate 0.100ms
[56.705s][info][gc,alloc    ] GC(9) y:                         Mark Start        Mark End      Relocate Start    Relocate End   
[56.705s][info][gc,alloc    ] GC(9) y: Allocation Stalls:          0                0                0                0         
[56.705s][info][gc,load     ] GC(9) y: Load: 0.00 (0%) / 0.00 (0%) / 0.00 (0%)
[56.705s][info][gc,mmu      ] GC(9) y: MMU: 2ms/70.6%, 5ms/88.0%, 10ms/93.8%, 20ms/96.8%, 50ms/98.7%, 100ms/99.4%
[56.705s][info][gc,marking  ] GC(9) y: Mark: 1 stripe(s), 1 proactive flush(es), 1 terminate flush(es), 0 completion(s), 0 continuation(s) 
[56.705s][info][gc,nmethod  ] GC(9) y: NMethods: 308 registered, 11 unregistered
[56.705s][info][gc,metaspace] GC(9) y: Metaspace: 0M used, 0M committed, 1088M reserved
[56.705s][info][gc,reloc    ] GC(9) y:                        Candidates     Selected     In-Place         Size        Empty    Relocated 
[56.705s][info][gc,reloc    ] GC(9) y: Small Pages:                    2            0            0           4M           2M           0M 
[56.705s][info][gc,reloc    ] GC(9) y: Medium Pages:                   0            0            0           0M           0M           0M 
[56.705s][info][gc,reloc    ] GC(9) y: Large Pages:                   13            0            0          26M           0M           0M 
[56.705s][info][gc,reloc    ] GC(9) y: Forwarding Usage: 0M
[56.705s][info][gc,reloc    ] GC(9) y: Age Table:
[56.705s][info][gc,reloc    ] GC(9) y:                    Live             Garbage             Small              Medium             Large        
[56.705s][info][gc,reloc    ] GC(9) y: Eden                -                 2M (1%)           1 / 0              0 / 0              0 / 0        
[56.705s][info][gc,reloc    ] GC(9) y: Survivor 1        26M (10%)           1M (1%)           1 / 0              0 / 0             13 / 0        
[56.705s][info][gc,heap     ] GC(9) y: Min Capacity: 8M(3%)
[56.705s][info][gc,heap     ] GC(9) y: Max Capacity: 256M(100%)
[56.705s][info][gc,heap     ] GC(9) y: Soft Max Capacity: 256M(100%)
[56.705s][info][gc,heap     ] GC(9) y: Heap Statistics:
[56.705s][info][gc,heap     ] GC(9) y:                Mark Start          Mark End        Relocate Start      Relocate End           High               Low         
[56.705s][info][gc,heap     ] GC(9) y:  Capacity:      252M (98%)         252M (98%)         252M (98%)         252M (98%)         252M (98%)         252M (98%)    
[56.705s][info][gc,heap     ] GC(9) y:      Free:       22M (9%)           24M (9%)           26M (10%)          26M (10%)          26M (10%)          22M (9%)     
[56.706s][info][gc,heap     ] GC(9) y:      Used:      234M (91%)         232M (91%)         230M (90%)         230M (90%)         234M (91%)         230M (90%)    
[56.706s][info][gc,heap     ] GC(9) y: Young Generation Statistics:
[56.706s][info][gc,heap     ] GC(9) y:                Mark Start          Mark End        Relocate Start      Relocate End    
[56.706s][info][gc,heap     ] GC(9) y:      Used:       30M (12%)          30M (12%)          28M (11%)          28M (11%)    
[56.706s][info][gc,heap     ] GC(9) y:      Live:         -                26M (10%)          26M (10%)          26M (10%)    
[56.706s][info][gc,heap     ] GC(9) y:   Garbage:         -                 3M (2%)            1M (1%)            1M (1%)     
[56.706s][info][gc,heap     ] GC(9) y: Allocated:         -                 0M (0%)            0M (0%)            0M (0%)     
[56.706s][info][gc,heap     ] GC(9) y: Reclaimed:         -                  -                 2M (1%)            2M (1%)     
[56.706s][info][gc,heap     ] GC(9) y:  Promoted:         -                  -                 0M (0%)            0M (0%)     
[56.706s][info][gc,heap     ] GC(9) y: Compacted:         -                  -                  -                 0M (0%)     
[56.706s][info][gc,phases   ] GC(9) y: Young Generation 234M(91%)->230M(90%) 0.002s
[56.706s][info][gc          ] GC(9) Minor Collection (High Usage) 234M(91%)->230M(90%) 0.003s
[56.706s][info][gc,task     ] GC(8) O: Using 2 Workers for Old Generation
[56.706s][info][gc,task     ] GC(8) O: Using 1 Workers for Old Generation
[56.706s][info][gc,phases   ] GC(8) O: Concurrent Remap Roots 0.526ms
[56.706s][info][gc,phases   ] GC(8) O: Pause Relocate Start 0.008ms
[56.706s][info][gc,phases   ] GC(8) O: Concurrent Relocate 0.042ms
[56.706s][info][gc,alloc    ] GC(8) O:                         Mark Start        Mark End      Relocate Start    Relocate End   
[56.707s][info][gc,alloc    ] GC(8) O: Allocation Stalls:          0                0                0                0         
[56.707s][info][gc,load     ] GC(8) O: Load: 0.00 (0%) / 0.00 (0%) / 0.00 (0%)
[56.707s][info][gc,mmu      ] GC(8) O: MMU: 2ms/70.6%, 5ms/88.0%, 10ms/93.8%, 20ms/96.8%, 50ms/98.7%, 100ms/99.4%
[56.707s][info][gc,marking  ] GC(8) O: Mark: 1 stripe(s), 2 proactive flush(es), 1 terminate flush(es), 0 completion(s), 0 continuation(s) 
[56.707s][info][gc,nmethod  ] GC(8) O: NMethods: 308 registered, 11 unregistered
[56.707s][info][gc,metaspace] GC(8) O: Metaspace: 0M used, 0M committed, 1088M reserved
[56.707s][info][gc,ref      ] GC(8) O:                       Encountered   Discovered     Enqueued 
[56.707s][info][gc,ref      ] GC(8) O: Soft References:               61           35           19 
[56.707s][info][gc,ref      ] GC(8) O: Weak References:               89           42            3 
[56.707s][info][gc,ref      ] GC(8) O: Final References:               0            0            0 
[56.707s][info][gc,ref      ] GC(8) O: Phantom References:             1            1            0 
[56.707s][info][gc,reloc    ] GC(8) O:                        Candidates     Selected     In-Place         Size        Empty    Relocated 
[56.707s][info][gc,reloc    ] GC(8) O: Small Pages:                    2            0            0           4M           2M           0M 
[56.707s][info][gc,reloc    ] GC(8) O: Medium Pages:                   0            0            0           0M           0M           0M 
[56.707s][info][gc,reloc    ] GC(8) O: Large Pages:                   87            0            0         174M           0M           0M 
[56.707s][info][gc,reloc    ] GC(8) O: Forwarding Usage: 0M
[56.707s][info][gc,heap     ] GC(8) O: Min Capacity: 8M(3%)
[56.707s][info][gc,heap     ] GC(8) O: Max Capacity: 256M(100%)
[56.707s][info][gc,heap     ] GC(8) O: Soft Max Capacity: 256M(100%)
[56.707s][info][gc,heap     ] GC(8) O: Heap Statistics:
[56.707s][info][gc,heap     ] GC(8) O:                Mark Start          Mark End        Relocate Start      Relocate End           High               Low         
[56.707s][info][gc,heap     ] GC(8) O:  Capacity:      252M (98%)         252M (98%)         252M (98%)         252M (98%)         252M (98%)         252M (98%)    
[56.707s][info][gc,heap     ] GC(8) O:      Free:       24M (9%)           22M (9%)           26M (10%)          26M (10%)          26M (10%)          22M (9%)     
[56.707s][info][gc,heap     ] GC(8) O:      Used:      232M (91%)         234M (91%)         230M (90%)         230M (90%)         234M (91%)         230M (90%)    
[56.707s][info][gc,heap     ] GC(8) O: Old Generation Statistics:
[56.707s][info][gc,heap     ] GC(8) O:                Mark Start          Mark End        Relocate Start      Relocate End    
[56.707s][info][gc,heap     ] GC(8) O:      Used:      178M (70%)         204M (80%)         202M (79%)         202M (79%)    
[56.707s][info][gc,heap     ] GC(8) O:      Live:         -               175M (68%)         175M (68%)         175M (68%)    
[56.707s][info][gc,heap     ] GC(8) O:   Garbage:         -                 2M (1%)            0M (0%)            0M (0%)     
[56.707s][info][gc,heap     ] GC(8) O: Allocated:         -                26M (10%)          26M (10%)          26M (10%)    
[56.707s][info][gc,heap     ] GC(8) O: Reclaimed:         -                  -                 2M (1%)            2M (1%)     
[56.707s][info][gc,heap     ] GC(8) O: Compacted:         -                  -                  -                 0M (0%)     
[56.707s][info][gc,phases   ] GC(8) O: Old Generation 234M(91%)->230M(90%) 0.010s
[56.707s][info][gc          ] GC(8) Major Collection (Proactive) 232M(91%)->230M(90%) 0.015s
[57.194s][info][gc          ] GC(10) Major Collection (Allocation Rate)
[57.195s][info][gc,task     ] GC(10) Using 1 Workers for Young Generation
[57.195s][info][gc,task     ] GC(10) Using 1 Workers for Old Generation
[57.195s][info][gc,phases   ] GC(10) Y: Young Generation
[57.195s][info][gc,phases   ] GC(10) Y: Pause Mark Start (Major) 0.012ms
[57.196s][info][gc,phases   ] GC(10) Y: Concurrent Mark 1.417ms
[57.196s][info][gc,phases   ] GC(10) Y: Pause Mark End 0.012ms
[57.196s][info][gc,phases   ] GC(10) Y: Concurrent Mark Free 0.001ms
[57.196s][info][gc,phases   ] GC(10) Y: Concurrent Reset Relocation Set 0.000ms
[57.196s][info][gc,reloc    ] GC(10) Y: Using tenuring threshold: 1 (Computed)
[57.197s][info][gc,phases   ] GC(10) Y: Concurrent Select Relocation Set 0.376ms
[57.197s][info][gc,phases   ] GC(10) Y: Pause Relocate Start 0.008ms
[57.197s][info][gc,phases   ] GC(10) Y: Concurrent Relocate 0.103ms
[57.197s][info][gc,alloc    ] GC(10) Y:                         Mark Start        Mark End      Relocate Start    Relocate End   
[57.197s][info][gc,alloc    ] GC(10) Y: Allocation Stalls:          0                0                0                0         
[57.197s][info][gc,load     ] GC(10) Y: Load: 0.00 (0%) / 0.00 (0%) / 0.00 (0%)
[57.197s][info][gc,mmu      ] GC(10) Y: MMU: 2ms/70.6%, 5ms/88.0%, 10ms/93.8%, 20ms/96.8%, 50ms/98.7%, 100ms/99.4%
[57.197s][info][gc,marking  ] GC(10) Y: Mark: 1 stripe(s), 2 proactive flush(es), 1 terminate flush(es), 0 completion(s), 0 continuation(s) 
[57.197s][info][gc,nmethod  ] GC(10) Y: NMethods: 308 registered, 11 unregistered
[57.197s][info][gc,metaspace] GC(10) Y: Metaspace: 0M used, 0M committed, 1088M reserved
[57.197s][info][gc,reloc    ] GC(10) Y:                        Candidates     Selected     In-Place         Size        Empty    Relocated 
[57.197s][info][gc,reloc    ] GC(10) Y: Small Pages:                    1            0            0           2M           0M           0M 
[57.197s][info][gc,reloc    ] GC(10) Y: Medium Pages:                   0            0            0           0M           0M           0M 
[57.197s][info][gc,reloc    ] GC(10) Y: Large Pages:                   14            0            0          28M           0M           0M 
[57.197s][info][gc,reloc    ] GC(10) Y: Forwarding Usage: 0M
[57.197s][info][gc,reloc    ] GC(10) Y: Age Table:
[57.197s][info][gc,reloc    ] GC(10) Y:                    Live             Garbage             Small              Medium             Large        
[57.197s][info][gc,reloc    ] GC(10) Y: Eden               2M (1%)            0M (0%)           0 / 0              0 / 0              1 / 0        
[57.197s][info][gc,reloc    ] GC(10) Y: Survivor 1          -                 0M (0%)           0 / 0              0 / 0              0 / 0        
[57.197s][info][gc,reloc    ] GC(10) Y: Survivor 2        26M (10%)           1M (1%)           1 / 0              0 / 0             13 / 0        
[57.197s][info][gc,heap     ] GC(10) Y: Min Capacity: 8M(3%)
[57.197s][info][gc,heap     ] GC(10) Y: Max Capacity: 256M(100%)
[57.197s][info][gc,heap     ] GC(10) Y: Soft Max Capacity: 256M(100%)
[57.197s][info][gc,heap     ] GC(10) Y: Heap Statistics:
[57.197s][info][gc,heap     ] GC(10) Y:                Mark Start          Mark End        Relocate Start      Relocate End           High               Low         
[57.197s][info][gc,heap     ] GC(10) Y:  Capacity:      252M (98%)         252M (98%)         252M (98%)         252M (98%)         252M (98%)         252M (98%)    
[57.197s][info][gc,heap     ] GC(10) Y:      Free:       24M (9%)           22M (9%)           22M (9%)           22M (9%)           24M (9%)           22M (9%)     
[57.197s][info][gc,heap     ] GC(10) Y:      Used:      232M (91%)         234M (91%)         234M (91%)         234M (91%)         234M (91%)         232M (91%)    
[57.197s][info][gc,heap     ] GC(10) Y: Young Generation Statistics:
[57.197s][info][gc,heap     ] GC(10) Y:                Mark Start          Mark End        Relocate Start      Relocate End    
[57.198s][info][gc,heap     ] GC(10) Y:      Used:       30M (12%)          32M (12%)           4M (2%)            4M (2%)     
[57.198s][info][gc,heap     ] GC(10) Y:      Live:         -                28M (11%)           2M (1%)            2M (1%)     
[57.198s][info][gc,heap     ] GC(10) Y:   Garbage:         -                 1M (1%)            0M (0%)            0M (0%)     
[57.198s][info][gc,heap     ] GC(10) Y: Allocated:         -                 2M (1%)            2M (1%)            2M (1%)     
[57.198s][info][gc,heap     ] GC(10) Y: Reclaimed:         -                  -                 1M (1%)            1M (1%)     
[57.198s][info][gc,heap     ] GC(10) Y:  Promoted:         -                  -                26M (10%)          26M (10%)    
[57.198s][info][gc,heap     ] GC(10) Y: Compacted:         -                  -                  -                 0M (0%)     
[57.198s][info][gc,phases   ] GC(10) Y: Young Generation 232M(91%)->234M(91%) 0.002s
[57.198s][info][gc,phases   ] GC(10) O: Old Generation
[57.202s][info][gc,phases   ] GC(10) O: Concurrent Mark 3.830ms
[57.202s][info][gc,phases   ] GC(10) O: Pause Mark End 0.026ms
[57.202s][info][gc,phases   ] GC(10) O: Concurrent Mark Free 0.002ms
[57.203s][info][gc,phases   ] GC(10) O: Concurrent Process Non-Strong 1.293ms
[57.203s][info][gc,phases   ] GC(10) O: Concurrent Reset Relocation Set 0.001ms
[57.203s][info][gc,phases   ] GC(10) O: Concurrent Select Relocation Set 0.065ms
[57.203s][info][gc,task     ] GC(10) O: Using 2 Workers for Old Generation
[57.204s][info][gc,task     ] GC(10) O: Using 1 Workers for Old Generation
[57.204s][info][gc,phases   ] GC(10) O: Concurrent Remap Roots 0.686ms
[57.204s][info][gc,phases   ] GC(10) O: Pause Relocate Start 0.010ms
[57.204s][info][gc,phases   ] GC(10) O: Concurrent Relocate 0.035ms
[57.204s][info][gc,alloc    ] GC(10) O:                         Mark Start        Mark End      Relocate Start    Relocate End   
[57.204s][info][gc,alloc    ] GC(10) O: Allocation Stalls:          0                0                0                0         
[57.205s][info][gc,load     ] GC(10) O: Load: 0.00 (0%) / 0.00 (0%) / 0.00 (0%)
[57.205s][info][gc,mmu      ] GC(10) O: MMU: 2ms/70.6%, 5ms/88.0%, 10ms/93.8%, 20ms/96.8%, 50ms/98.7%, 100ms/99.4%
[57.205s][info][gc,marking  ] GC(10) O: Mark: 1 stripe(s), 2 proactive flush(es), 1 terminate flush(es), 0 completion(s), 0 continuation(s) 
[57.205s][info][gc,nmethod  ] GC(10) O: NMethods: 308 registered, 11 unregistered
[57.205s][info][gc,metaspace] GC(10) O: Metaspace: 0M used, 0M committed, 1088M reserved
[57.205s][info][gc,ref      ] GC(10) O:                       Encountered   Discovered     Enqueued 
[57.205s][info][gc,ref      ] GC(10) O: Soft References:               42           16            0 
[57.205s][info][gc,ref      ] GC(10) O: Weak References:               86           39            0 
[57.205s][info][gc,ref      ] GC(10) O: Final References:               0            0            0 
[57.205s][info][gc,ref      ] GC(10) O: Phantom References:             1            1            0 
[57.205s][info][gc,reloc    ] GC(10) O:                        Candidates     Selected     In-Place         Size        Empty    Relocated 
[57.205s][info][gc,reloc    ] GC(10) O: Small Pages:                    1            0            0           2M           0M           0M 
[57.205s][info][gc,reloc    ] GC(10) O: Medium Pages:                   0            0            0           0M           0M           0M 
[57.205s][info][gc,reloc    ] GC(10) O: Large Pages:                  100            0            0         200M           0M           0M 
[57.205s][info][gc,reloc    ] GC(10) O: Forwarding Usage: 0M
[57.205s][info][gc,heap     ] GC(10) O: Min Capacity: 8M(3%)
[57.205s][info][gc,heap     ] GC(10) O: Max Capacity: 256M(100%)
[57.205s][info][gc,heap     ] GC(10) O: Soft Max Capacity: 256M(100%)
[57.205s][info][gc,heap     ] GC(10) O: Heap Statistics:
[57.205s][info][gc,heap     ] GC(10) O:                Mark Start          Mark End        Relocate Start      Relocate End           High               Low         
[57.205s][info][gc,heap     ] GC(10) O:  Capacity:      252M (98%)         252M (98%)         252M (98%)         252M (98%)         252M (98%)         252M (98%)    
[57.205s][info][gc,heap     ] GC(10) O:      Free:       24M (9%)           22M (9%)           22M (9%)           22M (9%)           24M (9%)           22M (9%)     
[57.205s][info][gc,heap     ] GC(10) O:      Used:      232M (91%)         234M (91%)         234M (91%)         234M (91%)         234M (91%)         232M (91%)    
[57.205s][info][gc,heap     ] GC(10) O: Old Generation Statistics:
[57.205s][info][gc,heap     ] GC(10) O:                Mark Start          Mark End        Relocate Start      Relocate End    
[57.205s][info][gc,heap     ] GC(10) O:      Used:      202M (79%)         230M (90%)         230M (90%)         230M (90%)    
[57.205s][info][gc,heap     ] GC(10) O:      Live:         -               201M (79%)         201M (79%)         201M (79%)    
[57.205s][info][gc,heap     ] GC(10) O:   Garbage:         -                 0M (0%)            0M (0%)            0M (0%)     
[57.205s][info][gc,heap     ] GC(10) O: Allocated:         -                28M (11%)          28M (11%)          28M (11%)    
[57.205s][info][gc,heap     ] GC(10) O: Reclaimed:         -                  -                 0M (0%)            0M (0%)     
[57.205s][info][gc,heap     ] GC(10) O: Compacted:         -                  -                  -                 0M (0%)     
[57.205s][info][gc,phases   ] GC(10) O: Old Generation 234M(91%)->234M(91%) 0.007s
[57.205s][info][gc          ] GC(10) Major Collection (Allocation Rate) 232M(91%)->234M(91%) 0.011s
[59.713s][info][gc          ] GC(11) Minor Collection (Allocation Rate)
[59.713s][info][gc,task     ] GC(11) Using 2 Workers for Young Generation
[59.713s][info][gc,phases   ] GC(11) y: Young Generation
[59.713s][info][gc,phases   ] GC(11) y: Pause Mark Start 0.012ms
[59.714s][info][gc,phases   ] GC(11) y: Concurrent Mark 1.151ms
[59.715s][info][gc,phases   ] GC(11) y: Pause Mark End 0.013ms
[59.715s][info][gc,phases   ] GC(11) y: Concurrent Mark Free 0.002ms
[59.715s][info][gc,phases   ] GC(11) y: Concurrent Reset Relocation Set 0.009ms
[59.715s][info][gc,reloc    ] GC(11) y: Using tenuring threshold: 2 (Computed)
[59.715s][info][gc,phases   ] GC(11) y: Concurrent Select Relocation Set 0.177ms
[59.715s][info][gc,phases   ] GC(11) y: Pause Relocate Start 0.008ms
[59.715s][info][gc,phases   ] GC(11) y: Concurrent Relocate 0.086ms
[59.715s][info][gc,alloc    ] GC(11) y:                         Mark Start        Mark End      Relocate Start    Relocate End   
[59.715s][info][gc,alloc    ] GC(11) y: Allocation Stalls:          0                0                0                0         
[59.715s][info][gc,load     ] GC(11) y: Load: 0.00 (0%) / 0.00 (0%) / 0.00 (0%)
[59.715s][info][gc,mmu      ] GC(11) y: MMU: 2ms/70.6%, 5ms/88.0%, 10ms/93.8%, 20ms/96.8%, 50ms/98.7%, 100ms/99.4%
[59.715s][info][gc,marking  ] GC(11) y: Mark: 2 stripe(s), 2 proactive flush(es), 1 terminate flush(es), 0 completion(s), 0 continuation(s) 
[59.715s][info][gc,nmethod  ] GC(11) y: NMethods: 309 registered, 11 unregistered
[59.715s][info][gc,metaspace] GC(11) y: Metaspace: 0M used, 0M committed, 1088M reserved
[59.715s][info][gc,reloc    ] GC(11) y:                        Candidates     Selected     In-Place         Size        Empty    Relocated 
[59.715s][info][gc,reloc    ] GC(11) y: Small Pages:                    1            0            0           2M           2M           0M 
[59.715s][info][gc,reloc    ] GC(11) y: Medium Pages:                   0            0            0           0M           0M           0M 
[59.715s][info][gc,reloc    ] GC(11) y: Large Pages:                    6            0            0          12M           0M           0M 
[59.715s][info][gc,reloc    ] GC(11) y: Forwarding Usage: 0M
[59.715s][info][gc,reloc    ] GC(11) y: Age Table:
[59.715s][info][gc,reloc    ] GC(11) y:                    Live             Garbage             Small              Medium             Large        
[59.715s][info][gc,reloc    ] GC(11) y: Eden              10M (4%)            2M (1%)           1 / 0              0 / 0              5 / 0        
[59.715s][info][gc,reloc    ] GC(11) y: Survivor 1         2M (1%)            0M (0%)           0 / 0              0 / 0              1 / 0        
[59.716s][info][gc,heap     ] GC(11) y: Min Capacity: 8M(3%)
[59.716s][info][gc,heap     ] GC(11) y: Max Capacity: 256M(100%)
[59.716s][info][gc,heap     ] GC(11) y: Soft Max Capacity: 256M(100%)
[59.716s][info][gc,heap     ] GC(11) y: Heap Statistics:
[59.716s][info][gc,heap     ] GC(11) y:                Mark Start          Mark End        Relocate Start      Relocate End           High               Low         
[59.716s][info][gc,heap     ] GC(11) y:  Capacity:      252M (98%)         252M (98%)         252M (98%)         252M (98%)         252M (98%)         252M (98%)    
[59.716s][info][gc,heap     ] GC(11) y:      Free:       12M (5%)           10M (4%)           12M (5%)           12M (5%)           12M (5%)           10M (4%)     
[59.716s][info][gc,heap     ] GC(11) y:      Used:      244M (95%)         246M (96%)         244M (95%)         244M (95%)         246M (96%)         244M (95%)    
[59.716s][info][gc,heap     ] GC(11) y: Young Generation Statistics:
[59.716s][info][gc,heap     ] GC(11) y:                Mark Start          Mark End        Relocate Start      Relocate End    
[59.716s][info][gc,heap     ] GC(11) y:      Used:       14M (5%)           16M (6%)           14M (5%)           14M (5%)     
[59.716s][info][gc,heap     ] GC(11) y:      Live:         -                12M (5%)           12M (5%)           12M (5%)     
[59.716s][info][gc,heap     ] GC(11) y:   Garbage:         -                 2M (1%)            0M (0%)            0M (0%)     
[59.716s][info][gc,heap     ] GC(11) y: Allocated:         -                 2M (1%)            2M (1%)            2M (1%)     
[59.716s][info][gc,heap     ] GC(11) y: Reclaimed:         -                  -                 2M (1%)            2M (1%)     
[59.716s][info][gc,heap     ] GC(11) y:  Promoted:         -                  -                 0M (0%)            0M (0%)     
[59.716s][info][gc,heap     ] GC(11) y: Compacted:         -                  -                  -                 0M (0%)     
[59.716s][info][gc,phases   ] GC(11) y: Young Generation 244M(95%)->244M(95%) 0.002s
[59.716s][info][gc          ] GC(11) Minor Collection (Allocation Rate) 244M(95%)->244M(95%) 0.003s
[59.716s][info][gc          ] GC(12) Major Collection (Allocation Rate)
[59.716s][info][gc,task     ] GC(12) Using 2 Workers for Young Generation
[59.716s][info][gc,task     ] GC(12) Using 1 Workers for Old Generation
[59.716s][info][gc,phases   ] GC(12) Y: Young Generation
[59.716s][info][gc,phases   ] GC(12) Y: Pause Mark Start (Major) 0.011ms
[59.717s][info][gc,phases   ] GC(12) Y: Concurrent Mark 1.094ms
[59.717s][info][gc,phases   ] GC(12) Y: Pause Mark End 0.014ms
[59.717s][info][gc,phases   ] GC(12) Y: Concurrent Mark Free 0.001ms
[59.717s][info][gc,phases   ] GC(12) Y: Concurrent Reset Relocation Set 0.001ms
[59.717s][info][gc,reloc    ] GC(12) Y: Using tenuring threshold: 3 (Computed)
[59.718s][info][gc,phases   ] GC(12) Y: Concurrent Select Relocation Set 0.144ms
[59.718s][info][gc,phases   ] GC(12) Y: Pause Relocate Start 0.007ms
[59.718s][info][gc,phases   ] GC(12) Y: Concurrent Relocate 0.077ms
[59.718s][info][gc,alloc    ] GC(12) Y:                         Mark Start        Mark End      Relocate Start    Relocate End   
[59.718s][info][gc,alloc    ] GC(12) Y: Allocation Stalls:          0                0                0                0         
[59.718s][info][gc,load     ] GC(12) Y: Load: 0.00 (0%) / 0.00 (0%) / 0.00 (0%)
[59.718s][info][gc,mmu      ] GC(12) Y: MMU: 2ms/70.6%, 5ms/88.0%, 10ms/93.8%, 20ms/96.8%, 50ms/98.7%, 100ms/99.4%
[59.718s][info][gc,marking  ] GC(12) Y: Mark: 2 stripe(s), 1 proactive flush(es), 1 terminate flush(es), 0 completion(s), 0 continuation(s) 
[59.718s][info][gc,nmethod  ] GC(12) Y: NMethods: 309 registered, 11 unregistered
[59.718s][info][gc,metaspace] GC(12) Y: Metaspace: 0M used, 0M committed, 1088M reserved
[59.718s][info][gc,reloc    ] GC(12) Y:                        Candidates     Selected     In-Place         Size        Empty    Relocated 
[59.718s][info][gc,reloc    ] GC(12) Y: Small Pages:                    1            0            0           2M           2M           0M 
[59.718s][info][gc,reloc    ] GC(12) Y: Medium Pages:                   0            0            0           0M           0M           0M 
[59.718s][info][gc,reloc    ] GC(12) Y: Large Pages:                    6            0            0          12M           0M           0M 
[59.718s][info][gc,reloc    ] GC(12) Y: Forwarding Usage: 0M
[59.718s][info][gc,reloc    ] GC(12) Y: Age Table:
[59.718s][info][gc,reloc    ] GC(12) Y:                    Live             Garbage             Small              Medium             Large        
[59.718s][info][gc,reloc    ] GC(12) Y: Eden                -                 2M (1%)           1 / 0              0 / 0              0 / 0        
[59.718s][info][gc,reloc    ] GC(12) Y: Survivor 1        10M (4%)            0M (0%)           0 / 0              0 / 0              5 / 0        
[59.718s][info][gc,reloc    ] GC(12) Y: Survivor 2         2M (1%)            0M (0%)           0 / 0              0 / 0              1 / 0        
[59.718s][info][gc,heap     ] GC(12) Y: Min Capacity: 8M(3%)
[59.718s][info][gc,heap     ] GC(12) Y: Max Capacity: 256M(100%)
[59.718s][info][gc,heap     ] GC(12) Y: Soft Max Capacity: 256M(100%)
[59.718s][info][gc,heap     ] GC(12) Y: Heap Statistics:
[59.718s][info][gc,heap     ] GC(12) Y:                Mark Start          Mark End        Relocate Start      Relocate End           High               Low         
[59.718s][info][gc,heap     ] GC(12) Y:  Capacity:      252M (98%)         252M (98%)         252M (98%)         252M (98%)         252M (98%)         252M (98%)    
[59.718s][info][gc,heap     ] GC(12) Y:      Free:       12M (5%)           12M (5%)           14M (5%)           14M (5%)           14M (5%)           12M (5%)     
[59.718s][info][gc,heap     ] GC(12) Y:      Used:      244M (95%)         244M (95%)         242M (95%)         242M (95%)         244M (95%)         242M (95%)    
[59.718s][info][gc,heap     ] GC(12) Y: Young Generation Statistics:
[59.718s][info][gc,heap     ] GC(12) Y:                Mark Start          Mark End        Relocate Start      Relocate End    
[59.718s][info][gc,heap     ] GC(12) Y:      Used:       14M (5%)           14M (5%)           12M (5%)           12M (5%)     
[59.718s][info][gc,heap     ] GC(12) Y:      Live:         -                12M (5%)           12M (5%)           12M (5%)     
[59.718s][info][gc,heap     ] GC(12) Y:   Garbage:         -                 2M (1%)            0M (0%)            0M (0%)     
[59.718s][info][gc,heap     ] GC(12) Y: Allocated:         -                 0M (0%)            0M (0%)            0M (0%)     
[59.718s][info][gc,heap     ] GC(12) Y: Reclaimed:         -                  -                 2M (1%)            2M (1%)     
[59.718s][info][gc,heap     ] GC(12) Y:  Promoted:         -                  -                 0M (0%)            0M (0%)     
[59.718s][info][gc,heap     ] GC(12) Y: Compacted:         -                  -                  -                 0M (0%)     
[59.718s][info][gc,phases   ] GC(12) Y: Young Generation 244M(95%)->242M(95%) 0.002s
[59.719s][info][gc,phases   ] GC(12) O: Old Generation
[59.723s][info][gc,phases   ] GC(12) O: Concurrent Mark 4.029ms
[59.723s][info][gc,phases   ] GC(12) O: Pause Mark End 0.014ms
[59.723s][info][gc,phases   ] GC(12) O: Concurrent Mark Free 0.002ms
[59.723s][info][gc,phases   ] GC(12) O: Concurrent Process Non-Strong 0.739ms
[59.724s][info][gc,phases   ] GC(12) O: Concurrent Reset Relocation Set 0.000ms
[59.724s][info][gc,phases   ] GC(12) O: Concurrent Select Relocation Set 0.245ms
[59.724s][info][gc,task     ] GC(12) O: Using 2 Workers for Old Generation
[59.724s][info][gc,task     ] GC(12) O: Using 1 Workers for Old Generation
[59.724s][info][gc,phases   ] GC(12) O: Concurrent Remap Roots 0.497ms
[59.724s][info][gc,phases   ] GC(12) O: Pause Relocate Start 0.009ms
[59.728s][info][gc,phases   ] GC(12) O: Concurrent Relocate 3.650ms
[59.728s][info][gc,alloc    ] GC(12) O:                         Mark Start        Mark End      Relocate Start    Relocate End   
[59.728s][info][gc,alloc    ] GC(12) O: Allocation Stalls:          0                0                0                0         
[59.728s][info][gc,load     ] GC(12) O: Load: 0.00 (0%) / 0.00 (0%) / 0.00 (0%)
[59.728s][info][gc,mmu      ] GC(12) O: MMU: 2ms/70.6%, 5ms/88.0%, 10ms/93.8%, 20ms/96.8%, 50ms/98.7%, 100ms/99.4%
[59.728s][info][gc,marking  ] GC(12) O: Mark: 1 stripe(s), 1 proactive flush(es), 1 terminate flush(es), 0 completion(s), 0 continuation(s) 
[59.728s][info][gc,nmethod  ] GC(12) O: NMethods: 308 registered, 12 unregistered
[59.728s][info][gc,metaspace] GC(12) O: Metaspace: 0M used, 0M committed, 1088M reserved
[59.728s][info][gc,ref      ] GC(12) O:                       Encountered   Discovered     Enqueued 
[59.728s][info][gc,ref      ] GC(12) O: Soft References:               42           15            0 
[59.728s][info][gc,ref      ] GC(12) O: Weak References:               86           39            0 
[59.728s][info][gc,ref      ] GC(12) O: Final References:               0            0            0 
[59.728s][info][gc,ref      ] GC(12) O: Phantom References:             1            1            0 
[59.728s][info][gc,reloc    ] GC(12) O:                        Candidates     Selected     In-Place         Size        Empty    Relocated 
[59.728s][info][gc,reloc    ] GC(12) O: Small Pages:                    2            1            0           4M           0M           1M 
[59.728s][info][gc,reloc    ] GC(12) O: Medium Pages:                   0            0            0           0M           0M           0M 
[59.728s][info][gc,reloc    ] GC(12) O: Large Pages:                  113            0            0         226M           0M           0M 
[59.728s][info][gc,reloc    ] GC(12) O: Forwarding Usage: 0M
[59.728s][info][gc,heap     ] GC(12) O: Min Capacity: 8M(3%)
[59.728s][info][gc,heap     ] GC(12) O: Max Capacity: 256M(100%)
[59.728s][info][gc,heap     ] GC(12) O: Soft Max Capacity: 256M(100%)
[59.728s][info][gc,heap     ] GC(12) O: Heap Statistics:
[59.729s][info][gc,heap     ] GC(12) O:                Mark Start          Mark End        Relocate Start      Relocate End           High               Low         
[59.729s][info][gc,heap     ] GC(12) O:  Capacity:      252M (98%)         252M (98%)         252M (98%)         252M (98%)         252M (98%)         252M (98%)    
[59.729s][info][gc,heap     ] GC(12) O:      Free:       12M (5%)           14M (5%)           14M (5%)           16M (6%)           16M (6%)           12M (5%)     
[59.729s][info][gc,heap     ] GC(12) O:      Used:      244M (95%)         242M (95%)         242M (95%)         240M (94%)         244M (95%)         240M (94%)    
[59.729s][info][gc,heap     ] GC(12) O: Old Generation Statistics:
[59.729s][info][gc,heap     ] GC(12) O:                Mark Start          Mark End        Relocate Start      Relocate End    
[59.729s][info][gc,heap     ] GC(12) O:      Used:      230M (90%)         230M (90%)         230M (90%)         228M (89%)    
[59.729s][info][gc,heap     ] GC(12) O:      Live:         -               227M (89%)         227M (89%)         227M (89%)    
[59.729s][info][gc,heap     ] GC(12) O:   Garbage:         -                 2M (1%)            2M (1%)            0M (0%)     
[59.729s][info][gc,heap     ] GC(12) O: Allocated:         -                 0M (0%)            0M (0%)            0M (0%)     
[59.729s][info][gc,heap     ] GC(12) O: Reclaimed:         -                  -                 0M (0%)            2M (1%)     
[59.729s][info][gc,heap     ] GC(12) O: Compacted:         -                  -                  -                 1M (0%)     
[59.729s][info][gc,phases   ] GC(12) O: Old Generation 242M(95%)->240M(94%) 0.010s
[59.729s][info][gc          ] GC(12) Major Collection (Allocation Rate) 244M(95%)->240M(94%) 0.013s
[60.217s][info][gc          ] GC(13) Minor Collection (High Usage)
[60.217s][info][gc,task     ] GC(13) Using 1 Workers for Young Generation
[60.218s][info][gc,phases   ] GC(13) y: Young Generation
[60.218s][info][gc,task     ] Adjusting Workers for Young Generation: 1 -> 2
[60.218s][info][gc,phases   ] GC(13) y: Pause Mark Start 0.047ms
[60.226s][info][gc,phases   ] GC(13) y: Concurrent Mark 7.550ms
[60.226s][info][gc,phases   ] GC(13) y: Pause Mark End 0.034ms
[60.227s][info][gc,phases   ] GC(13) y: Concurrent Mark Free 0.010ms
[60.227s][info][gc,phases   ] GC(13) y: Concurrent Reset Relocation Set 0.002ms
[60.227s][info][gc,reloc    ] GC(13) y: Using tenuring threshold: 4 (Computed)
[60.228s][info][gc,phases   ] GC(13) y: Concurrent Select Relocation Set 1.123ms
[60.229s][info][gc,phases   ] GC(13) y: Pause Relocate Start 0.033ms
[60.230s][info][gc,phases   ] GC(13) y: Concurrent Relocate 0.697ms
[60.230s][info][gc,alloc    ] GC(13) y:                         Mark Start        Mark End      Relocate Start    Relocate End   
[60.230s][info][gc,alloc    ] GC(13) y: Allocation Stalls:          0                0                0                0         
[60.230s][info][gc,load     ] GC(13) y: Load: 0.00 (0%) / 0.00 (0%) / 0.00 (0%)
[60.230s][info][gc,mmu      ] GC(13) y: MMU: 2ms/70.6%, 5ms/88.0%, 10ms/93.8%, 20ms/96.8%, 50ms/98.7%, 100ms/99.4%
[60.230s][info][gc,marking  ] GC(13) y: Mark: 1 stripe(s), 2 proactive flush(es), 1 terminate flush(es), 0 completion(s), 0 continuation(s) 
[60.230s][info][gc,nmethod  ] GC(13) y: NMethods: 308 registered, 12 unregistered
[60.230s][info][gc,metaspace] GC(13) y: Metaspace: 0M used, 0M committed, 1088M reserved
[60.231s][info][gc,reloc    ] GC(13) y:                        Candidates     Selected     In-Place         Size        Empty    Relocated 
[60.231s][info][gc,reloc    ] GC(13) y: Small Pages:                    1            0            0           2M           0M           0M 
[60.231s][info][gc,reloc    ] GC(13) y: Medium Pages:                   0            0            0           0M           0M           0M 
[60.231s][info][gc,reloc    ] GC(13) y: Large Pages:                    7            0            0          14M           0M           0M 
[60.231s][info][gc,reloc    ] GC(13) y: Forwarding Usage: 0M
[60.231s][info][gc,reloc    ] GC(13) y: Age Table:
[60.231s][info][gc,reloc    ] GC(13) y:                    Live             Garbage             Small              Medium             Large        
[60.231s][info][gc,reloc    ] GC(13) y: Eden               2M (1%)            1M (1%)           1 / 0              0 / 0              1 / 0        
[60.231s][info][gc,reloc    ] GC(13) y: Survivor 1          -                 0M (0%)           0 / 0              0 / 0              0 / 0        
[60.231s][info][gc,reloc    ] GC(13) y: Survivor 2        10M (4%)            0M (0%)           0 / 0              0 / 0              5 / 0        
[60.232s][info][gc,reloc    ] GC(13) y: Survivor 3         2M (1%)            0M (0%)           0 / 0              0 / 0              1 / 0        
[60.232s][info][gc,heap     ] GC(13) y: Min Capacity: 8M(3%)
[60.232s][info][gc,heap     ] GC(13) y: Max Capacity: 256M(100%)
[60.232s][info][gc,heap     ] GC(13) y: Soft Max Capacity: 256M(100%)
[60.232s][info][gc,heap     ] GC(13) y: Heap Statistics:
[60.232s][info][gc,heap     ] GC(13) y:                Mark Start          Mark End        Relocate Start      Relocate End           High               Low         
[60.232s][info][gc,heap     ] GC(13) y:  Capacity:      252M (98%)         252M (98%)         252M (98%)         252M (98%)         252M (98%)         252M (98%)    
[60.232s][info][gc,heap     ] GC(13) y:      Free:       12M (5%)           10M (4%)           10M (4%)           10M (4%)           12M (5%)           10M (4%)     
[60.232s][info][gc,heap     ] GC(13) y:      Used:      244M (95%)         246M (96%)         246M (96%)         246M (96%)         246M (96%)         244M (95%)    
[60.232s][info][gc,heap     ] GC(13) y: Young Generation Statistics:
[60.232s][info][gc,heap     ] GC(13) y:                Mark Start          Mark End        Relocate Start      Relocate End    
[60.233s][info][gc,heap     ] GC(13) y:      Used:       16M (6%)           18M (7%)           18M (7%)           18M (7%)     
[60.233s][info][gc,heap     ] GC(13) y:      Live:         -                14M (5%)           14M (5%)           14M (5%)     
[60.233s][info][gc,heap     ] GC(13) y:   Garbage:         -                 1M (1%)            1M (1%)            1M (1%)     
[60.233s][info][gc,heap     ] GC(13) y: Allocated:         -                 2M (1%)            2M (1%)            2M (1%)     
[60.233s][info][gc,heap     ] GC(13) y: Reclaimed:         -                  -                 0M (0%)            0M (0%)     
[60.233s][info][gc,heap     ] GC(13) y:  Promoted:         -                  -                 0M (0%)            0M (0%)     
[60.233s][info][gc,heap     ] GC(13) y: Compacted:         -                  -                  -                 0M (0%)     
[60.233s][info][gc,phases   ] GC(13) y: Young Generation 242M(95%)->246M(96%) 0.012s
[60.234s][info][gc          ] GC(13) Minor Collection (High Usage) 242M(95%)->246M(96%) 0.016s
[60.234s][info][gc          ] GC(14) Major Collection (Allocation Rate)
[60.234s][info][gc,task     ] GC(14) Using 2 Workers for Young Generation
[60.234s][info][gc,task     ] GC(14) Using 1 Workers for Old Generation
[60.234s][info][gc,phases   ] GC(14) Y: Young Generation
[60.235s][info][gc,phases   ] GC(14) Y: Pause Mark Start (Major) 0.050ms
[60.239s][info][gc,phases   ] GC(14) Y: Concurrent Mark 3.688ms
[60.239s][info][gc,phases   ] GC(14) Y: Pause Mark End 0.049ms
[60.239s][info][gc,phases   ] GC(14) Y: Concurrent Mark Free 0.003ms
[60.239s][info][gc,phases   ] GC(14) Y: Concurrent Reset Relocation Set 0.001ms
[60.239s][info][gc,reloc    ] GC(14) Y: Using tenuring threshold: 5 (Computed)
[60.240s][info][gc,phases   ] GC(14) Y: Concurrent Select Relocation Set 0.873ms
[60.240s][info][gc,phases   ] GC(14) Y: Pause Relocate Start 0.017ms
[60.241s][info][gc,phases   ] GC(14) Y: Concurrent Relocate 0.541ms
[60.241s][info][gc,alloc    ] GC(14) Y:                         Mark Start        Mark End      Relocate Start    Relocate End   
[60.241s][info][gc,alloc    ] GC(14) Y: Allocation Stalls:          0                0                0                0         
[60.241s][info][gc,load     ] GC(14) Y: Load: 0.00 (0%) / 0.00 (0%) / 0.00 (0%)
[60.241s][info][gc,mmu      ] GC(14) Y: MMU: 2ms/70.6%, 5ms/88.0%, 10ms/93.8%, 20ms/96.8%, 50ms/98.7%, 100ms/99.4%
[60.241s][info][gc,marking  ] GC(14) Y: Mark: 2 stripe(s), 1 proactive flush(es), 1 terminate flush(es), 0 completion(s), 0 continuation(s) 
[60.241s][info][gc,nmethod  ] GC(14) Y: NMethods: 308 registered, 12 unregistered
[60.241s][info][gc,metaspace] GC(14) Y: Metaspace: 0M used, 0M committed, 1088M reserved
[60.241s][info][gc,reloc    ] GC(14) Y:                        Candidates     Selected     In-Place         Size        Empty    Relocated 
[60.241s][info][gc,reloc    ] GC(14) Y: Small Pages:                    2            0            0           4M           4M           0M 
[60.241s][info][gc,reloc    ] GC(14) Y: Medium Pages:                   0            0            0           0M           0M           0M 
[60.242s][info][gc,reloc    ] GC(14) Y: Large Pages:                    7            0            0          14M           0M           0M 
[60.242s][info][gc,reloc    ] GC(14) Y: Forwarding Usage: 0M
[60.242s][info][gc,reloc    ] GC(14) Y: Age Table:
[60.242s][info][gc,reloc    ] GC(14) Y:                    Live             Garbage             Small              Medium             Large        
[60.242s][info][gc,reloc    ] GC(14) Y: Eden                -                 2M (1%)           1 / 0              0 / 0              0 / 0        
[60.242s][info][gc,reloc    ] GC(14) Y: Survivor 1         2M (1%)            2M (1%)           1 / 0              0 / 0              1 / 0        
[60.242s][info][gc,reloc    ] GC(14) Y: Survivor 2          -                 0M (0%)           0 / 0              0 / 0              0 / 0        
[60.242s][info][gc,reloc    ] GC(14) Y: Survivor 3        10M (4%)            0M (0%)           0 / 0              0 / 0              5 / 0        
[60.242s][info][gc,reloc    ] GC(14) Y: Survivor 4         2M (1%)            0M (0%)           0 / 0              0 / 0              1 / 0        
[60.242s][info][gc,heap     ] GC(14) Y: Min Capacity: 8M(3%)
[60.242s][info][gc,heap     ] GC(14) Y: Max Capacity: 256M(100%)
[60.242s][info][gc,heap     ] GC(14) Y: Soft Max Capacity: 256M(100%)
[60.242s][info][gc,heap     ] GC(14) Y: Heap Statistics:
[60.242s][info][gc,heap     ] GC(14) Y:                Mark Start          Mark End        Relocate Start      Relocate End           High               Low         
[60.242s][info][gc,heap     ] GC(14) Y:  Capacity:      252M (98%)         252M (98%)         252M (98%)         252M (98%)         252M (98%)         252M (98%)    
[60.242s][info][gc,heap     ] GC(14) Y:      Free:       10M (4%)           10M (4%)           14M (5%)           14M (5%)           14M (5%)           10M (4%)     
[60.242s][info][gc,heap     ] GC(14) Y:      Used:      246M (96%)         246M (96%)         242M (95%)         242M (95%)         246M (96%)         242M (95%)    
[60.243s][info][gc,heap     ] GC(14) Y: Young Generation Statistics:
[60.243s][info][gc,heap     ] GC(14) Y:                Mark Start          Mark End        Relocate Start      Relocate End    
[60.243s][info][gc,heap     ] GC(14) Y:      Used:       18M (7%)           18M (7%)           14M (5%)           14M (5%)     
[60.243s][info][gc,heap     ] GC(14) Y:      Live:         -                14M (5%)           14M (5%)           14M (5%)     
[60.243s][info][gc,heap     ] GC(14) Y:   Garbage:         -                 4M (2%)            0M (0%)            0M (0%)     
[60.243s][info][gc,heap     ] GC(14) Y: Allocated:         -                 0M (0%)            0M (0%)            0M (0%)     
[60.243s][info][gc,heap     ] GC(14) Y: Reclaimed:         -                  -                 4M (2%)            4M (2%)     
[60.243s][info][gc,heap     ] GC(14) Y:  Promoted:         -                  -                 0M (0%)            0M (0%)     
[60.243s][info][gc,heap     ] GC(14) Y: Compacted:         -                  -                  -                 0M (0%)     
[60.243s][info][gc,phases   ] GC(14) Y: Young Generation 246M(96%)->242M(95%) 0.007s
[60.243s][info][gc,phases   ] GC(14) O: Old Generation
[60.244s][info][gc          ] GC(15) Minor Collection (High Usage)
[60.244s][info][gc,task     ] GC(15) Using 1 Workers for Young Generation
[60.244s][info][gc,phases   ] GC(15) y: Young Generation
[60.244s][info][gc,phases   ] GC(15) y: Pause Mark Start 0.022ms
[60.247s][info][gc,phases   ] GC(15) y: Concurrent Mark 2.292ms
[60.247s][info][gc,phases   ] GC(15) y: Pause Mark End 0.016ms
[60.247s][info][gc,phases   ] GC(15) y: Concurrent Mark Free 0.002ms
[60.247s][info][gc,phases   ] GC(15) y: Concurrent Reset Relocation Set 0.001ms
[60.247s][info][gc,reloc    ] GC(15) y: Using tenuring threshold: 6 (Computed)
[60.248s][info][gc,phases   ] GC(15) y: Concurrent Select Relocation Set 0.569ms
[60.248s][info][gc,phases   ] GC(15) y: Pause Relocate Start 0.015ms
[60.249s][info][gc,phases   ] GC(15) y: Concurrent Relocate 0.306ms
[60.249s][info][gc,alloc    ] GC(15) y:                         Mark Start        Mark End      Relocate Start    Relocate End   
[60.249s][info][gc,alloc    ] GC(15) y: Allocation Stalls:          0                0                0                0         
[60.249s][info][gc,load     ] GC(15) y: Load: 0.00 (0%) / 0.00 (0%) / 0.00 (0%)
[60.249s][info][gc,mmu      ] GC(15) y: MMU: 2ms/70.6%, 5ms/88.0%, 10ms/93.8%, 20ms/96.8%, 50ms/98.7%, 100ms/99.4%
[60.249s][info][gc,marking  ] GC(15) y: Mark: 1 stripe(s), 1 proactive flush(es), 1 terminate flush(es), 0 completion(s), 0 continuation(s) 
[60.249s][info][gc,nmethod  ] GC(15) y: NMethods: 308 registered, 12 unregistered
[60.249s][info][gc,metaspace] GC(15) y: Metaspace: 0M used, 0M committed, 1088M reserved
[60.249s][info][gc,reloc    ] GC(15) y:                        Candidates     Selected     In-Place         Size        Empty    Relocated 
[60.249s][info][gc,reloc    ] GC(15) y: Small Pages:                    0            0            0           0M           0M           0M 
[60.249s][info][gc,reloc    ] GC(15) y: Medium Pages:                   0            0            0           0M           0M           0M 
[60.249s][info][gc,reloc    ] GC(15) y: Large Pages:                    7            0            0          14M           0M           0M 
[60.249s][info][gc,reloc    ] GC(15) y: Forwarding Usage: 0M
[60.249s][info][gc,reloc    ] GC(15) y: Age Table:
[60.249s][info][gc,reloc    ] GC(15) y:                    Live             Garbage             Small              Medium             Large        
[60.249s][info][gc,reloc    ] GC(15) y: Eden                -                 0M (0%)           0 / 0              0 / 0              0 / 0        
[60.249s][info][gc,reloc    ] GC(15) y: Survivor 1          -                 0M (0%)           0 / 0              0 / 0              0 / 0        
[60.249s][info][gc,reloc    ] GC(15) y: Survivor 2         2M (1%)            0M (0%)           0 / 0              0 / 0              1 / 0        
[60.249s][info][gc,reloc    ] GC(15) y: Survivor 3          -                 0M (0%)           0 / 0              0 / 0              0 / 0        
[60.249s][info][gc,reloc    ] GC(15) y: Survivor 4        10M (4%)            0M (0%)           0 / 0              0 / 0              5 / 0        
[60.249s][info][gc,reloc    ] GC(15) y: Survivor 5         2M (1%)            0M (0%)           0 / 0              0 / 0              1 / 0        
[60.249s][info][gc,heap     ] GC(15) y: Min Capacity: 8M(3%)
[60.249s][info][gc,heap     ] GC(15) y: Max Capacity: 256M(100%)
[60.249s][info][gc,heap     ] GC(15) y: Soft Max Capacity: 256M(100%)
[60.250s][info][gc,heap     ] GC(15) y: Heap Statistics:
[60.250s][info][gc,heap     ] GC(15) y:                Mark Start          Mark End        Relocate Start      Relocate End           High               Low         
[60.250s][info][gc,heap     ] GC(15) y:  Capacity:      252M (98%)         252M (98%)         252M (98%)         252M (98%)         252M (98%)         252M (98%)    
[60.250s][info][gc,heap     ] GC(15) y:      Free:       14M (5%)           14M (5%)           14M (5%)           14M (5%)           14M (5%)           14M (5%)     
[60.250s][info][gc,heap     ] GC(15) y:      Used:      242M (95%)         242M (95%)         242M (95%)         242M (95%)         242M (95%)         242M (95%)    
[60.250s][info][gc,heap     ] GC(15) y: Young Generation Statistics:
[60.250s][info][gc,heap     ] GC(15) y:                Mark Start          Mark End        Relocate Start      Relocate End    
[60.250s][info][gc,heap     ] GC(15) y:      Used:       14M (5%)           14M (5%)           14M (5%)           14M (5%)     
[60.250s][info][gc,heap     ] GC(15) y:      Live:         -                14M (5%)           14M (5%)           14M (5%)     
[60.250s][info][gc,heap     ] GC(15) y:   Garbage:         -                 0M (0%)            0M (0%)            0M (0%)     
[60.250s][info][gc,heap     ] GC(15) y: Allocated:         -                 0M (0%)            0M (0%)            0M (0%)     
[60.250s][info][gc,heap     ] GC(15) y: Reclaimed:         -                  -                 0M (0%)            0M (0%)     
[60.250s][info][gc,heap     ] GC(15) y:  Promoted:         -                  -                 0M (0%)            0M (0%)     
[60.250s][info][gc,heap     ] GC(15) y: Compacted:         -                  -                  -                 0M (0%)     
[60.250s][info][gc,phases   ] GC(15) y: Young Generation 242M(95%)->242M(95%) 0.005s
[60.250s][info][gc          ] GC(15) Minor Collection (High Usage) 242M(95%)->242M(95%) 0.006s
[60.250s][info][gc          ] GC(16) Minor Collection (High Usage)
[60.250s][info][gc,task     ] GC(16) Using 1 Workers for Young Generation
[60.250s][info][gc,phases   ] GC(16) y: Young Generation
[60.251s][info][gc,phases   ] GC(16) y: Pause Mark Start 0.015ms
[60.253s][info][gc,phases   ] GC(16) y: Concurrent Mark 2.245ms
[60.253s][info][gc,phases   ] GC(16) y: Pause Mark End 0.020ms
[60.253s][info][gc,phases   ] GC(16) y: Concurrent Mark Free 0.002ms
[60.253s][info][gc,phases   ] GC(16) y: Concurrent Reset Relocation Set 0.001ms
[60.253s][info][gc,reloc    ] GC(16) y: Using tenuring threshold: 6 (Computed)
[60.254s][info][gc,phases   ] GC(14) O: Concurrent Mark 10.548ms
[60.254s][info][gc,phases   ] GC(14) O: Pause Mark End 0.019ms
[60.254s][info][gc,phases   ] GC(16) y: Concurrent Select Relocation Set 0.380ms
[60.254s][info][gc,phases   ] GC(14) O: Concurrent Mark Free 0.004ms
[60.254s][info][gc,phases   ] GC(16) y: Pause Relocate Start 0.013ms
[60.255s][info][gc,phases   ] GC(16) y: Concurrent Relocate 0.400ms
[60.255s][info][gc,alloc    ] GC(16) y:                         Mark Start        Mark End      Relocate Start    Relocate End   
[60.255s][info][gc,alloc    ] GC(16) y: Allocation Stalls:          0                0                0                0         
[60.255s][info][gc,load     ] GC(16) y: Load: 0.00 (0%) / 0.00 (0%) / 0.00 (0%)
[60.255s][info][gc,mmu      ] GC(16) y: MMU: 2ms/70.6%, 5ms/88.0%, 10ms/93.8%, 20ms/96.8%, 50ms/98.7%, 100ms/99.4%
[60.255s][info][gc,marking  ] GC(16) y: Mark: 1 stripe(s), 1 proactive flush(es), 1 terminate flush(es), 0 completion(s), 0 continuation(s) 
[60.255s][info][gc,nmethod  ] GC(16) y: NMethods: 308 registered, 12 unregistered
[60.255s][info][gc,metaspace] GC(16) y: Metaspace: 0M used, 0M committed, 1088M reserved
[60.255s][info][gc,reloc    ] GC(16) y:                        Candidates     Selected     In-Place         Size        Empty    Relocated 
[60.255s][info][gc,reloc    ] GC(16) y: Small Pages:                    0            0            0           0M           0M           0M 
[60.255s][info][gc,reloc    ] GC(16) y: Medium Pages:                   0            0            0           0M           0M           0M 
[60.255s][info][gc,reloc    ] GC(16) y: Large Pages:                    7            0            0          14M           0M           0M 
[60.255s][info][gc,reloc    ] GC(16) y: Forwarding Usage: 0M
[60.255s][info][gc,reloc    ] GC(16) y: Age Table:
[60.255s][info][gc,reloc    ] GC(16) y:                    Live             Garbage             Small              Medium             Large        
[60.255s][info][gc,reloc    ] GC(16) y: Eden                -                 0M (0%)           0 / 0              0 / 0              0 / 0        
[60.255s][info][gc,reloc    ] GC(16) y: Survivor 1          -                 0M (0%)           0 / 0              0 / 0              0 / 0        
[60.255s][info][gc,reloc    ] GC(16) y: Survivor 2          -                 0M (0%)           0 / 0              0 / 0              0 / 0        
[60.255s][info][gc,reloc    ] GC(16) y: Survivor 3         2M (1%)            0M (0%)           0 / 0              0 / 0              1 / 0        
[60.255s][info][gc,reloc    ] GC(16) y: Survivor 4          -                 0M (0%)           0 / 0              0 / 0              0 / 0        
[60.255s][info][gc,reloc    ] GC(16) y: Survivor 5        10M (4%)            0M (0%)           0 / 0              0 / 0              5 / 0        
[60.255s][info][gc,reloc    ] GC(16) y: Survivor 6         2M (1%)            0M (0%)           0 / 0              0 / 0              1 / 0        
[60.255s][info][gc,heap     ] GC(16) y: Min Capacity: 8M(3%)
[60.255s][info][gc,heap     ] GC(16) y: Max Capacity: 256M(100%)
[60.255s][info][gc,heap     ] GC(16) y: Soft Max Capacity: 256M(100%)
[60.255s][info][gc,heap     ] GC(16) y: Heap Statistics:
[60.255s][info][gc,heap     ] GC(16) y:                Mark Start          Mark End        Relocate Start      Relocate End           High               Low         
[60.255s][info][gc,heap     ] GC(16) y:  Capacity:      252M (98%)         252M (98%)         252M (98%)         252M (98%)         252M (98%)         252M (98%)    
[60.255s][info][gc,heap     ] GC(16) y:      Free:       14M (5%)           14M (5%)           14M (5%)           14M (5%)           14M (5%)           14M (5%)     
[60.256s][info][gc,heap     ] GC(16) y:      Used:      242M (95%)         242M (95%)         242M (95%)         242M (95%)         242M (95%)         242M (95%)    
[60.256s][info][gc,heap     ] GC(16) y: Young Generation Statistics:
[60.256s][info][gc,heap     ] GC(16) y:                Mark Start          Mark End        Relocate Start      Relocate End    
[60.256s][info][gc,heap     ] GC(16) y:      Used:       14M (5%)           14M (5%)           12M (5%)           12M (5%)     
[60.256s][info][gc,heap     ] GC(16) y:      Live:         -                14M (5%)           12M (5%)           12M (5%)     
[60.256s][info][gc,heap     ] GC(16) y:   Garbage:         -                 0M (0%)            0M (0%)            0M (0%)     
[60.256s][info][gc,heap     ] GC(16) y: Allocated:         -                 0M (0%)            0M (0%)            0M (0%)     
[60.256s][info][gc,heap     ] GC(16) y: Reclaimed:         -                  -                 0M (0%)            0M (0%)     
[60.256s][info][gc,heap     ] GC(16) y:  Promoted:         -                  -                 2M (1%)            2M (1%)     
[60.256s][info][gc,heap     ] GC(16) y: Compacted:         -                  -                  -                 0M (0%)     
[60.256s][info][gc,phases   ] GC(16) y: Young Generation 242M(95%)->242M(95%) 0.004s
[60.256s][info][gc,phases   ] GC(14) O: Concurrent Process Non-Strong 1.735ms
[60.256s][info][gc          ] GC(16) Minor Collection (High Usage) 242M(95%)->242M(95%) 0.006s
[60.256s][info][gc,phases   ] GC(14) O: Concurrent Reset Relocation Set 0.002ms
[60.256s][info][gc,phases   ] GC(14) O: Concurrent Select Relocation Set 0.179ms
[60.256s][info][gc,task     ] GC(14) O: Using 2 Workers for Old Generation
[60.257s][info][gc,task     ] GC(14) O: Using 1 Workers for Old Generation
[60.257s][info][gc,phases   ] GC(14) O: Concurrent Remap Roots 1.016ms
[60.258s][info][gc,phases   ] GC(14) O: Pause Relocate Start 0.014ms
[60.258s][info][gc,phases   ] GC(14) O: Concurrent Relocate 0.323ms
[60.258s][info][gc,alloc    ] GC(14) O:                         Mark Start        Mark End      Relocate Start    Relocate End   
[60.258s][info][gc,alloc    ] GC(14) O: Allocation Stalls:          0                0                0                0         
[60.258s][info][gc,load     ] GC(14) O: Load: 0.00 (0%) / 0.00 (0%) / 0.00 (0%)
[60.258s][info][gc,mmu      ] GC(14) O: MMU: 2ms/70.6%, 5ms/88.0%, 10ms/93.8%, 20ms/96.8%, 50ms/98.7%, 100ms/99.4%
[60.258s][info][gc,marking  ] GC(14) O: Mark: 1 stripe(s), 1 proactive flush(es), 1 terminate flush(es), 0 completion(s), 0 continuation(s) 
[60.258s][info][gc,nmethod  ] GC(14) O: NMethods: 308 registered, 12 unregistered
[60.258s][info][gc,metaspace] GC(14) O: Metaspace: 0M used, 0M committed, 1088M reserved
[60.258s][info][gc,ref      ] GC(14) O:                       Encountered   Discovered     Enqueued 
[60.258s][info][gc,ref      ] GC(14) O: Soft References:               42           15            0 
[60.258s][info][gc,ref      ] GC(14) O: Weak References:               86           39            0 
[60.258s][info][gc,ref      ] GC(14) O: Final References:               0            0            0 
[60.258s][info][gc,ref      ] GC(14) O: Phantom References:             1            1            0 
[60.258s][info][gc,reloc    ] GC(14) O:                        Candidates     Selected     In-Place         Size        Empty    Relocated 
[60.259s][info][gc,reloc    ] GC(14) O: Small Pages:                    1            0            0           2M           0M           0M 
[60.259s][info][gc,reloc    ] GC(14) O: Medium Pages:                   0            0            0           0M           0M           0M 
[60.259s][info][gc,reloc    ] GC(14) O: Large Pages:                  113            0            0         226M           0M           0M 
[60.259s][info][gc,reloc    ] GC(14) O: Forwarding Usage: 0M
[60.259s][info][gc,heap     ] GC(14) O: Min Capacity: 8M(3%)
[60.259s][info][gc,heap     ] GC(14) O: Max Capacity: 256M(100%)
[60.259s][info][gc,heap     ] GC(14) O: Soft Max Capacity: 256M(100%)
[60.259s][info][gc,heap     ] GC(14) O: Heap Statistics:
[60.259s][info][gc,heap     ] GC(14) O:                Mark Start          Mark End        Relocate Start      Relocate End           High               Low         
[60.259s][info][gc,heap     ] GC(14) O:  Capacity:      252M (98%)         252M (98%)         252M (98%)         252M (98%)         252M (98%)         252M (98%)    
[60.259s][info][gc,heap     ] GC(14) O:      Free:       10M (4%)           14M (5%)           14M (5%)           14M (5%)           14M (5%)           10M (4%)     
[60.259s][info][gc,heap     ] GC(14) O:      Used:      246M (96%)         242M (95%)         242M (95%)         242M (95%)         246M (96%)         242M (95%)    
[60.259s][info][gc,heap     ] GC(14) O: Old Generation Statistics:
[60.259s][info][gc,heap     ] GC(14) O:                Mark Start          Mark End        Relocate Start      Relocate End    
[60.259s][info][gc,heap     ] GC(14) O:      Used:      228M (89%)         230M (90%)         230M (90%)         230M (90%)    
[60.259s][info][gc,heap     ] GC(14) O:      Live:         -               227M (89%)         227M (89%)         227M (89%)    
[60.259s][info][gc,heap     ] GC(14) O:   Garbage:         -                 0M (0%)            0M (0%)            0M (0%)     
[60.259s][info][gc,heap     ] GC(14) O: Allocated:         -                 2M (1%)            2M (1%)            2M (1%)     
[60.259s][info][gc,heap     ] GC(14) O: Reclaimed:         -                  -                 0M (0%)            0M (0%)     
[60.259s][info][gc,heap     ] GC(14) O: Compacted:         -                  -                  -                 0M (0%)     
[60.259s][info][gc,phases   ] GC(14) O: Old Generation 242M(95%)->242M(95%) 0.015s
[60.259s][info][gc          ] GC(14) Major Collection (Allocation Rate) 246M(96%)->242M(95%) 0.025s
[60.726s][info][gc          ] GC(17) Major Collection (Allocation Rate)
[60.726s][info][gc,task     ] GC(17) Using 2 Workers for Young Generation
[60.726s][info][gc,task     ] GC(17) Using 1 Workers for Old Generation
[60.726s][info][gc,phases   ] GC(17) Y: Young Generation
[60.727s][info][gc,phases   ] GC(17) Y: Pause Mark Start (Major) 0.038ms
[60.731s][info][gc,phases   ] GC(17) Y: Concurrent Mark 4.369ms
[60.732s][info][gc,phases   ] GC(17) Y: Pause Mark End 0.029ms
[60.732s][info][gc,phases   ] GC(17) Y: Concurrent Mark Free 0.008ms
[60.732s][info][gc,phases   ] GC(17) Y: Concurrent Reset Relocation Set 0.007ms
[60.732s][info][gc,reloc    ] GC(17) Y: Using tenuring threshold: 1 (Computed)
[60.733s][info][gc,phases   ] GC(17) Y: Concurrent Select Relocation Set 1.302ms
[60.734s][info][gc,phases   ] GC(17) Y: Pause Relocate Start 0.029ms
[60.735s][info][gc,phases   ] GC(17) Y: Concurrent Relocate 0.481ms
[60.735s][info][gc,alloc    ] GC(17) Y:                         Mark Start        Mark End      Relocate Start    Relocate End   
[60.735s][info][gc,alloc    ] GC(17) Y: Allocation Stalls:          0                0                0                0         
[60.735s][info][gc,load     ] GC(17) Y: Load: 0.00 (0%) / 0.00 (0%) / 0.00 (0%)
[60.735s][info][gc,mmu      ] GC(17) Y: MMU: 2ms/70.6%, 5ms/88.0%, 10ms/93.8%, 20ms/96.8%, 50ms/98.7%, 100ms/99.4%
[60.735s][info][gc,marking  ] GC(17) Y: Mark: 2 stripe(s), 2 proactive flush(es), 1 terminate flush(es), 0 completion(s), 0 continuation(s) 
[60.735s][info][gc,nmethod  ] GC(17) Y: NMethods: 308 registered, 12 unregistered
[60.735s][info][gc,metaspace] GC(17) Y: Metaspace: 0M used, 0M committed, 1088M reserved
[60.736s][info][gc,reloc    ] GC(17) Y:                        Candidates     Selected     In-Place         Size        Empty    Relocated 
[60.736s][info][gc,reloc    ] GC(17) Y: Small Pages:                    0            0            0           0M           0M           0M 
[60.736s][info][gc,reloc    ] GC(17) Y: Medium Pages:                   0            0            0           0M           0M           0M 
[60.736s][info][gc,reloc    ] GC(17) Y: Large Pages:                    7            0            0          14M           0M           0M 
[60.736s][info][gc,reloc    ] GC(17) Y: Forwarding Usage: 0M
[60.736s][info][gc,reloc    ] GC(17) Y: Age Table:
[60.736s][info][gc,reloc    ] GC(17) Y:                    Live             Garbage             Small              Medium             Large        
[60.736s][info][gc,reloc    ] GC(17) Y: Eden               2M (1%)            0M (0%)           0 / 0              0 / 0              1 / 0        
[60.736s][info][gc,reloc    ] GC(17) Y: Survivor 1          -                 0M (0%)           0 / 0              0 / 0              0 / 0        
[60.736s][info][gc,reloc    ] GC(17) Y: Survivor 2          -                 0M (0%)           0 / 0              0 / 0              0 / 0        
[60.737s][info][gc,reloc    ] GC(17) Y: Survivor 3          -                 0M (0%)           0 / 0              0 / 0              0 / 0        
[60.737s][info][gc,reloc    ] GC(17) Y: Survivor 4         2M (1%)            0M (0%)           0 / 0              0 / 0              1 / 0        
[60.737s][info][gc,reloc    ] GC(17) Y: Survivor 5          -                 0M (0%)           0 / 0              0 / 0              0 / 0        
[60.737s][info][gc,reloc    ] GC(17) Y: Survivor 6        10M (4%)            0M (0%)           0 / 0              0 / 0              5 / 0        
[60.737s][info][gc,heap     ] GC(17) Y: Min Capacity: 8M(3%)
[60.737s][info][gc,heap     ] GC(17) Y: Max Capacity: 256M(100%)
[60.737s][info][gc,heap     ] GC(17) Y: Soft Max Capacity: 256M(100%)
[60.737s][info][gc,heap     ] GC(17) Y: Heap Statistics:
[60.737s][info][gc,heap     ] GC(17) Y:                Mark Start          Mark End        Relocate Start      Relocate End           High               Low         
[60.738s][info][gc,heap     ] GC(17) Y:  Capacity:      252M (98%)         252M (98%)         252M (98%)         252M (98%)         252M (98%)         252M (98%)    
[60.738s][info][gc,heap     ] GC(17) Y:      Free:       12M (5%)           10M (4%)           10M (4%)           10M (4%)           12M (5%)           10M (4%)     
[60.738s][info][gc,heap     ] GC(17) Y:      Used:      244M (95%)         246M (96%)         246M (96%)         246M (96%)         246M (96%)         244M (95%)    
[60.738s][info][gc,heap     ] GC(17) Y: Young Generation Statistics:
[60.738s][info][gc,heap     ] GC(17) Y:                Mark Start          Mark End        Relocate Start      Relocate End    
[60.738s][info][gc,heap     ] GC(17) Y:      Used:       14M (5%)           16M (6%)            4M (2%)            4M (2%)     
[60.738s][info][gc,heap     ] GC(17) Y:      Live:         -                14M (5%)            2M (1%)            2M (1%)     
[60.738s][info][gc,heap     ] GC(17) Y:   Garbage:         -                 0M (0%)            0M (0%)            0M (0%)     
[60.738s][info][gc,heap     ] GC(17) Y: Allocated:         -                 2M (1%)            2M (1%)            2M (1%)     
[60.738s][info][gc,heap     ] GC(17) Y: Reclaimed:         -                  -                 0M (0%)            0M (0%)     
[60.738s][info][gc,heap     ] GC(17) Y:  Promoted:         -                  -                12M (5%)           12M (5%)     
[60.738s][info][gc,heap     ] GC(17) Y: Compacted:         -                  -                  -                 0M (0%)     
[60.738s][info][gc,phases   ] GC(17) Y: Young Generation 244M(95%)->246M(96%) 0.009s
[60.738s][info][gc,phases   ] GC(17) O: Old Generation
[60.746s][info][gc,phases   ] GC(17) O: Concurrent Mark 7.796ms
[60.746s][info][gc,phases   ] GC(17) O: Pause Mark End 0.019ms
[60.746s][info][gc,phases   ] GC(17) O: Concurrent Mark Free 0.005ms
[60.748s][info][gc,phases   ] GC(17) O: Concurrent Process Non-Strong 1.863ms
[60.748s][info][gc,phases   ] GC(17) O: Concurrent Reset Relocation Set 0.001ms
[60.749s][info][gc,phases   ] GC(17) O: Concurrent Select Relocation Set 0.098ms
[60.749s][info][gc,task     ] GC(17) O: Using 2 Workers for Old Generation
[60.749s][info][gc,task     ] GC(17) O: Using 1 Workers for Old Generation
[60.750s][info][gc,phases   ] GC(17) O: Concurrent Remap Roots 1.045ms
[60.750s][info][gc,phases   ] GC(17) O: Pause Relocate Start 0.018ms
[60.750s][info][gc,phases   ] GC(17) O: Concurrent Relocate 0.114ms
[60.750s][info][gc,alloc    ] GC(17) O:                         Mark Start        Mark End      Relocate Start    Relocate End   
[60.750s][info][gc,alloc    ] GC(17) O: Allocation Stalls:          0                0                0                0         
[60.750s][info][gc,load     ] GC(17) O: Load: 0.00 (0%) / 0.00 (0%) / 0.00 (0%)
[60.750s][info][gc,mmu      ] GC(17) O: MMU: 2ms/70.6%, 5ms/88.0%, 10ms/93.8%, 20ms/96.8%, 50ms/98.7%, 100ms/99.4%
[60.750s][info][gc,marking  ] GC(17) O: Mark: 1 stripe(s), 2 proactive flush(es), 1 terminate flush(es), 0 completion(s), 0 continuation(s) 
[60.750s][info][gc,nmethod  ] GC(17) O: NMethods: 308 registered, 12 unregistered
[60.750s][info][gc,metaspace] GC(17) O: Metaspace: 0M used, 0M committed, 1088M reserved
[60.750s][info][gc,ref      ] GC(17) O:                       Encountered   Discovered     Enqueued 
[60.751s][info][gc,ref      ] GC(17) O: Soft References:               42           15            0 
[60.751s][info][gc,ref      ] GC(17) O: Weak References:               86           39            0 
[60.751s][info][gc,ref      ] GC(17) O: Final References:               0            0            0 
[60.751s][info][gc,ref      ] GC(17) O: Phantom References:             1            1            0 
[60.751s][info][gc,reloc    ] GC(17) O:                        Candidates     Selected     In-Place         Size        Empty    Relocated 
[60.751s][info][gc,reloc    ] GC(17) O: Small Pages:                    1            0            0           2M           0M           0M 
[60.751s][info][gc,reloc    ] GC(17) O: Medium Pages:                   0            0            0           0M           0M           0M 
[60.751s][info][gc,reloc    ] GC(17) O: Large Pages:                  114            0            0         228M           0M           0M 
[60.751s][info][gc,reloc    ] GC(17) O: Forwarding Usage: 0M
[60.751s][info][gc,heap     ] GC(17) O: Min Capacity: 8M(3%)
[60.751s][info][gc,heap     ] GC(17) O: Max Capacity: 256M(100%)
[60.751s][info][gc,heap     ] GC(17) O: Soft Max Capacity: 256M(100%)
[60.751s][info][gc,heap     ] GC(17) O: Heap Statistics:
[60.751s][info][gc,heap     ] GC(17) O:                Mark Start          Mark End        Relocate Start      Relocate End           High               Low         
[60.751s][info][gc,heap     ] GC(17) O:  Capacity:      252M (98%)         252M (98%)         252M (98%)         252M (98%)         252M (98%)         252M (98%)    
[60.751s][info][gc,heap     ] GC(17) O:      Free:       12M (5%)           10M (4%)           10M (4%)           10M (4%)           12M (5%)           10M (4%)     
[60.751s][info][gc,heap     ] GC(17) O:      Used:      244M (95%)         246M (96%)         246M (96%)         246M (96%)         246M (96%)         244M (95%)    
[60.751s][info][gc,heap     ] GC(17) O: Old Generation Statistics:
[60.751s][info][gc,heap     ] GC(17) O:                Mark Start          Mark End        Relocate Start      Relocate End    
[60.751s][info][gc,heap     ] GC(17) O:      Used:      230M (90%)         242M (95%)         242M (95%)         242M (95%)    
[60.751s][info][gc,heap     ] GC(17) O:      Live:         -               229M (90%)         229M (90%)         229M (90%)    
[60.751s][info][gc,heap     ] GC(17) O:   Garbage:         -                 0M (0%)            0M (0%)            0M (0%)     
[60.751s][info][gc,heap     ] GC(17) O: Allocated:         -                12M (5%)           12M (5%)           12M (5%)     
[60.751s][info][gc,heap     ] GC(17) O: Reclaimed:         -                  -                 0M (0%)            0M (0%)     
[60.751s][info][gc,heap     ] GC(17) O: Compacted:         -                  -                  -                 0M (0%)     
[60.751s][info][gc,phases   ] GC(17) O: Old Generation 246M(96%)->246M(96%) 0.012s
[60.751s][info][gc          ] GC(17) Major Collection (Allocation Rate) 244M(95%)->246M(96%) 0.026s
[63.250s][info][gc          ] GC(18) Major Collection (Allocation Rate)
[63.250s][info][gc,task     ] GC(18) Using 2 Workers for Young Generation
[63.250s][info][gc,task     ] GC(18) Using 1 Workers for Old Generation
[63.250s][info][gc,phases   ] GC(18) Y: Young Generation
[63.250s][info][gc,phases   ] GC(18) Y: Pause Mark Start (Major) 0.020ms
[63.252s][info][gc,phases   ] GC(18) Y: Concurrent Mark 2.091ms
[63.252s][info][gc,phases   ] GC(18) Y: Pause Mark End 0.014ms
[63.252s][info][gc,phases   ] GC(18) Y: Concurrent Mark Free 0.003ms
[63.252s][info][gc,phases   ] GC(18) Y: Concurrent Reset Relocation Set 0.005ms
[63.253s][info][gc,reloc    ] GC(18) Y: Using tenuring threshold: 2 (Computed)
[63.253s][info][gc          ] Allocation Stall (main) 1.869ms
[63.253s][info][gc,phases   ] GC(18) Y: Concurrent Select Relocation Set 0.533ms
[63.253s][info][gc,phases   ] GC(18) Y: Pause Relocate Start 0.008ms
[63.254s][info][gc,phases   ] GC(18) Y: Concurrent Relocate 0.325ms
[63.254s][info][gc,alloc    ] GC(18) Y:                         Mark Start        Mark End      Relocate Start    Relocate End   
[63.254s][info][gc,alloc    ] GC(18) Y: Allocation Stalls:          0                1                0                0         
[63.254s][info][gc,load     ] GC(18) Y: Load: 0.00 (0%) / 0.00 (0%) / 0.00 (0%)
[63.254s][info][gc,mmu      ] GC(18) Y: MMU: 2ms/70.6%, 5ms/88.0%, 10ms/93.8%, 20ms/96.8%, 50ms/98.7%, 100ms/99.4%
[63.254s][info][gc,marking  ] GC(18) Y: Mark: 2 stripe(s), 2 proactive flush(es), 1 terminate flush(es), 0 completion(s), 0 continuation(s) 
[63.254s][info][gc,nmethod  ] GC(18) Y: NMethods: 310 registered, 12 unregistered
[63.254s][info][gc,metaspace] GC(18) Y: Metaspace: 0M used, 0M committed, 1088M reserved
[63.254s][info][gc,reloc    ] GC(18) Y:                        Candidates     Selected     In-Place         Size        Empty    Relocated 
[63.254s][info][gc,reloc    ] GC(18) Y: Small Pages:                    1            0            0           2M           2M           0M 
[63.254s][info][gc,reloc    ] GC(18) Y: Medium Pages:                   0            0            0           0M           0M           0M 
[63.254s][info][gc,reloc    ] GC(18) Y: Large Pages:                    6            0            0          12M           0M           0M 
[63.254s][info][gc,reloc    ] GC(18) Y: Forwarding Usage: 0M
[63.254s][info][gc,reloc    ] GC(18) Y: Age Table:
[63.254s][info][gc,reloc    ] GC(18) Y:                    Live             Garbage             Small              Medium             Large        
[63.254s][info][gc,reloc    ] GC(18) Y: Eden              10M (4%)            2M (1%)           1 / 0              0 / 0              5 / 0        
[63.254s][info][gc,reloc    ] GC(18) Y: Survivor 1         2M (1%)            0M (0%)           0 / 0              0 / 0              1 / 0        
[63.254s][info][gc,heap     ] GC(18) Y: Min Capacity: 8M(3%)
[63.254s][info][gc,heap     ] GC(18) Y: Max Capacity: 256M(100%)
[63.254s][info][gc,heap     ] GC(18) Y: Soft Max Capacity: 256M(100%)
[63.254s][info][gc,heap     ] GC(18) Y: Heap Statistics:
[63.254s][info][gc,heap     ] GC(18) Y:                Mark Start          Mark End        Relocate Start      Relocate End           High               Low         
[63.254s][info][gc,heap     ] GC(18) Y:  Capacity:      256M (100%)        256M (100%)        256M (100%)        256M (100%)        256M (100%)        256M (100%)   
[63.254s][info][gc,heap     ] GC(18) Y:      Free:        0M (0%)            0M (0%)            0M (0%)            0M (0%)            2M (1%)            0M (0%)     
[63.254s][info][gc,heap     ] GC(18) Y:      Used:      256M (100%)        256M (100%)        256M (100%)        256M (100%)        256M (100%)        254M (99%)    
[63.254s][info][gc,heap     ] GC(18) Y: Young Generation Statistics:
[63.254s][info][gc,heap     ] GC(18) Y:                Mark Start          Mark End        Relocate Start      Relocate End    
[63.254s][info][gc,heap     ] GC(18) Y:      Used:       14M (5%)           14M (5%)           14M (5%)           14M (5%)     
[63.254s][info][gc,heap     ] GC(18) Y:      Live:         -                12M (5%)           12M (5%)           12M (5%)     
[63.254s][info][gc,heap     ] GC(18) Y:   Garbage:         -                 2M (1%)            0M (0%)            0M (0%)     
[63.254s][info][gc,heap     ] GC(18) Y: Allocated:         -                 0M (0%)            2M (1%)            2M (1%)     
[63.254s][info][gc,heap     ] GC(18) Y: Reclaimed:         -                  -                 2M (1%)            2M (1%)     
[63.254s][info][gc,heap     ] GC(18) Y:  Promoted:         -                  -                 0M (0%)            0M (0%)     
[63.254s][info][gc,heap     ] GC(18) Y: Compacted:         -                  -                  -                 0M (0%)     
[63.254s][info][gc,phases   ] GC(18) Y: Young Generation 256M(100%)->256M(100%) 0.004s
[63.254s][info][gc,phases   ] GC(18) O: Old Generation
[63.254s][info][gc          ] GC(19) Minor Collection (Allocation Stall)
[63.254s][info][gc,task     ] GC(19) Using 2 Workers for Young Generation
[63.254s][info][gc,phases   ] GC(19) y: Young Generation
[63.255s][info][gc,phases   ] GC(19) y: Pause Mark Start 0.011ms
[63.256s][info][gc,phases   ] GC(19) y: Concurrent Mark 1.602ms
[63.256s][info][gc,phases   ] GC(19) y: Pause Mark End 0.009ms
[63.256s][info][gc,phases   ] GC(19) y: Concurrent Mark Free 0.002ms
[63.257s][info][gc,phases   ] GC(19) y: Concurrent Reset Relocation Set 0.001ms
[63.257s][info][gc,reloc    ] GC(19) y: Using tenuring threshold: 1 (Computed)
[63.257s][info][gc,phases   ] GC(19) y: Concurrent Select Relocation Set 0.564ms
[63.257s][info][gc,phases   ] GC(19) y: Pause Relocate Start 0.007ms
[63.258s][info][gc,phases   ] GC(19) y: Concurrent Relocate 0.249ms
[63.258s][info][gc,alloc    ] GC(19) y:                         Mark Start        Mark End      Relocate Start    Relocate End   
[63.258s][info][gc,alloc    ] GC(19) y: Allocation Stalls:          0                1                1                1         
[63.258s][info][gc,load     ] GC(19) y: Load: 0.00 (0%) / 0.00 (0%) / 0.00 (0%)
[63.258s][info][gc,mmu      ] GC(19) y: MMU: 2ms/70.6%, 5ms/88.0%, 10ms/93.8%, 20ms/96.8%, 50ms/98.7%, 100ms/99.4%
[63.258s][info][gc,marking  ] GC(19) y: Mark: 2 stripe(s), 2 proactive flush(es), 1 terminate flush(es), 0 completion(s), 0 continuation(s) 
[63.258s][info][gc,nmethod  ] GC(19) y: NMethods: 310 registered, 12 unregistered
[63.258s][info][gc,metaspace] GC(19) y: Metaspace: 0M used, 0M committed, 1088M reserved
[63.258s][info][gc,reloc    ] GC(19) y:                        Candidates     Selected     In-Place         Size        Empty    Relocated 
[63.258s][info][gc,reloc    ] GC(19) y: Small Pages:                    1            0            0           2M           0M           0M 
[63.258s][info][gc,reloc    ] GC(19) y: Medium Pages:                   0            0            0           0M           0M           0M 
[63.258s][info][gc,reloc    ] GC(19) y: Large Pages:                    6            0            0          12M           0M           0M 
[63.258s][info][gc,reloc    ] GC(19) y: Forwarding Usage: 0M
[63.258s][info][gc,reloc    ] GC(19) y: Age Table:
[63.258s][info][gc,reloc    ] GC(19) y:                    Live             Garbage             Small              Medium             Large        
[63.258s][info][gc,reloc    ] GC(19) y: Eden               0M (0%)            1M (1%)           1 / 0              0 / 0              0 / 0        
[63.258s][info][gc,reloc    ] GC(19) y: Survivor 1        10M (4%)            0M (0%)           0 / 0              0 / 0              5 / 0        
[63.258s][info][gc,reloc    ] GC(19) y: Survivor 2         2M (1%)            0M (0%)           0 / 0              0 / 0              1 / 0        
[63.258s][info][gc,heap     ] GC(19) y: Min Capacity: 8M(3%)
[63.258s][info][gc,heap     ] GC(19) y: Max Capacity: 256M(100%)
[63.258s][info][gc,heap     ] GC(19) y: Soft Max Capacity: 256M(100%)
[63.258s][info][gc,heap     ] GC(19) y: Heap Statistics:
[63.258s][info][gc,heap     ] GC(19) y:                Mark Start          Mark End        Relocate Start      Relocate End           High               Low         
[63.258s][info][gc,heap     ] GC(19) y:  Capacity:      256M (100%)        256M (100%)        256M (100%)        256M (100%)        256M (100%)        256M (100%)   
[63.258s][info][gc,heap     ] GC(19) y:      Free:        0M (0%)            0M (0%)            0M (0%)            0M (0%)            0M (0%)            0M (0%)     
[63.258s][info][gc,heap     ] GC(19) y:      Used:      256M (100%)        256M (100%)        256M (100%)        256M (100%)        256M (100%)        256M (100%)   
[63.258s][info][gc,heap     ] GC(19) y: Young Generation Statistics:
[63.258s][info][gc,heap     ] GC(19) y:                Mark Start          Mark End        Relocate Start      Relocate End    
[63.258s][info][gc,heap     ] GC(19) y:      Used:       14M (5%)           14M (5%)            2M (1%)            2M (1%)     
[63.258s][info][gc,heap     ] GC(19) y:      Live:         -                12M (5%)            0M (0%)            0M (0%)     
[63.258s][info][gc,heap     ] GC(19) y:   Garbage:         -                 1M (1%)            1M (1%)            1M (1%)     
[63.258s][info][gc,heap     ] GC(19) y: Allocated:         -                 0M (0%)            0M (0%)            0M (0%)     
[63.258s][info][gc,heap     ] GC(19) y: Reclaimed:         -                  -                 0M (0%)            0M (0%)     
[63.258s][info][gc,heap     ] GC(19) y:  Promoted:         -                  -                12M (5%)           12M (5%)     
[63.258s][info][gc,heap     ] GC(19) y: Compacted:         -                  -                  -                 0M (0%)     
[63.258s][info][gc,phases   ] GC(19) y: Young Generation 256M(100%)->256M(100%) 0.003s
[63.258s][info][gc          ] GC(19) Minor Collection (Allocation Stall) 256M(100%)->256M(100%) 0.004s
[63.258s][info][gc          ] GC(20) Minor Collection (Allocation Stall)
[63.258s][info][gc,task     ] GC(20) Using 2 Workers for Young Generation
[63.258s][info][gc,phases   ] GC(20) y: Young Generation
[63.258s][info][gc,phases   ] GC(20) y: Pause Mark Start 0.007ms
[63.259s][info][gc,phases   ] GC(18) O: Concurrent Mark 4.505ms
[63.259s][info][gc,phases   ] GC(18) O: Pause Mark End 0.008ms
[63.259s][info][gc,phases   ] GC(18) O: Concurrent Mark Free 0.002ms
[63.259s][info][gc,phases   ] GC(20) y: Concurrent Mark 0.929ms
[63.259s][info][gc,phases   ] GC(20) y: Pause Mark End 0.006ms
[63.260s][info][gc,phases   ] GC(20) y: Concurrent Mark Free 0.001ms
[63.260s][info][gc,phases   ] GC(20) y: Concurrent Reset Relocation Set 0.002ms
[63.260s][info][gc,reloc    ] GC(20) y: Using tenuring threshold: 2 (Computed)
[63.260s][info][gc,phases   ] GC(18) O: Concurrent Process Non-Strong 0.685ms
[63.260s][info][gc,phases   ] GC(18) O: Concurrent Reset Relocation Set 0.000ms
[63.260s][info][gc,phases   ] GC(18) O: Concurrent Select Relocation Set 0.035ms
[63.260s][info][gc,phases   ] GC(20) y: Concurrent Select Relocation Set 0.150ms
[63.260s][info][gc,phases   ] GC(20) y: Pause Relocate Start 0.005ms
[63.260s][info][gc,phases   ] GC(20) y: Concurrent Relocate 0.069ms
[63.260s][info][gc,alloc    ] GC(20) y:                         Mark Start        Mark End      Relocate Start    Relocate End   
[63.260s][info][gc,alloc    ] GC(20) y: Allocation Stalls:          1                1                1                1         
[63.260s][info][gc,load     ] GC(20) y: Load: 0.00 (0%) / 0.00 (0%) / 0.00 (0%)
[63.260s][info][gc,mmu      ] GC(20) y: MMU: 2ms/70.6%, 5ms/88.0%, 10ms/93.8%, 20ms/96.8%, 50ms/98.7%, 100ms/99.4%
[63.260s][info][gc,marking  ] GC(20) y: Mark: 2 stripe(s), 1 proactive flush(es), 1 terminate flush(es), 0 completion(s), 0 continuation(s) 
[63.260s][info][gc,nmethod  ] GC(20) y: NMethods: 310 registered, 12 unregistered
[63.260s][info][gc,metaspace] GC(20) y: Metaspace: 0M used, 0M committed, 1088M reserved
[63.260s][info][gc,reloc    ] GC(20) y:                        Candidates     Selected     In-Place         Size        Empty    Relocated 
[63.260s][info][gc,reloc    ] GC(20) y: Small Pages:                    1            0            0           2M           0M           0M 
[63.260s][info][gc,reloc    ] GC(20) y: Medium Pages:                   0            0            0           0M           0M           0M 
[63.260s][info][gc,reloc    ] GC(20) y: Large Pages:                    0            0            0           0M           0M           0M 
[63.260s][info][gc,reloc    ] GC(20) y: Forwarding Usage: 0M
[63.260s][info][gc,reloc    ] GC(20) y: Age Table:
[63.260s][info][gc,reloc    ] GC(20) y:                    Live             Garbage             Small              Medium             Large        
[63.260s][info][gc,reloc    ] GC(20) y: Eden                -                 0M (0%)           0 / 0              0 / 0              0 / 0        
[63.260s][info][gc,reloc    ] GC(20) y: Survivor 1         0M (0%)            1M (1%)           1 / 0              0 / 0              0 / 0        
[63.260s][info][gc,heap     ] GC(20) y: Min Capacity: 8M(3%)
[63.260s][info][gc,heap     ] GC(20) y: Max Capacity: 256M(100%)
[63.260s][info][gc,heap     ] GC(20) y: Soft Max Capacity: 256M(100%)
[63.260s][info][gc,heap     ] GC(20) y: Heap Statistics:
[63.260s][info][gc,heap     ] GC(20) y:                Mark Start          Mark End        Relocate Start      Relocate End           High               Low         
[63.260s][info][gc,heap     ] GC(20) y:  Capacity:      256M (100%)        256M (100%)        256M (100%)        256M (100%)        256M (100%)        256M (100%)   
[63.260s][info][gc,heap     ] GC(20) y:      Free:        0M (0%)            0M (0%)            0M (0%)            0M (0%)            0M (0%)            0M (0%)     
[63.260s][info][gc,heap     ] GC(20) y:      Used:      256M (100%)        256M (100%)        256M (100%)        256M (100%)        256M (100%)        256M (100%)   
[63.260s][info][gc,heap     ] GC(20) y: Young Generation Statistics:
[63.260s][info][gc,heap     ] GC(20) y:                Mark Start          Mark End        Relocate Start      Relocate End    
[63.260s][info][gc,heap     ] GC(20) y:      Used:        2M (1%)            2M (1%)            2M (1%)            2M (1%)     
[63.260s][info][gc,heap     ] GC(20) y:      Live:         -                 0M (0%)            0M (0%)            0M (0%)     
[63.260s][info][gc,heap     ] GC(20) y:   Garbage:         -                 1M (1%)            1M (1%)            1M (1%)     
[63.260s][info][gc,heap     ] GC(20) y: Allocated:         -                 0M (0%)            0M (0%)            0M (0%)     
[63.260s][info][gc,heap     ] GC(20) y: Reclaimed:         -                  -                 0M (0%)            0M (0%)     
[63.260s][info][gc,heap     ] GC(20) y:  Promoted:         -                  -                 0M (0%)            0M (0%)     
[63.260s][info][gc,heap     ] GC(20) y: Compacted:         -                  -                  -                 0M (0%)     
[63.260s][info][gc,phases   ] GC(20) y: Young Generation 256M(100%)->256M(100%) 0.002s
[63.260s][info][gc          ] GC(20) Minor Collection (Allocation Stall) 256M(100%)->256M(100%) 0.002s
[63.260s][info][gc,task     ] GC(18) O: Using 2 Workers for Old Generation
[63.261s][info][gc,task     ] GC(18) O: Using 1 Workers for Old Generation
[63.261s][info][gc,phases   ] GC(18) O: Concurrent Remap Roots 0.534ms
[63.261s][info][gc,phases   ] GC(18) O: Pause Relocate Start 0.005ms
[63.261s][info][gc,phases   ] GC(18) O: Concurrent Relocate 0.048ms
[63.261s][info][gc,alloc    ] GC(18) O:                         Mark Start        Mark End      Relocate Start    Relocate End   
[63.261s][info][gc,alloc    ] GC(18) O: Allocation Stalls:          0                1                1                1         
[63.261s][info][gc,load     ] GC(18) O: Load: 0.00 (0%) / 0.00 (0%) / 0.00 (0%)
[63.261s][info][gc,mmu      ] GC(18) O: MMU: 2ms/70.6%, 5ms/88.0%, 10ms/93.8%, 20ms/96.8%, 50ms/98.7%, 100ms/99.4%
[63.261s][info][gc,marking  ] GC(18) O: Mark: 1 stripe(s), 2 proactive flush(es), 1 terminate flush(es), 0 completion(s), 0 continuation(s) 
[63.261s][info][gc,nmethod  ] GC(18) O: NMethods: 310 registered, 12 unregistered
[63.261s][info][gc,metaspace] GC(18) O: Metaspace: 0M used, 0M committed, 1088M reserved
[63.261s][info][gc,ref      ] GC(18) O:                       Encountered   Discovered     Enqueued 
[63.261s][info][gc,ref      ] GC(18) O: Soft References:               42           15            0 
[63.261s][info][gc,ref      ] GC(18) O: Weak References:               86           39            0 
[63.261s][info][gc,ref      ] GC(18) O: Final References:               0            0            0 
[63.261s][info][gc,ref      ] GC(18) O: Phantom References:             1            1            0 
[63.261s][info][gc,reloc    ] GC(18) O:                        Candidates     Selected     In-Place         Size        Empty    Relocated 
[63.261s][info][gc,reloc    ] GC(18) O: Small Pages:                    1            0            0           2M           0M           0M 
[63.261s][info][gc,reloc    ] GC(18) O: Medium Pages:                   0            0            0           0M           0M           0M 
[63.261s][info][gc,reloc    ] GC(18) O: Large Pages:                  120            0            0         240M           0M           0M 
[63.261s][info][gc,reloc    ] GC(18) O: Forwarding Usage: 0M
[63.261s][info][gc,heap     ] GC(18) O: Min Capacity: 8M(3%)
[63.261s][info][gc,heap     ] GC(18) O: Max Capacity: 256M(100%)
[63.261s][info][gc,heap     ] GC(18) O: Soft Max Capacity: 256M(100%)
[63.261s][info][gc,heap     ] GC(18) O: Heap Statistics:
[63.261s][info][gc,heap     ] GC(18) O:                Mark Start          Mark End        Relocate Start      Relocate End           High               Low         
[63.261s][info][gc,heap     ] GC(18) O:  Capacity:      256M (100%)        256M (100%)        256M (100%)        256M (100%)        256M (100%)        256M (100%)   
[63.261s][info][gc,heap     ] GC(18) O:      Free:        0M (0%)            0M (0%)            0M (0%)            0M (0%)            2M (1%)            0M (0%)     
[63.261s][info][gc,heap     ] GC(18) O:      Used:      256M (100%)        256M (100%)        256M (100%)        256M (100%)        256M (100%)        254M (99%)    
[63.261s][info][gc,heap     ] GC(18) O: Old Generation Statistics:
[63.262s][info][gc,heap     ] GC(18) O:                Mark Start          Mark End        Relocate Start      Relocate End    
[63.262s][info][gc,heap     ] GC(18) O:      Used:      242M (95%)         254M (99%)         254M (99%)         254M (99%)    
[63.262s][info][gc,heap     ] GC(18) O:      Live:         -               241M (94%)         241M (94%)         241M (94%)    
[63.262s][info][gc,heap     ] GC(18) O:   Garbage:         -                 0M (0%)            0M (0%)            0M (0%)     
[63.262s][info][gc,heap     ] GC(18) O: Allocated:         -                12M (5%)           12M (5%)           12M (5%)     
[63.262s][info][gc,heap     ] GC(18) O: Reclaimed:         -                  -                 0M (0%)            0M (0%)     
[63.262s][info][gc,heap     ] GC(18) O: Compacted:         -                  -                  -                 0M (0%)     
[63.262s][info][gc,phases   ] GC(18) O: Old Generation 256M(100%)->256M(100%) 0.007s
[63.262s][info][gc          ] GC(18) Major Collection (Allocation Rate) 256M(100%)->256M(100%) 0.012s
[63.262s][info][gc          ] GC(21) Major Collection (Allocation Stall)
[63.262s][info][gc,task     ] GC(21) Using 2 Workers for Young Generation
[63.262s][info][gc,task     ] GC(21) Using 2 Workers for Old Generation
[63.262s][info][gc,phases   ] GC(21) Y: Young Generation (Promote All)
[63.262s][info][gc,phases   ] GC(21) Y: Pause Mark Start 0.005ms
[63.263s][info][gc,phases   ] GC(21) Y: Concurrent Mark 0.737ms
[63.263s][info][gc,phases   ] GC(21) Y: Pause Mark End 0.005ms
[63.263s][info][gc,phases   ] GC(21) Y: Concurrent Mark Free 0.001ms
[63.263s][info][gc,phases   ] GC(21) Y: Concurrent Reset Relocation Set 0.000ms
[63.263s][info][gc,reloc    ] GC(21) Y: Using tenuring threshold: 0 (Promote All)
[63.263s][info][gc,phases   ] GC(21) Y: Concurrent Select Relocation Set 0.140ms
[63.263s][info][gc,phases   ] GC(21) Y: Pause Relocate Start 0.004ms
[63.263s][info][gc,phases   ] GC(21) Y: Concurrent Relocate 0.064ms
[63.263s][info][gc,alloc    ] GC(21) Y:                         Mark Start        Mark End      Relocate Start    Relocate End   
[63.263s][info][gc,alloc    ] GC(21) Y: Allocation Stalls:          1                1                1                1         
[63.263s][info][gc,load     ] GC(21) Y: Load: 0.00 (0%) / 0.00 (0%) / 0.00 (0%)
[63.263s][info][gc,mmu      ] GC(21) Y: MMU: 2ms/70.6%, 5ms/88.0%, 10ms/93.8%, 20ms/96.8%, 50ms/98.7%, 100ms/99.4%
[63.263s][info][gc,marking  ] GC(21) Y: Mark: 2 stripe(s), 1 proactive flush(es), 1 terminate flush(es), 0 completion(s), 0 continuation(s) 
[63.263s][info][gc,nmethod  ] GC(21) Y: NMethods: 310 registered, 12 unregistered
[63.263s][info][gc,metaspace] GC(21) Y: Metaspace: 0M used, 0M committed, 1088M reserved
[63.263s][info][gc,reloc    ] GC(21) Y:                        Candidates     Selected     In-Place         Size        Empty    Relocated 
[63.263s][info][gc,reloc    ] GC(21) Y: Small Pages:                    1            0            0           2M           0M           0M 
[63.263s][info][gc,reloc    ] GC(21) Y: Medium Pages:                   0            0            0           0M           0M           0M 
[63.263s][info][gc,reloc    ] GC(21) Y: Large Pages:                    0            0            0           0M           0M           0M 
[63.263s][info][gc,reloc    ] GC(21) Y: Forwarding Usage: 0M
[63.263s][info][gc,reloc    ] GC(21) Y: Age Table:
[63.263s][info][gc,reloc    ] GC(21) Y:                    Live             Garbage             Small              Medium             Large        
[63.263s][info][gc,reloc    ] GC(21) Y: Eden                -                 0M (0%)           0 / 0              0 / 0              0 / 0        
[63.263s][info][gc,reloc    ] GC(21) Y: Survivor 1          -                 0M (0%)           0 / 0              0 / 0              0 / 0        
[63.263s][info][gc,reloc    ] GC(21) Y: Survivor 2         0M (0%)            1M (1%)           1 / 0              0 / 0              0 / 0        
[63.263s][info][gc,heap     ] GC(21) Y: Min Capacity: 8M(3%)
[63.263s][info][gc,heap     ] GC(21) Y: Max Capacity: 256M(100%)
[63.263s][info][gc,heap     ] GC(21) Y: Soft Max Capacity: 256M(100%)
[63.263s][info][gc,heap     ] GC(21) Y: Heap Statistics:
[63.263s][info][gc,heap     ] GC(21) Y:                Mark Start          Mark End        Relocate Start      Relocate End           High               Low         
[63.263s][info][gc,heap     ] GC(21) Y:  Capacity:      256M (100%)        256M (100%)        256M (100%)        256M (100%)        256M (100%)        256M (100%)   
[63.263s][info][gc,heap     ] GC(21) Y:      Free:        0M (0%)            0M (0%)            0M (0%)            0M (0%)            0M (0%)            0M (0%)     
[63.263s][info][gc,heap     ] GC(21) Y:      Used:      256M (100%)        256M (100%)        256M (100%)        256M (100%)        256M (100%)        256M (100%)   
[63.263s][info][gc,heap     ] GC(21) Y: Young Generation Statistics:
[63.263s][info][gc,heap     ] GC(21) Y:                Mark Start          Mark End        Relocate Start      Relocate End    
[63.263s][info][gc,heap     ] GC(21) Y:      Used:        2M (1%)            2M (1%)            0M (0%)            0M (0%)     
[63.263s][info][gc,heap     ] GC(21) Y:      Live:         -                 0M (0%)            0M (0%)            0M (0%)     
[63.263s][info][gc,heap     ] GC(21) Y:   Garbage:         -                 1M (1%)            0M (0%)            0M (0%)     
[63.263s][info][gc,heap     ] GC(21) Y: Allocated:         -                 0M (0%)            0M (0%)            0M (0%)     
[63.263s][info][gc,heap     ] GC(21) Y: Reclaimed:         -                  -                 1M (1%)            1M (1%)     
[63.263s][info][gc,heap     ] GC(21) Y:  Promoted:         -                  -                 0M (0%)            0M (0%)     
[63.263s][info][gc,heap     ] GC(21) Y: Compacted:         -                  -                  -                 0M (0%)     
[63.263s][info][gc,phases   ] GC(21) Y: Young Generation (Promote All) 256M(100%)->256M(100%) 0.001s
[63.263s][info][gc,phases   ] GC(21) Y: Young Generation (Collect Roots)
[63.263s][info][gc,phases   ] GC(21) Y: Pause Mark Start (Major) 0.005ms
[63.269s][info][gc,phases   ] GC(21) Y: Concurrent Mark 5.019ms
[63.269s][info][gc,phases   ] GC(21) Y: Pause Mark End 0.012ms
[63.269s][info][gc,phases   ] GC(21) Y: Concurrent Mark Free 0.001ms
[63.269s][info][gc,phases   ] GC(21) Y: Concurrent Reset Relocation Set 0.005ms
[63.269s][info][gc,reloc    ] GC(21) Y: Using tenuring threshold: 0 (Computed)
[63.269s][info][gc,phases   ] GC(21) Y: Concurrent Select Relocation Set 0.185ms
[63.269s][info][gc,phases   ] GC(21) Y: Pause Relocate Start 0.008ms
[63.269s][info][gc,phases   ] GC(21) Y: Concurrent Relocate 0.153ms
[63.269s][info][gc,alloc    ] GC(21) Y:                         Mark Start        Mark End      Relocate Start    Relocate End   
[63.269s][info][gc,alloc    ] GC(21) Y: Allocation Stalls:          1                1                1                1         
[63.269s][info][gc,load     ] GC(21) Y: Load: 0.00 (0%) / 0.00 (0%) / 0.00 (0%)
[63.269s][info][gc,mmu      ] GC(21) Y: MMU: 2ms/70.6%, 5ms/88.0%, 10ms/93.8%, 20ms/96.8%, 50ms/98.7%, 100ms/99.4%
[63.269s][info][gc,marking  ] GC(21) Y: Mark: 2 stripe(s), 1 proactive flush(es), 1 terminate flush(es), 0 completion(s), 0 continuation(s) 
[63.269s][info][gc,nmethod  ] GC(21) Y: NMethods: 310 registered, 12 unregistered
[63.269s][info][gc,metaspace] GC(21) Y: Metaspace: 0M used, 0M committed, 1088M reserved
[63.269s][info][gc,heap     ] GC(21) Y: Min Capacity: 8M(3%)
[63.269s][info][gc,heap     ] GC(21) Y: Max Capacity: 256M(100%)
[63.269s][info][gc,heap     ] GC(21) Y: Soft Max Capacity: 256M(100%)
[63.269s][info][gc,heap     ] GC(21) Y: Heap Statistics:
[63.269s][info][gc,heap     ] GC(21) Y:                Mark Start          Mark End        Relocate Start      Relocate End           High               Low         
[63.269s][info][gc,heap     ] GC(21) Y:  Capacity:      256M (100%)        256M (100%)        256M (100%)        256M (100%)        256M (100%)        256M (100%)   
[63.269s][info][gc,heap     ] GC(21) Y:      Free:        0M (0%)            0M (0%)            0M (0%)            0M (0%)            0M (0%)            0M (0%)     
[63.270s][info][gc,heap     ] GC(21) Y:      Used:      256M (100%)        256M (100%)        256M (100%)        256M (100%)        256M (100%)        256M (100%)   
[63.270s][info][gc,heap     ] GC(21) Y: Young Generation Statistics:
[63.270s][info][gc,heap     ] GC(21) Y:                Mark Start          Mark End        Relocate Start      Relocate End    
[63.270s][info][gc,heap     ] GC(21) Y:      Used:        0M (0%)            0M (0%)            0M (0%)            0M (0%)     
[63.270s][info][gc,heap     ] GC(21) Y:      Live:         -                 0M (0%)            0M (0%)            0M (0%)     
[63.270s][info][gc,heap     ] GC(21) Y:   Garbage:         -                 0M (0%)            0M (0%)            0M (0%)     
[63.270s][info][gc,heap     ] GC(21) Y: Allocated:         -                 0M (0%)            0M (0%)            0M (0%)     
[63.270s][info][gc,heap     ] GC(21) Y: Reclaimed:         -                  -                 0M (0%)            0M (0%)     
[63.270s][info][gc,heap     ] GC(21) Y:  Promoted:         -                  -                 0M (0%)            0M (0%)     
[63.270s][info][gc,heap     ] GC(21) Y: Compacted:         -                  -                  -                 0M (0%)     
[63.270s][info][gc,phases   ] GC(21) Y: Young Generation (Collect Roots) 256M(100%)->256M(100%) 0.006s
[63.270s][info][gc,phases   ] GC(21) O: Old Generation
[63.272s][info][gc,phases   ] GC(21) O: Concurrent Mark 2.024ms
[63.272s][info][gc,phases   ] GC(21) O: Pause Mark End 0.009ms
[63.272s][info][gc,phases   ] GC(21) O: Concurrent Mark Free 0.002ms
[63.272s][info][gc,ref      ] GC(21) O: Clearing All SoftReferences
[63.272s][info][gc,phases   ] GC(21) O: Concurrent Process Non-Strong 0.497ms
[63.272s][info][gc,phases   ] GC(21) O: Concurrent Reset Relocation Set 0.000ms
[63.273s][info][gc,phases   ] GC(21) O: Concurrent Select Relocation Set 0.158ms
[63.273s][info][gc,task     ] GC(21) O: Using 2 Workers for Old Generation
[63.273s][info][gc,task     ] GC(21) O: Using 2 Workers for Old Generation
[63.273s][info][gc,phases   ] GC(21) O: Concurrent Remap Roots 0.375ms
[63.273s][info][gc,phases   ] GC(21) O: Pause Relocate Start 0.007ms
[63.275s][info][gc,phases   ] GC(21) O: Concurrent Relocate 1.704ms
[63.275s][info][gc,alloc    ] GC(21) O:                         Mark Start        Mark End      Relocate Start    Relocate End   
[63.275s][info][gc,alloc    ] GC(21) O: Allocation Stalls:          1                1                1                1         
[63.275s][info][gc,load     ] GC(21) O: Load: 0.00 (0%) / 0.00 (0%) / 0.00 (0%)
[63.275s][info][gc,mmu      ] GC(21) O: MMU: 2ms/70.6%, 5ms/88.0%, 10ms/93.8%, 20ms/96.8%, 50ms/98.7%, 100ms/99.4%
[63.275s][info][gc,marking  ] GC(21) O: Mark: 2 stripe(s), 1 proactive flush(es), 1 terminate flush(es), 0 completion(s), 0 continuation(s) 
[63.275s][info][gc,nmethod  ] GC(21) O: NMethods: 310 registered, 12 unregistered
[63.275s][info][gc,metaspace] GC(21) O: Metaspace: 0M used, 0M committed, 1088M reserved
[63.275s][info][gc,ref      ] GC(21) O:                       Encountered   Discovered     Enqueued 
[63.275s][info][gc,ref      ] GC(21) O: Soft References:               42           14            0 
[63.275s][info][gc,ref      ] GC(21) O: Weak References:               86           23            0 
[63.275s][info][gc,ref      ] GC(21) O: Final References:               0            0            0 
[63.275s][info][gc,ref      ] GC(21) O: Phantom References:             1            1            0 
[63.275s][info][gc,reloc    ] GC(21) O:                        Candidates     Selected     In-Place         Size        Empty    Relocated 
[63.275s][info][gc,reloc    ] GC(21) O: Small Pages:                    2            1            2           4M           0M           1M 
[63.275s][info][gc,reloc    ] GC(21) O: Medium Pages:                   0            0            0           0M           0M           0M 
[63.275s][info][gc,reloc    ] GC(21) O: Large Pages:                  126            0            0         252M           0M           0M 
[63.275s][info][gc,reloc    ] GC(21) O: Forwarding Usage: 0M
[63.275s][info][gc,heap     ] GC(21) O: Min Capacity: 8M(3%)
[63.275s][info][gc,heap     ] GC(21) O: Max Capacity: 256M(100%)
[63.275s][info][gc,heap     ] GC(21) O: Soft Max Capacity: 256M(100%)
[63.275s][info][gc,heap     ] GC(21) O: Heap Statistics:
[63.275s][info][gc,heap     ] GC(21) O:                Mark Start          Mark End        Relocate Start      Relocate End           High               Low         
[63.275s][info][gc,heap     ] GC(21) O:  Capacity:      256M (100%)        256M (100%)        256M (100%)        256M (100%)        256M (100%)        256M (100%)   
[63.275s][info][gc,heap     ] GC(21) O:      Free:        0M (0%)            0M (0%)            0M (0%)            0M (0%)            0M (0%)            0M (0%)     
[63.275s][info][gc,heap     ] GC(21) O:      Used:      256M (100%)        256M (100%)        256M (100%)        256M (100%)        256M (100%)        256M (100%)   
[63.275s][info][gc,heap     ] GC(21) O: Old Generation Statistics:
[63.275s][info][gc,heap     ] GC(21) O:                Mark Start          Mark End        Relocate Start      Relocate End    
[63.275s][info][gc,heap     ] GC(21) O:      Used:      256M (100%)        256M (100%)        256M (100%)        256M (100%)   
[63.275s][info][gc,heap     ] GC(21) O:      Live:         -               253M (99%)         253M (99%)         253M (99%)    
[63.275s][info][gc,heap     ] GC(21) O:   Garbage:         -                 2M (1%)            2M (1%)            0M (0%)     
[63.275s][info][gc,heap     ] GC(21) O: Allocated:         -                 0M (0%)            0M (0%)            2M (1%)     
[63.275s][info][gc,heap     ] GC(21) O: Reclaimed:         -                  -                 0M (0%)            2M (1%)     
[63.275s][info][gc,heap     ] GC(21) O: Compacted:         -                  -                  -                 1M (0%)     
[63.275s][info][gc,phases   ] GC(21) O: Old Generation 256M(100%)->256M(100%) 0.005s
[63.275s][info][gc          ] GC(21) Major Collection (Allocation Stall) 256M(100%)->256M(100%) 0.014s
[63.275s][info][gc          ] Allocation Stall (main) 20.560ms
[63.275s][info][gc          ] GC(22) Minor Collection (Allocation Stall)
[63.275s][info][gc,task     ] GC(22) Using 2 Workers for Young Generation
[63.275s][info][gc,phases   ] GC(22) y: Young Generation
[63.275s][info][gc,phases   ] GC(22) y: Pause Mark Start 0.007ms
[63.276s][info][gc,phases   ] GC(22) y: Concurrent Mark 0.843ms
[63.276s][info][gc,phases   ] GC(22) y: Pause Mark End 0.005ms
[63.276s][info][gc,phases   ] GC(22) y: Concurrent Mark Free 0.001ms
[63.276s][info][gc,phases   ] GC(22) y: Concurrent Reset Relocation Set 0.000ms
[63.276s][info][gc,reloc    ] GC(22) y: Using tenuring threshold: 0 (Computed)
[63.277s][info][gc,phases   ] GC(22) y: Concurrent Select Relocation Set 0.087ms
[63.277s][info][gc,phases   ] GC(22) y: Pause Relocate Start 0.018ms
[63.277s][info][gc,phases   ] GC(22) y: Concurrent Relocate 0.060ms
[63.277s][info][gc,alloc    ] GC(22) y:                         Mark Start        Mark End      Relocate Start    Relocate End   
[63.277s][info][gc,alloc    ] GC(22) y: Allocation Stalls:          1                1                1                1         
[63.277s][info][gc,load     ] GC(22) y: Load: 0.00 (0%) / 0.00 (0%) / 0.00 (0%)
[63.277s][info][gc,mmu      ] GC(22) y: MMU: 2ms/70.6%, 5ms/88.0%, 10ms/93.8%, 20ms/96.8%, 50ms/98.7%, 100ms/99.4%
[63.277s][info][gc,marking  ] GC(22) y: Mark: 2 stripe(s), 1 proactive flush(es), 1 terminate flush(es), 0 completion(s), 0 continuation(s) 
[63.277s][info][gc,nmethod  ] GC(22) y: NMethods: 310 registered, 12 unregistered
[63.277s][info][gc,metaspace] GC(22) y: Metaspace: 0M used, 0M committed, 1088M reserved
[63.277s][info][gc,heap     ] GC(22) y: Min Capacity: 8M(3%)
[63.277s][info][gc,heap     ] GC(22) y: Max Capacity: 256M(100%)
[63.277s][info][gc,heap     ] GC(22) y: Soft Max Capacity: 256M(100%)
[63.277s][info][gc,heap     ] GC(22) y: Heap Statistics:
[63.277s][info][gc,heap     ] GC(22) y:                Mark Start          Mark End        Relocate Start      Relocate End           High               Low         
[63.277s][info][gc,heap     ] GC(22) y:  Capacity:      256M (100%)        256M (100%)        256M (100%)        256M (100%)        256M (100%)        256M (100%)   
[63.277s][info][gc,heap     ] GC(22) y:      Free:        0M (0%)            0M (0%)            0M (0%)            0M (0%)            0M (0%)            0M (0%)     
[63.277s][info][gc,heap     ] GC(22) y:      Used:      256M (100%)        256M (100%)        256M (100%)        256M (100%)        256M (100%)        256M (100%)   
[63.277s][info][gc,heap     ] GC(22) y: Young Generation Statistics:
[63.277s][info][gc,heap     ] GC(22) y:                Mark Start          Mark End        Relocate Start      Relocate End    
[63.277s][info][gc,heap     ] GC(22) y:      Used:        0M (0%)            0M (0%)            0M (0%)            0M (0%)     
[63.277s][info][gc,heap     ] GC(22) y:      Live:         -                 0M (0%)            0M (0%)            0M (0%)     
[63.277s][info][gc,heap     ] GC(22) y:   Garbage:         -                 0M (0%)            0M (0%)            0M (0%)     
[63.277s][info][gc,heap     ] GC(22) y: Allocated:         -                 0M (0%)            0M (0%)            0M (0%)     
[63.277s][info][gc,heap     ] GC(22) y: Reclaimed:         -                  -                 0M (0%)            0M (0%)     
[63.277s][info][gc,heap     ] GC(22) y:  Promoted:         -                  -                 0M (0%)            0M (0%)     
[63.277s][info][gc,heap     ] GC(22) y: Compacted:         -                  -                  -                 0M (0%)     
[63.277s][info][gc,phases   ] GC(22) y: Young Generation 256M(100%)->256M(100%) 0.001s
[63.277s][info][gc          ] GC(22) Minor Collection (Allocation Stall) 256M(100%)->256M(100%) 0.002s
[63.277s][info][gc          ] GC(23) Major Collection (Allocation Stall)
[63.277s][info][gc,task     ] GC(23) Using 2 Workers for Young Generation
[63.277s][info][gc,task     ] GC(23) Using 2 Workers for Old Generation
[63.277s][info][gc,phases   ] GC(23) Y: Young Generation (Promote All)
[63.277s][info][gc,phases   ] GC(23) Y: Pause Mark Start 0.005ms
[63.278s][info][gc,phases   ] GC(23) Y: Concurrent Mark 0.674ms
[63.278s][info][gc,phases   ] GC(23) Y: Pause Mark End 0.005ms
[63.278s][info][gc,phases   ] GC(23) Y: Concurrent Mark Free 0.001ms
[63.278s][info][gc,phases   ] GC(23) Y: Concurrent Reset Relocation Set 0.000ms
[63.278s][info][gc,reloc    ] GC(23) Y: Using tenuring threshold: 0 (Promote All)
[63.278s][info][gc,phases   ] GC(23) Y: Concurrent Select Relocation Set 0.098ms
[63.278s][info][gc,phases   ] GC(23) Y: Pause Relocate Start 0.003ms
[63.278s][info][gc,phases   ] GC(23) Y: Concurrent Relocate 0.054ms
[63.278s][info][gc,alloc    ] GC(23) Y:                         Mark Start        Mark End      Relocate Start    Relocate End   
[63.278s][info][gc,alloc    ] GC(23) Y: Allocation Stalls:          1                1                1                1         
[63.278s][info][gc,load     ] GC(23) Y: Load: 0.00 (0%) / 0.00 (0%) / 0.00 (0%)
[63.278s][info][gc,mmu      ] GC(23) Y: MMU: 2ms/70.6%, 5ms/88.0%, 10ms/93.8%, 20ms/96.8%, 50ms/98.7%, 100ms/99.4%
[63.278s][info][gc,marking  ] GC(23) Y: Mark: 2 stripe(s), 1 proactive flush(es), 1 terminate flush(es), 0 completion(s), 0 continuation(s) 
[63.278s][info][gc,nmethod  ] GC(23) Y: NMethods: 310 registered, 12 unregistered
[63.278s][info][gc,metaspace] GC(23) Y: Metaspace: 0M used, 0M committed, 1088M reserved
[63.278s][info][gc,heap     ] GC(23) Y: Min Capacity: 8M(3%)
[63.278s][info][gc,heap     ] GC(23) Y: Max Capacity: 256M(100%)
[63.278s][info][gc,heap     ] GC(23) Y: Soft Max Capacity: 256M(100%)
[63.278s][info][gc,heap     ] GC(23) Y: Heap Statistics:
[63.278s][info][gc,heap     ] GC(23) Y:                Mark Start          Mark End        Relocate Start      Relocate End           High               Low         
[63.278s][info][gc,heap     ] GC(23) Y:  Capacity:      256M (100%)        256M (100%)        256M (100%)        256M (100%)        256M (100%)        256M (100%)   
[63.278s][info][gc,heap     ] GC(23) Y:      Free:        0M (0%)            0M (0%)            0M (0%)            0M (0%)            0M (0%)            0M (0%)     
[63.278s][info][gc,heap     ] GC(23) Y:      Used:      256M (100%)        256M (100%)        256M (100%)        256M (100%)        256M (100%)        256M (100%)   
[63.278s][info][gc,heap     ] GC(23) Y: Young Generation Statistics:
[63.278s][info][gc,heap     ] GC(23) Y:                Mark Start          Mark End        Relocate Start      Relocate End    
[63.278s][info][gc,heap     ] GC(23) Y:      Used:        0M (0%)            0M (0%)            0M (0%)            0M (0%)     
[63.278s][info][gc,heap     ] GC(23) Y:      Live:         -                 0M (0%)            0M (0%)            0M (0%)     
[63.278s][info][gc,heap     ] GC(23) Y:   Garbage:         -                 0M (0%)            0M (0%)            0M (0%)     
[63.278s][info][gc,heap     ] GC(23) Y: Allocated:         -                 0M (0%)            0M (0%)            0M (0%)     
[63.278s][info][gc,heap     ] GC(23) Y: Reclaimed:         -                  -                 0M (0%)            0M (0%)     
[63.278s][info][gc,heap     ] GC(23) Y:  Promoted:         -                  -                 0M (0%)            0M (0%)     
[63.278s][info][gc,heap     ] GC(23) Y: Compacted:         -                  -                  -                 0M (0%)     
[63.278s][info][gc,phases   ] GC(23) Y: Young Generation (Promote All) 256M(100%)->256M(100%) 0.001s
[63.278s][info][gc,phases   ] GC(23) Y: Young Generation (Collect Roots)
[63.279s][info][gc,phases   ] GC(23) Y: Pause Mark Start (Major) 0.006ms
[63.279s][info][gc,phases   ] GC(23) Y: Concurrent Mark 0.669ms
[63.279s][info][gc,phases   ] GC(23) Y: Pause Mark End 0.005ms
[63.279s][info][gc,phases   ] GC(23) Y: Concurrent Mark Free 0.001ms
[63.279s][info][gc,phases   ] GC(23) Y: Concurrent Reset Relocation Set 0.000ms
[63.279s][info][gc,reloc    ] GC(23) Y: Using tenuring threshold: 0 (Computed)
[63.279s][info][gc,phases   ] GC(23) Y: Concurrent Select Relocation Set 0.090ms
[63.279s][info][gc,phases   ] GC(23) Y: Pause Relocate Start 0.004ms
[63.280s][info][gc,phases   ] GC(23) Y: Concurrent Relocate 0.070ms
[63.280s][info][gc,alloc    ] GC(23) Y:                         Mark Start        Mark End      Relocate Start    Relocate End   
[63.280s][info][gc,alloc    ] GC(23) Y: Allocation Stalls:          1                1                1                1         
[63.280s][info][gc,load     ] GC(23) Y: Load: 0.00 (0%) / 0.00 (0%) / 0.00 (0%)
[63.280s][info][gc,mmu      ] GC(23) Y: MMU: 2ms/70.6%, 5ms/88.0%, 10ms/93.8%, 20ms/96.8%, 50ms/98.7%, 100ms/99.4%
[63.280s][info][gc,marking  ] GC(23) Y: Mark: 2 stripe(s), 1 proactive flush(es), 1 terminate flush(es), 0 completion(s), 0 continuation(s) 
[63.280s][info][gc,nmethod  ] GC(23) Y: NMethods: 310 registered, 12 unregistered
[63.280s][info][gc,metaspace] GC(23) Y: Metaspace: 0M used, 0M committed, 1088M reserved
[63.280s][info][gc,heap     ] GC(23) Y: Min Capacity: 8M(3%)
[63.280s][info][gc,heap     ] GC(23) Y: Max Capacity: 256M(100%)
[63.280s][info][gc,heap     ] GC(23) Y: Soft Max Capacity: 256M(100%)
[63.280s][info][gc,heap     ] GC(23) Y: Heap Statistics:
[63.280s][info][gc,heap     ] GC(23) Y:                Mark Start          Mark End        Relocate Start      Relocate End           High               Low         
[63.280s][info][gc,heap     ] GC(23) Y:  Capacity:      256M (100%)        256M (100%)        256M (100%)        256M (100%)        256M (100%)        256M (100%)   
[63.280s][info][gc,heap     ] GC(23) Y:      Free:        0M (0%)            0M (0%)            0M (0%)            0M (0%)            0M (0%)            0M (0%)     
[63.280s][info][gc,heap     ] GC(23) Y:      Used:      256M (100%)        256M (100%)        256M (100%)        256M (100%)        256M (100%)        256M (100%)   
[63.280s][info][gc,heap     ] GC(23) Y: Young Generation Statistics:
[63.280s][info][gc,heap     ] GC(23) Y:                Mark Start          Mark End        Relocate Start      Relocate End    
[63.280s][info][gc,heap     ] GC(23) Y:      Used:        0M (0%)            0M (0%)            0M (0%)            0M (0%)     
[63.280s][info][gc,heap     ] GC(23) Y:      Live:         -                 0M (0%)            0M (0%)            0M (0%)     
[63.280s][info][gc,heap     ] GC(23) Y:   Garbage:         -                 0M (0%)            0M (0%)            0M (0%)     
[63.280s][info][gc,heap     ] GC(23) Y: Allocated:         -                 0M (0%)            0M (0%)            0M (0%)     
[63.280s][info][gc,heap     ] GC(23) Y: Reclaimed:         -                  -                 0M (0%)            0M (0%)     
[63.280s][info][gc,heap     ] GC(23) Y:  Promoted:         -                  -                 0M (0%)            0M (0%)     
[63.280s][info][gc,heap     ] GC(23) Y: Compacted:         -                  -                  -                 0M (0%)     
[63.280s][info][gc,phases   ] GC(23) Y: Young Generation (Collect Roots) 256M(100%)->256M(100%) 0.001s
[63.280s][info][gc,phases   ] GC(23) O: Old Generation
[63.283s][info][gc,phases   ] GC(23) O: Concurrent Mark 2.633ms
[63.283s][info][gc,phases   ] GC(23) O: Pause Mark End 0.013ms
[63.283s][info][gc,phases   ] GC(23) O: Concurrent Mark Free 0.002ms
[63.283s][info][gc,ref      ] GC(23) O: Clearing All SoftReferences
[63.283s][info][gc,phases   ] GC(23) O: Concurrent Process Non-Strong 0.376ms
[63.283s][info][gc,phases   ] GC(23) O: Concurrent Reset Relocation Set 0.001ms
[63.283s][info][gc,phases   ] GC(23) O: Concurrent Select Relocation Set 0.050ms
[63.283s][info][gc,task     ] GC(23) O: Using 2 Workers for Old Generation
[63.284s][info][gc,task     ] GC(23) O: Using 2 Workers for Old Generation
[63.284s][info][gc,phases   ] GC(23) O: Concurrent Remap Roots 0.322ms
[63.284s][info][gc,phases   ] GC(23) O: Pause Relocate Start 0.006ms
[63.285s][info][gc,phases   ] GC(23) O: Concurrent Relocate 1.164ms
[63.285s][info][gc,alloc    ] GC(23) O:                         Mark Start        Mark End      Relocate Start    Relocate End   
[63.285s][info][gc,alloc    ] GC(23) O: Allocation Stalls:          1                1                1                1         
[63.285s][info][gc,load     ] GC(23) O: Load: 0.00 (0%) / 0.00 (0%) / 0.00 (0%)
[63.285s][info][gc,mmu      ] GC(23) O: MMU: 2ms/70.6%, 5ms/88.0%, 10ms/93.8%, 20ms/96.8%, 50ms/98.7%, 100ms/99.4%
[63.285s][info][gc,marking  ] GC(23) O: Mark: 2 stripe(s), 1 proactive flush(es), 1 terminate flush(es), 0 completion(s), 0 continuation(s) 
[63.285s][info][gc,nmethod  ] GC(23) O: NMethods: 310 registered, 12 unregistered
[63.285s][info][gc,metaspace] GC(23) O: Metaspace: 0M used, 0M committed, 1088M reserved
[63.285s][info][gc,ref      ] GC(23) O:                       Encountered   Discovered     Enqueued 
[63.285s][info][gc,ref      ] GC(23) O: Soft References:               42           16            0 
[63.285s][info][gc,ref      ] GC(23) O: Weak References:               86           42            0 
[63.285s][info][gc,ref      ] GC(23) O: Final References:               0            0            0 
[63.285s][info][gc,ref      ] GC(23) O: Phantom References:             1            1            0 
[63.285s][info][gc,reloc    ] GC(23) O:                        Candidates     Selected     In-Place         Size        Empty    Relocated 
[63.285s][info][gc,reloc    ] GC(23) O: Small Pages:                    2            1            2           4M           0M           1M 
[63.285s][info][gc,reloc    ] GC(23) O: Medium Pages:                   0            0            0           0M           0M           0M 
[63.285s][info][gc,reloc    ] GC(23) O: Large Pages:                  126            0            0         252M           0M           0M 
[63.285s][info][gc,reloc    ] GC(23) O: Forwarding Usage: 0M
[63.285s][info][gc,heap     ] GC(23) O: Min Capacity: 8M(3%)
[63.285s][info][gc,heap     ] GC(23) O: Max Capacity: 256M(100%)
[63.285s][info][gc,heap     ] GC(23) O: Soft Max Capacity: 256M(100%)
[63.285s][info][gc,heap     ] GC(23) O: Heap Statistics:
[63.285s][info][gc,heap     ] GC(23) O:                Mark Start          Mark End        Relocate Start      Relocate End           High               Low         
[63.285s][info][gc,heap     ] GC(23) O:  Capacity:      256M (100%)        256M (100%)        256M (100%)        256M (100%)        256M (100%)        256M (100%)   
[63.285s][info][gc,heap     ] GC(23) O:      Free:        0M (0%)            0M (0%)            0M (0%)            0M (0%)            0M (0%)            0M (0%)     
[63.285s][info][gc,heap     ] GC(23) O:      Used:      256M (100%)        256M (100%)        256M (100%)        256M (100%)        256M (100%)        256M (100%)   
[63.285s][info][gc,heap     ] GC(23) O: Old Generation Statistics:
[63.285s][info][gc,heap     ] GC(23) O:                Mark Start          Mark End        Relocate Start      Relocate End    
[63.285s][info][gc,heap     ] GC(23) O:      Used:      256M (100%)        256M (100%)        256M (100%)        256M (100%)   
[63.285s][info][gc,heap     ] GC(23) O:      Live:         -               253M (99%)         253M (99%)         253M (99%)    
[63.285s][info][gc,heap     ] GC(23) O:   Garbage:         -                 2M (1%)            2M (1%)            0M (0%)     
[63.285s][info][gc,heap     ] GC(23) O: Allocated:         -                 0M (0%)            0M (0%)            2M (1%)     
[63.285s][info][gc,heap     ] GC(23) O: Reclaimed:         -                  -                 0M (0%)            2M (1%)     
[63.285s][info][gc,heap     ] GC(23) O: Compacted:         -                  -                  -                 1M (0%)     
[63.285s][info][gc,phases   ] GC(23) O: Old Generation 256M(100%)->256M(100%) 0.005s
[63.285s][info][gc          ] GC(23) Major Collection (Allocation Stall) 256M(100%)->256M(100%) 0.008s
[63.285s][info][gc          ] Allocation Stall (main) 10.118ms
[63.285s][info][gc          ] Out Of Memory (main)
[63.286s][info][gc          ] GC(24) Minor Collection (Allocation Stall)
[63.286s][info][gc,task     ] GC(24) Using 2 Workers for Young Generation
[63.286s][info][gc,phases   ] GC(24) y: Young Generation
[63.286s][info][gc,phases   ] GC(24) y: Pause Mark Start 0.007ms
[63.287s][info][gc,phases   ] GC(24) y: Concurrent Mark 1.024ms
[63.287s][info][gc,phases   ] GC(24) y: Pause Mark End 0.007ms
[63.287s][info][gc,phases   ] GC(24) y: Concurrent Mark Free 0.000ms
[63.287s][info][gc,phases   ] GC(24) y: Concurrent Reset Relocation Set 0.000ms
[63.287s][info][gc,reloc    ] GC(24) y: Using tenuring threshold: 0 (Computed)
[63.287s][info][gc,phases   ] GC(24) y: Concurrent Select Relocation Set 0.089ms
[63.287s][info][gc,phases   ] GC(24) y: Pause Relocate Start 0.005ms
[63.287s][info][gc,phases   ] GC(24) y: Concurrent Relocate 0.050ms
[63.287s][info][gc,alloc    ] GC(24) y:                         Mark Start        Mark End      Relocate Start    Relocate End   
[63.287s][info][gc,alloc    ] GC(24) y: Allocation Stalls:          1                1                1                1         
[63.287s][info][gc,load     ] GC(24) y: Load: 0.00 (0%) / 0.00 (0%) / 0.00 (0%)
[63.287s][info][gc,mmu      ] GC(24) y: MMU: 2ms/70.6%, 5ms/88.0%, 10ms/93.8%, 20ms/96.8%, 50ms/98.7%, 100ms/99.4%
[63.287s][info][gc,marking  ] GC(24) y: Mark: 2 stripe(s), 1 proactive flush(es), 1 terminate flush(es), 0 completion(s), 0 continuation(s) 
[63.287s][info][gc,nmethod  ] GC(24) y: NMethods: 310 registered, 12 unregistered
[63.287s][info][gc,metaspace] GC(24) y: Metaspace: 0M used, 0M committed, 1088M reserved
[63.287s][info][gc,heap     ] GC(24) y: Min Capacity: 8M(3%)
[63.287s][info][gc,heap     ] GC(24) y: Max Capacity: 256M(100%)
[63.287s][info][gc,heap     ] GC(24) y: Soft Max Capacity: 256M(100%)
[63.287s][info][gc,heap     ] GC(24) y: Heap Statistics:
[63.287s][info][gc,heap     ] GC(24) y:                Mark Start          Mark End        Relocate Start      Relocate End           High               Low         
[63.287s][info][gc,heap     ] GC(24) y:  Capacity:      256M (100%)        256M (100%)        256M (100%)        256M (100%)        256M (100%)        256M (100%)   
[63.287s][info][gc,heap     ] GC(24) y:      Free:        0M (0%)            0M (0%)            0M (0%)            0M (0%)            0M (0%)            0M (0%)     
[63.287s][info][gc,heap     ] GC(24) y:      Used:      256M (100%)        256M (100%)        256M (100%)        256M (100%)        256M (100%)        256M (100%)   
[63.287s][info][gc,heap     ] GC(24) y: Young Generation Statistics:
[63.287s][info][gc,heap     ] GC(24) y:                Mark Start          Mark End        Relocate Start      Relocate End    
[63.287s][info][gc,heap     ] GC(24) y:      Used:        0M (0%)            0M (0%)            0M (0%)            0M (0%)     
[63.287s][info][gc,heap     ] GC(24) y:      Live:         -                 0M (0%)            0M (0%)            0M (0%)     
[63.287s][info][gc,heap     ] GC(24) y:   Garbage:         -                 0M (0%)            0M (0%)            0M (0%)     
[63.287s][info][gc,heap     ] GC(24) y: Allocated:         -                 0M (0%)            0M (0%)            0M (0%)     
[63.287s][info][gc,heap     ] GC(24) y: Reclaimed:         -                  -                 0M (0%)            0M (0%)     
[63.287s][info][gc,heap     ] GC(24) y:  Promoted:         -                  -                 0M (0%)            0M (0%)     
[63.287s][info][gc,heap     ] GC(24) y: Compacted:         -                  -                  -                 0M (0%)     
[63.287s][info][gc,phases   ] GC(24) y: Young Generation 256M(100%)->256M(100%) 0.001s
[63.287s][info][gc          ] GC(24) Minor Collection (Allocation Stall) 256M(100%)->256M(100%) 0.002s
[63.287s][info][gc          ] GC(25) Major Collection (Allocation Stall)
[63.287s][info][gc,task     ] GC(25) Using 2 Workers for Young Generation
[63.288s][info][gc,task     ] GC(25) Using 2 Workers for Old Generation
[63.288s][info][gc,phases   ] GC(25) Y: Young Generation (Promote All)
[63.288s][info][gc,phases   ] GC(25) Y: Pause Mark Start 0.004ms
[63.288s][info][gc,phases   ] GC(25) Y: Concurrent Mark 0.611ms
[63.288s][info][gc,phases   ] GC(25) Y: Pause Mark End 0.005ms
[63.288s][info][gc,phases   ] GC(25) Y: Concurrent Mark Free 0.001ms
[63.288s][info][gc,phases   ] GC(25) Y: Concurrent Reset Relocation Set 0.000ms
[63.288s][info][gc,reloc    ] GC(25) Y: Using tenuring threshold: 0 (Promote All)
[63.288s][info][gc,phases   ] GC(25) Y: Concurrent Select Relocation Set 0.083ms
[63.288s][info][gc,phases   ] GC(25) Y: Pause Relocate Start 0.004ms
[63.288s][info][gc,phases   ] GC(25) Y: Concurrent Relocate 0.046ms
[63.289s][info][gc,alloc    ] GC(25) Y:                         Mark Start        Mark End      Relocate Start    Relocate End   
[63.289s][info][gc,alloc    ] GC(25) Y: Allocation Stalls:          1                1                1                1         
[63.289s][info][gc,load     ] GC(25) Y: Load: 0.00 (0%) / 0.00 (0%) / 0.00 (0%)
[63.289s][info][gc,mmu      ] GC(25) Y: MMU: 2ms/70.6%, 5ms/88.0%, 10ms/93.8%, 20ms/96.8%, 50ms/98.7%, 100ms/99.4%
[63.289s][info][gc,marking  ] GC(25) Y: Mark: 2 stripe(s), 1 proactive flush(es), 1 terminate flush(es), 0 completion(s), 0 continuation(s) 
[63.289s][info][gc,nmethod  ] GC(25) Y: NMethods: 310 registered, 12 unregistered
[63.289s][info][gc,metaspace] GC(25) Y: Metaspace: 0M used, 0M committed, 1088M reserved
[63.289s][info][gc,heap     ] GC(25) Y: Min Capacity: 8M(3%)
[63.289s][info][gc,heap     ] GC(25) Y: Max Capacity: 256M(100%)
[63.289s][info][gc,heap     ] GC(25) Y: Soft Max Capacity: 256M(100%)
[63.289s][info][gc,heap     ] GC(25) Y: Heap Statistics:
[63.289s][info][gc,heap     ] GC(25) Y:                Mark Start          Mark End        Relocate Start      Relocate End           High               Low         
[63.289s][info][gc,heap     ] GC(25) Y:  Capacity:      256M (100%)        256M (100%)        256M (100%)        256M (100%)        256M (100%)        256M (100%)   
[63.289s][info][gc,heap     ] GC(25) Y:      Free:        0M (0%)            0M (0%)            0M (0%)            0M (0%)            0M (0%)            0M (0%)     
[63.289s][info][gc,heap     ] GC(25) Y:      Used:      256M (100%)        256M (100%)        256M (100%)        256M (100%)        256M (100%)        256M (100%)   
[63.289s][info][gc,heap     ] GC(25) Y: Young Generation Statistics:
[63.289s][info][gc,heap     ] GC(25) Y:                Mark Start          Mark End        Relocate Start      Relocate End    
[63.289s][info][gc,heap     ] GC(25) Y:      Used:        0M (0%)            0M (0%)            0M (0%)            0M (0%)     
[63.289s][info][gc,heap     ] GC(25) Y:      Live:         -                 0M (0%)            0M (0%)            0M (0%)     
[63.289s][info][gc,heap     ] GC(25) Y:   Garbage:         -                 0M (0%)            0M (0%)            0M (0%)     
[63.289s][info][gc,heap     ] GC(25) Y: Allocated:         -                 0M (0%)            0M (0%)            0M (0%)     
[63.289s][info][gc,heap     ] GC(25) Y: Reclaimed:         -                  -                 0M (0%)            0M (0%)     
[63.289s][info][gc,heap     ] GC(25) Y:  Promoted:         -                  -                 0M (0%)            0M (0%)     
[63.289s][info][gc,heap     ] GC(25) Y: Compacted:         -                  -                  -                 0M (0%)     
[63.289s][info][gc,phases   ] GC(25) Y: Young Generation (Promote All) 256M(100%)->256M(100%) 0.001s
[63.289s][info][gc,phases   ] GC(25) Y: Young Generation (Collect Roots)
[63.289s][info][gc,phases   ] GC(25) Y: Pause Mark Start (Major) 0.004ms
[63.289s][info][gc,phases   ] GC(25) Y: Concurrent Mark 0.591ms
[63.289s][info][gc,phases   ] GC(25) Y: Pause Mark End 0.004ms
[63.290s][info][gc,phases   ] GC(25) Y: Concurrent Mark Free 0.000ms
[63.290s][info][gc,phases   ] GC(25) Y: Concurrent Reset Relocation Set 0.000ms
[63.290s][info][gc,reloc    ] GC(25) Y: Using tenuring threshold: 0 (Computed)
[63.290s][info][gc,phases   ] GC(25) Y: Concurrent Select Relocation Set 0.104ms
[63.290s][info][gc,phases   ] GC(25) Y: Pause Relocate Start 0.003ms
[63.290s][info][gc,phases   ] GC(25) Y: Concurrent Relocate 0.049ms
[63.290s][info][gc,alloc    ] GC(25) Y:                         Mark Start        Mark End      Relocate Start    Relocate End   
[63.290s][info][gc,alloc    ] GC(25) Y: Allocation Stalls:          1                1                1                1         
[63.290s][info][gc,load     ] GC(25) Y: Load: 0.00 (0%) / 0.00 (0%) / 0.00 (0%)
[63.290s][info][gc,mmu      ] GC(25) Y: MMU: 2ms/70.6%, 5ms/88.0%, 10ms/93.8%, 20ms/96.8%, 50ms/98.7%, 100ms/99.4%
[63.290s][info][gc,marking  ] GC(25) Y: Mark: 2 stripe(s), 1 proactive flush(es), 1 terminate flush(es), 0 completion(s), 0 continuation(s) 
[63.290s][info][gc,nmethod  ] GC(25) Y: NMethods: 310 registered, 12 unregistered
[63.290s][info][gc,metaspace] GC(25) Y: Metaspace: 0M used, 0M committed, 1088M reserved
[63.290s][info][gc,heap     ] GC(25) Y: Min Capacity: 8M(3%)
[63.290s][info][gc,heap     ] GC(25) Y: Max Capacity: 256M(100%)
[63.290s][info][gc,heap     ] GC(25) Y: Soft Max Capacity: 256M(100%)
[63.290s][info][gc,heap     ] GC(25) Y: Heap Statistics:
[63.290s][info][gc,heap     ] GC(25) Y:                Mark Start          Mark End        Relocate Start      Relocate End           High               Low         
[63.290s][info][gc,heap     ] GC(25) Y:  Capacity:      256M (100%)        256M (100%)        256M (100%)        256M (100%)        256M (100%)        256M (100%)   
[63.290s][info][gc,heap     ] GC(25) Y:      Free:        0M (0%)            0M (0%)            0M (0%)            0M (0%)            0M (0%)            0M (0%)     
[63.290s][info][gc,heap     ] GC(25) Y:      Used:      256M (100%)        256M (100%)        256M (100%)        256M (100%)        256M (100%)        256M (100%)   
[63.290s][info][gc,heap     ] GC(25) Y: Young Generation Statistics:
[63.290s][info][gc,heap     ] GC(25) Y:                Mark Start          Mark End        Relocate Start      Relocate End    
[63.290s][info][gc,heap     ] GC(25) Y:      Used:        0M (0%)            0M (0%)            0M (0%)            0M (0%)     
[63.290s][info][gc,heap     ] GC(25) Y:      Live:         -                 0M (0%)            0M (0%)            0M (0%)     
[63.290s][info][gc,heap     ] GC(25) Y:   Garbage:         -                 0M (0%)            0M (0%)            0M (0%)     
[63.290s][info][gc,heap     ] GC(25) Y: Allocated:         -                 0M (0%)            0M (0%)            0M (0%)     
[63.290s][info][gc,heap     ] GC(25) Y: Reclaimed:         -                  -                 0M (0%)            0M (0%)     
[63.290s][info][gc,heap     ] GC(25) Y:  Promoted:         -                  -                 0M (0%)            0M (0%)     
[63.290s][info][gc,heap     ] GC(25) Y: Compacted:         -                  -                  -                 0M (0%)     
[63.290s][info][gc,phases   ] GC(25) Y: Young Generation (Collect Roots) 256M(100%)->256M(100%) 0.001s
[63.290s][info][gc,phases   ] GC(25) O: Old Generation
[63.292s][info][gc,phases   ] GC(25) O: Concurrent Mark 1.742ms
[63.292s][info][gc,phases   ] GC(25) O: Pause Mark End 0.005ms
[63.292s][info][gc,phases   ] GC(25) O: Concurrent Mark Free 0.001ms
[63.292s][info][gc,ref      ] GC(25) O: Clearing All SoftReferences
[63.292s][info][gc,phases   ] GC(25) O: Concurrent Process Non-Strong 0.296ms
[63.292s][info][gc,phases   ] GC(25) O: Concurrent Reset Relocation Set 0.001ms
[63.292s][info][gc,phases   ] GC(25) O: Concurrent Select Relocation Set 0.044ms
[63.292s][info][gc,task     ] GC(25) O: Using 2 Workers for Old Generation
[63.293s][info][gc,task     ] GC(25) O: Using 2 Workers for Old Generation
[63.293s][info][gc,phases   ] GC(25) O: Concurrent Remap Roots 0.324ms
[63.293s][info][gc,phases   ] GC(25) O: Pause Relocate Start 0.004ms
[63.294s][info][gc,phases   ] GC(25) O: Concurrent Relocate 1.090ms
[63.294s][info][gc,alloc    ] GC(25) O:                         Mark Start        Mark End      Relocate Start    Relocate End   
[63.294s][info][gc,alloc    ] GC(25) O: Allocation Stalls:          1                1                1                1         
[63.294s][info][gc,load     ] GC(25) O: Load: 0.00 (0%) / 0.00 (0%) / 0.00 (0%)
[63.294s][info][gc,mmu      ] GC(25) O: MMU: 2ms/70.6%, 5ms/88.0%, 10ms/93.8%, 20ms/96.8%, 50ms/98.7%, 100ms/99.4%
[63.294s][info][gc,marking  ] GC(25) O: Mark: 2 stripe(s), 2 proactive flush(es), 1 terminate flush(es), 0 completion(s), 0 continuation(s) 
[63.294s][info][gc,nmethod  ] GC(25) O: NMethods: 310 registered, 12 unregistered
[63.294s][info][gc,metaspace] GC(25) O: Metaspace: 0M used, 0M committed, 1088M reserved
[63.294s][info][gc,ref      ] GC(25) O:                       Encountered   Discovered     Enqueued 
[63.294s][info][gc,ref      ] GC(25) O: Soft References:               42           10            0 
[63.294s][info][gc,ref      ] GC(25) O: Weak References:               86           24            0 
[63.294s][info][gc,ref      ] GC(25) O: Final References:               0            0            0 
[63.294s][info][gc,ref      ] GC(25) O: Phantom References:             1            1            0 
[63.294s][info][gc,reloc    ] GC(25) O:                        Candidates     Selected     In-Place         Size        Empty    Relocated 
[63.294s][info][gc,reloc    ] GC(25) O: Small Pages:                    2            1            2           4M           0M           1M 
[63.294s][info][gc,reloc    ] GC(25) O: Medium Pages:                   0            0            0           0M           0M           0M 
[63.294s][info][gc,reloc    ] GC(25) O: Large Pages:                  126            0            0         252M           0M           0M 
[63.294s][info][gc,reloc    ] GC(25) O: Forwarding Usage: 0M
[63.294s][info][gc,heap     ] GC(25) O: Min Capacity: 8M(3%)
[63.294s][info][gc,heap     ] GC(25) O: Max Capacity: 256M(100%)
[63.294s][info][gc,heap     ] GC(25) O: Soft Max Capacity: 256M(100%)
[63.294s][info][gc,heap     ] GC(25) O: Heap Statistics:
[63.294s][info][gc,heap     ] GC(25) O:                Mark Start          Mark End        Relocate Start      Relocate End           High               Low         
[63.294s][info][gc,heap     ] GC(25) O:  Capacity:      256M (100%)        256M (100%)        256M (100%)        256M (100%)        256M (100%)        256M (100%)   
[63.294s][info][gc,heap     ] GC(25) O:      Free:        0M (0%)            0M (0%)            0M (0%)            0M (0%)            0M (0%)            0M (0%)     
[63.294s][info][gc,heap     ] GC(25) O:      Used:      256M (100%)        256M (100%)        256M (100%)        256M (100%)        256M (100%)        256M (100%)   
[63.294s][info][gc,heap     ] GC(25) O: Old Generation Statistics:
[63.294s][info][gc,heap     ] GC(25) O:                Mark Start          Mark End        Relocate Start      Relocate End    
[63.294s][info][gc,heap     ] GC(25) O:      Used:      256M (100%)        256M (100%)        256M (100%)        256M (100%)   
[63.294s][info][gc,heap     ] GC(25) O:      Live:         -               253M (99%)         253M (99%)         253M (99%)    
[63.294s][info][gc,heap     ] GC(25) O:   Garbage:         -                 2M (1%)            2M (1%)            0M (0%)     
[63.294s][info][gc,heap     ] GC(25) O: Allocated:         -                 0M (0%)            0M (0%)            2M (1%)     
[63.294s][info][gc,heap     ] GC(25) O: Reclaimed:         -                  -                 0M (0%)            2M (1%)     
[63.294s][info][gc,heap     ] GC(25) O: Compacted:         -                  -                  -                 1M (0%)     
[63.294s][info][gc,phases   ] GC(25) O: Old Generation 256M(100%)->256M(100%) 0.004s
[63.294s][info][gc          ] GC(25) Major Collection (Allocation Stall) 256M(100%)->256M(100%) 0.007s
[63.294s][info][gc          ] Allocation Stall (main) 8.488ms
[63.294s][info][gc          ] GC(26) Minor Collection (Allocation Stall)
[63.294s][info][gc,task     ] GC(26) Using 2 Workers for Young Generation
[63.294s][info][gc,phases   ] GC(26) y: Young Generation
[63.294s][info][gc,phases   ] GC(26) y: Pause Mark Start 0.004ms
[63.295s][info][gc,phases   ] GC(26) y: Concurrent Mark 0.862ms
[63.295s][info][gc,phases   ] GC(26) y: Pause Mark End 0.005ms
[63.295s][info][gc,phases   ] GC(26) y: Concurrent Mark Free 0.001ms
[63.295s][info][gc,phases   ] GC(26) y: Concurrent Reset Relocation Set 0.000ms
[63.295s][info][gc,reloc    ] GC(26) y: Using tenuring threshold: 0 (Computed)
[63.295s][info][gc,phases   ] GC(26) y: Concurrent Select Relocation Set 0.082ms
[63.295s][info][gc,phases   ] GC(26) y: Pause Relocate Start 0.003ms
[63.295s][info][gc,phases   ] GC(26) y: Concurrent Relocate 0.047ms
[63.295s][info][gc,alloc    ] GC(26) y:                         Mark Start        Mark End      Relocate Start    Relocate End   
[63.295s][info][gc,alloc    ] GC(26) y: Allocation Stalls:          1                1                1                1         
[63.295s][info][gc,load     ] GC(26) y: Load: 0.00 (0%) / 0.00 (0%) / 0.00 (0%)
[63.295s][info][gc,mmu      ] GC(26) y: MMU: 2ms/70.6%, 5ms/88.0%, 10ms/93.8%, 20ms/96.8%, 50ms/98.7%, 100ms/99.4%
[63.295s][info][gc,marking  ] GC(26) y: Mark: 2 stripe(s), 1 proactive flush(es), 1 terminate flush(es), 0 completion(s), 0 continuation(s) 
[63.296s][info][gc,nmethod  ] GC(26) y: NMethods: 310 registered, 12 unregistered
[63.296s][info][gc,metaspace] GC(26) y: Metaspace: 0M used, 0M committed, 1088M reserved
[63.296s][info][gc,heap     ] GC(26) y: Min Capacity: 8M(3%)
[63.296s][info][gc,heap     ] GC(26) y: Max Capacity: 256M(100%)
[63.296s][info][gc,heap     ] GC(26) y: Soft Max Capacity: 256M(100%)
[63.296s][info][gc,heap     ] GC(26) y: Heap Statistics:
[63.296s][info][gc,heap     ] GC(26) y:                Mark Start          Mark End        Relocate Start      Relocate End           High               Low         
[63.296s][info][gc,heap     ] GC(26) y:  Capacity:      256M (100%)        256M (100%)        256M (100%)        256M (100%)        256M (100%)        256M (100%)   
[63.296s][info][gc,heap     ] GC(26) y:      Free:        0M (0%)            0M (0%)            0M (0%)            0M (0%)            0M (0%)            0M (0%)     
[63.296s][info][gc,heap     ] GC(26) y:      Used:      256M (100%)        256M (100%)        256M (100%)        256M (100%)        256M (100%)        256M (100%)   
[63.296s][info][gc,heap     ] GC(26) y: Young Generation Statistics:
[63.296s][info][gc,heap     ] GC(26) y:                Mark Start          Mark End        Relocate Start      Relocate End    
[63.296s][info][gc,heap     ] GC(26) y:      Used:        0M (0%)            0M (0%)            0M (0%)            0M (0%)     
[63.296s][info][gc,heap     ] GC(26) y:      Live:         -                 0M (0%)            0M (0%)            0M (0%)     
[63.296s][info][gc,heap     ] GC(26) y:   Garbage:         -                 0M (0%)            0M (0%)            0M (0%)     
[63.296s][info][gc,heap     ] GC(26) y: Allocated:         -                 0M (0%)            0M (0%)            0M (0%)     
[63.296s][info][gc,heap     ] GC(26) y: Reclaimed:         -                  -                 0M (0%)            0M (0%)     
[63.296s][info][gc,heap     ] GC(26) y:  Promoted:         -                  -                 0M (0%)            0M (0%)     
[63.296s][info][gc,heap     ] GC(26) y: Compacted:         -                  -                  -                 0M (0%)     
[63.296s][info][gc,phases   ] GC(26) y: Young Generation 256M(100%)->256M(100%) 0.001s
[63.296s][info][gc          ] GC(26) Minor Collection (Allocation Stall) 256M(100%)->256M(100%) 0.002s
[63.296s][info][gc          ] GC(27) Major Collection (Allocation Stall)
[63.296s][info][gc,task     ] GC(27) Using 2 Workers for Young Generation
[63.296s][info][gc,task     ] GC(27) Using 2 Workers for Old Generation
[63.296s][info][gc,phases   ] GC(27) Y: Young Generation (Promote All)
[63.296s][info][gc,phases   ] GC(27) Y: Pause Mark Start 0.005ms
[63.297s][info][gc,phases   ] GC(27) Y: Concurrent Mark 0.809ms
[63.297s][info][gc,phases   ] GC(27) Y: Pause Mark End 0.007ms
[63.297s][info][gc,phases   ] GC(27) Y: Concurrent Mark Free 0.001ms
[63.297s][info][gc,phases   ] GC(27) Y: Concurrent Reset Relocation Set 0.001ms
[63.297s][info][gc,reloc    ] GC(27) Y: Using tenuring threshold: 0 (Promote All)
[63.297s][info][gc,phases   ] GC(27) Y: Concurrent Select Relocation Set 0.135ms
[63.297s][info][gc,phases   ] GC(27) Y: Pause Relocate Start 0.005ms
[63.297s][info][gc,phases   ] GC(27) Y: Concurrent Relocate 0.062ms
[63.297s][info][gc,alloc    ] GC(27) Y:                         Mark Start        Mark End      Relocate Start    Relocate End   
[63.297s][info][gc,alloc    ] GC(27) Y: Allocation Stalls:          1                1                1                1         
[63.297s][info][gc,load     ] GC(27) Y: Load: 0.00 (0%) / 0.00 (0%) / 0.00 (0%)
[63.297s][info][gc,mmu      ] GC(27) Y: MMU: 2ms/70.6%, 5ms/88.0%, 10ms/93.8%, 20ms/96.8%, 50ms/98.7%, 100ms/99.4%
[63.297s][info][gc,marking  ] GC(27) Y: Mark: 2 stripe(s), 1 proactive flush(es), 1 terminate flush(es), 0 completion(s), 0 continuation(s) 
[63.297s][info][gc,nmethod  ] GC(27) Y: NMethods: 310 registered, 12 unregistered
[63.297s][info][gc,metaspace] GC(27) Y: Metaspace: 0M used, 0M committed, 1088M reserved
[63.297s][info][gc,heap     ] GC(27) Y: Min Capacity: 8M(3%)
[63.297s][info][gc,heap     ] GC(27) Y: Max Capacity: 256M(100%)
[63.297s][info][gc,heap     ] GC(27) Y: Soft Max Capacity: 256M(100%)
[63.297s][info][gc,heap     ] GC(27) Y: Heap Statistics:
[63.297s][info][gc,heap     ] GC(27) Y:                Mark Start          Mark End        Relocate Start      Relocate End           High               Low         
[63.297s][info][gc,heap     ] GC(27) Y:  Capacity:      256M (100%)        256M (100%)        256M (100%)        256M (100%)        256M (100%)        256M (100%)   
[63.297s][info][gc,heap     ] GC(27) Y:      Free:        0M (0%)            0M (0%)            0M (0%)            0M (0%)            0M (0%)            0M (0%)     
[63.297s][info][gc,heap     ] GC(27) Y:      Used:      256M (100%)        256M (100%)        256M (100%)        256M (100%)        256M (100%)        256M (100%)   
[63.297s][info][gc,heap     ] GC(27) Y: Young Generation Statistics:
[63.297s][info][gc,heap     ] GC(27) Y:                Mark Start          Mark End        Relocate Start      Relocate End    
[63.297s][info][gc,heap     ] GC(27) Y:      Used:        0M (0%)            0M (0%)            0M (0%)            0M (0%)     
[63.297s][info][gc,heap     ] GC(27) Y:      Live:         -                 0M (0%)            0M (0%)            0M (0%)     
[63.297s][info][gc,heap     ] GC(27) Y:   Garbage:         -                 0M (0%)            0M (0%)            0M (0%)     
[63.297s][info][gc,heap     ] GC(27) Y: Allocated:         -                 0M (0%)            0M (0%)            0M (0%)     
[63.297s][info][gc,heap     ] GC(27) Y: Reclaimed:         -                  -                 0M (0%)            0M (0%)     
[63.297s][info][gc,heap     ] GC(27) Y:  Promoted:         -                  -                 0M (0%)            0M (0%)     
[63.297s][info][gc,heap     ] GC(27) Y: Compacted:         -                  -                  -                 0M (0%)     
[63.297s][info][gc,phases   ] GC(27) Y: Young Generation (Promote All) 256M(100%)->256M(100%) 0.001s
[63.297s][info][gc,phases   ] GC(27) Y: Young Generation (Collect Roots)
[63.297s][info][gc,phases   ] GC(27) Y: Pause Mark Start (Major) 0.006ms
[63.298s][info][gc,phases   ] GC(27) Y: Concurrent Mark 0.853ms
[63.298s][info][gc,phases   ] GC(27) Y: Pause Mark End 0.007ms
[63.298s][info][gc,phases   ] GC(27) Y: Concurrent Mark Free 0.001ms
[63.298s][info][gc,phases   ] GC(27) Y: Concurrent Reset Relocation Set 0.000ms
[63.298s][info][gc,reloc    ] GC(27) Y: Using tenuring threshold: 0 (Computed)
[63.298s][info][gc,phases   ] GC(27) Y: Concurrent Select Relocation Set 0.096ms
[63.299s][info][gc,phases   ] GC(27) Y: Pause Relocate Start 0.004ms
[63.299s][info][gc,phases   ] GC(27) Y: Concurrent Relocate 0.049ms
[63.299s][info][gc,alloc    ] GC(27) Y:                         Mark Start        Mark End      Relocate Start    Relocate End   
[63.299s][info][gc,alloc    ] GC(27) Y: Allocation Stalls:          1                1                1                1         
[63.299s][info][gc,load     ] GC(27) Y: Load: 0.00 (0%) / 0.00 (0%) / 0.00 (0%)
[63.299s][info][gc,mmu      ] GC(27) Y: MMU: 2ms/70.6%, 5ms/88.0%, 10ms/93.8%, 20ms/96.8%, 50ms/98.7%, 100ms/99.4%
[63.299s][info][gc,marking  ] GC(27) Y: Mark: 2 stripe(s), 1 proactive flush(es), 1 terminate flush(es), 0 completion(s), 0 continuation(s) 
[63.299s][info][gc,nmethod  ] GC(27) Y: NMethods: 310 registered, 12 unregistered
[63.299s][info][gc,metaspace] GC(27) Y: Metaspace: 0M used, 0M committed, 1088M reserved
[63.299s][info][gc,heap     ] GC(27) Y: Min Capacity: 8M(3%)
[63.299s][info][gc,heap     ] GC(27) Y: Max Capacity: 256M(100%)
[63.299s][info][gc,heap     ] GC(27) Y: Soft Max Capacity: 256M(100%)
[63.299s][info][gc,heap     ] GC(27) Y: Heap Statistics:
[63.299s][info][gc,heap     ] GC(27) Y:                Mark Start          Mark End        Relocate Start      Relocate End           High               Low         
[63.299s][info][gc,heap     ] GC(27) Y:  Capacity:      256M (100%)        256M (100%)        256M (100%)        256M (100%)        256M (100%)        256M (100%)   
[63.299s][info][gc,heap     ] GC(27) Y:      Free:        0M (0%)            0M (0%)            0M (0%)            0M (0%)            0M (0%)            0M (0%)     
[63.299s][info][gc,heap     ] GC(27) Y:      Used:      256M (100%)        256M (100%)        256M (100%)        256M (100%)        256M (100%)        256M (100%)   
[63.299s][info][gc,heap     ] GC(27) Y: Young Generation Statistics:
[63.299s][info][gc,heap     ] GC(27) Y:                Mark Start          Mark End        Relocate Start      Relocate End    
[63.299s][info][gc,heap     ] GC(27) Y:      Used:        0M (0%)            0M (0%)            0M (0%)            0M (0%)     
[63.299s][info][gc,heap     ] GC(27) Y:      Live:         -                 0M (0%)            0M (0%)            0M (0%)     
[63.299s][info][gc,heap     ] GC(27) Y:   Garbage:         -                 0M (0%)            0M (0%)            0M (0%)     
[63.299s][info][gc,heap     ] GC(27) Y: Allocated:         -                 0M (0%)            0M (0%)            0M (0%)     
[63.299s][info][gc,heap     ] GC(27) Y: Reclaimed:         -                  -                 0M (0%)            0M (0%)     
[63.299s][info][gc,heap     ] GC(27) Y:  Promoted:         -                  -                 0M (0%)            0M (0%)     
[63.299s][info][gc,heap     ] GC(27) Y: Compacted:         -                  -                  -                 0M (0%)     
[63.299s][info][gc,phases   ] GC(27) Y: Young Generation (Collect Roots) 256M(100%)->256M(100%) 0.001s
[63.299s][info][gc,phases   ] GC(27) O: Old Generation
[63.301s][info][gc,phases   ] GC(27) O: Concurrent Mark 1.670ms
[63.301s][info][gc,phases   ] GC(27) O: Pause Mark End 0.009ms
[63.301s][info][gc,phases   ] GC(27) O: Concurrent Mark Free 0.002ms
[63.301s][info][gc,ref      ] GC(27) O: Clearing All SoftReferences
[63.301s][info][gc,phases   ] GC(27) O: Concurrent Process Non-Strong 0.372ms
[63.301s][info][gc,phases   ] GC(27) O: Concurrent Reset Relocation Set 0.001ms
[63.301s][info][gc,phases   ] GC(27) O: Concurrent Select Relocation Set 0.053ms
[63.301s][info][gc,task     ] GC(27) O: Using 2 Workers for Old Generation
[63.301s][info][gc,task     ] GC(27) O: Using 2 Workers for Old Generation
[63.301s][info][gc,phases   ] GC(27) O: Concurrent Remap Roots 0.346ms
[63.302s][info][gc,phases   ] GC(27) O: Pause Relocate Start 0.007ms
[63.303s][info][gc,phases   ] GC(27) O: Concurrent Relocate 1.408ms
[63.303s][info][gc,alloc    ] GC(27) O:                         Mark Start        Mark End      Relocate Start    Relocate End   
[63.303s][info][gc,alloc    ] GC(27) O: Allocation Stalls:          1                1                1                1         
[63.303s][info][gc,load     ] GC(27) O: Load: 0.00 (0%) / 0.00 (0%) / 0.00 (0%)
[63.303s][info][gc,mmu      ] GC(27) O: MMU: 2ms/70.6%, 5ms/88.0%, 10ms/93.8%, 20ms/96.8%, 50ms/98.7%, 100ms/99.4%
[63.303s][info][gc,marking  ] GC(27) O: Mark: 2 stripe(s), 1 proactive flush(es), 1 terminate flush(es), 0 completion(s), 0 continuation(s) 
[63.303s][info][gc,nmethod  ] GC(27) O: NMethods: 310 registered, 12 unregistered
[63.303s][info][gc,metaspace] GC(27) O: Metaspace: 0M used, 0M committed, 1088M reserved
[63.303s][info][gc,ref      ] GC(27) O:                       Encountered   Discovered     Enqueued 
[63.303s][info][gc,ref      ] GC(27) O: Soft References:               42           16            0 
[63.303s][info][gc,ref      ] GC(27) O: Weak References:               86           41            0 
[63.303s][info][gc,ref      ] GC(27) O: Final References:               0            0            0 
[63.303s][info][gc,ref      ] GC(27) O: Phantom References:             1            1            0 
[63.303s][info][gc,reloc    ] GC(27) O:                        Candidates     Selected     In-Place         Size        Empty    Relocated 
[63.303s][info][gc,reloc    ] GC(27) O: Small Pages:                    2            1            2           4M           0M           1M 
[63.303s][info][gc,reloc    ] GC(27) O: Medium Pages:                   0            0            0           0M           0M           0M 
[63.303s][info][gc,reloc    ] GC(27) O: Large Pages:                  126            0            0         252M           0M           0M 
[63.303s][info][gc,reloc    ] GC(27) O: Forwarding Usage: 0M
[63.303s][info][gc,heap     ] GC(27) O: Min Capacity: 8M(3%)
[63.303s][info][gc,heap     ] GC(27) O: Max Capacity: 256M(100%)
[63.303s][info][gc,heap     ] GC(27) O: Soft Max Capacity: 256M(100%)
[63.303s][info][gc,heap     ] GC(27) O: Heap Statistics:
[63.303s][info][gc,heap     ] GC(27) O:                Mark Start          Mark End        Relocate Start      Relocate End           High               Low         
[63.303s][info][gc,heap     ] GC(27) O:  Capacity:      256M (100%)        256M (100%)        256M (100%)        256M (100%)        256M (100%)        256M (100%)   
[63.303s][info][gc,heap     ] GC(27) O:      Free:        0M (0%)            0M (0%)            0M (0%)            0M (0%)            0M (0%)            0M (0%)     
[63.303s][info][gc,heap     ] GC(27) O:      Used:      256M (100%)        256M (100%)        256M (100%)        256M (100%)        256M (100%)        256M (100%)   
[63.303s][info][gc,heap     ] GC(27) O: Old Generation Statistics:
[63.303s][info][gc,heap     ] GC(27) O:                Mark Start          Mark End        Relocate Start      Relocate End    
[63.303s][info][gc,heap     ] GC(27) O:      Used:      256M (100%)        256M (100%)        256M (100%)        256M (100%)   
[63.303s][info][gc,heap     ] GC(27) O:      Live:         -               253M (99%)         253M (99%)         253M (99%)    
[63.303s][info][gc,heap     ] GC(27) O:   Garbage:         -                 2M (1%)            2M (1%)            0M (0%)     
[63.303s][info][gc,heap     ] GC(27) O: Allocated:         -                 0M (0%)            0M (0%)            2M (1%)     
[63.303s][info][gc,heap     ] GC(27) O: Reclaimed:         -                  -                 0M (0%)            2M (1%)     
[63.303s][info][gc,heap     ] GC(27) O: Compacted:         -                  -                  -                 1M (0%)     
[63.303s][info][gc,phases   ] GC(27) O: Old Generation 256M(100%)->256M(100%) 0.004s
[63.303s][info][gc          ] GC(27) Major Collection (Allocation Stall) 256M(100%)->256M(100%) 0.008s
[63.303s][info][gc          ] Allocation Stall (main) 9.297ms
[63.303s][info][gc          ] Out Of Memory (main)
[63.304s][info][gc          ] GC(28) Minor Collection (Allocation Stall)
[63.304s][info][gc,task     ] GC(28) Using 2 Workers for Young Generation
[63.304s][info][gc,phases   ] GC(28) y: Young Generation
[63.304s][info][gc,phases   ] GC(28) y: Pause Mark Start 0.007ms
[63.304s][info][gc,phases   ] GC(28) y: Concurrent Mark 0.747ms
[63.305s][info][gc,phases   ] GC(28) y: Pause Mark End 0.005ms
[63.305s][info][gc,phases   ] GC(28) y: Concurrent Mark Free 0.001ms
[63.305s][info][gc,phases   ] GC(28) y: Concurrent Reset Relocation Set 0.000ms
[63.305s][info][gc,reloc    ] GC(28) y: Using tenuring threshold: 0 (Computed)
[63.305s][info][gc,phases   ] GC(28) y: Concurrent Select Relocation Set 0.094ms
[63.305s][info][gc,phases   ] GC(28) y: Pause Relocate Start 0.004ms
[63.305s][info][gc,phases   ] GC(28) y: Concurrent Relocate 0.052ms
[63.305s][info][gc,alloc    ] GC(28) y:                         Mark Start        Mark End      Relocate Start    Relocate End   
[63.305s][info][gc,alloc    ] GC(28) y: Allocation Stalls:          1                1                1                1         
[63.305s][info][gc,load     ] GC(28) y: Load: 0.00 (0%) / 0.00 (0%) / 0.00 (0%)
[63.305s][info][gc,mmu      ] GC(28) y: MMU: 2ms/70.6%, 5ms/88.0%, 10ms/93.8%, 20ms/96.8%, 50ms/98.7%, 100ms/99.4%
[63.305s][info][gc,marking  ] GC(28) y: Mark: 2 stripe(s), 1 proactive flush(es), 1 terminate flush(es), 0 completion(s), 0 continuation(s) 
[63.305s][info][gc,nmethod  ] GC(28) y: NMethods: 310 registered, 12 unregistered
[63.305s][info][gc,metaspace] GC(28) y: Metaspace: 0M used, 0M committed, 1088M reserved
[63.305s][info][gc,heap     ] GC(28) y: Min Capacity: 8M(3%)
[63.305s][info][gc,heap     ] GC(28) y: Max Capacity: 256M(100%)
[63.305s][info][gc,heap     ] GC(28) y: Soft Max Capacity: 256M(100%)
[63.305s][info][gc,heap     ] GC(28) y: Heap Statistics:
[63.305s][info][gc,heap     ] GC(28) y:                Mark Start          Mark End        Relocate Start      Relocate End           High               Low         
[63.305s][info][gc,heap     ] GC(28) y:  Capacity:      256M (100%)        256M (100%)        256M (100%)        256M (100%)        256M (100%)        256M (100%)   
[63.305s][info][gc,heap     ] GC(28) y:      Free:        0M (0%)            0M (0%)            0M (0%)            0M (0%)            0M (0%)            0M (0%)     
[63.305s][info][gc,heap     ] GC(28) y:      Used:      256M (100%)        256M (100%)        256M (100%)        256M (100%)        256M (100%)        256M (100%)   
[63.305s][info][gc,heap     ] GC(28) y: Young Generation Statistics:
[63.305s][info][gc,heap     ] GC(28) y:                Mark Start          Mark End        Relocate Start      Relocate End    
[63.305s][info][gc,heap     ] GC(28) y:      Used:        0M (0%)            0M (0%)            0M (0%)            0M (0%)     
[63.305s][info][gc,heap     ] GC(28) y:      Live:         -                 0M (0%)            0M (0%)            0M (0%)     
[63.305s][info][gc,heap     ] GC(28) y:   Garbage:         -                 0M (0%)            0M (0%)            0M (0%)     
[63.305s][info][gc,heap     ] GC(28) y: Allocated:         -                 0M (0%)            0M (0%)            0M (0%)     
[63.305s][info][gc,heap     ] GC(28) y: Reclaimed:         -                  -                 0M (0%)            0M (0%)     
[63.305s][info][gc,heap     ] GC(28) y:  Promoted:         -                  -                 0M (0%)            0M (0%)     
[63.305s][info][gc,heap     ] GC(28) y: Compacted:         -                  -                  -                 0M (0%)     
[63.305s][info][gc,phases   ] GC(28) y: Young Generation 256M(100%)->256M(100%) 0.001s
[63.305s][info][gc          ] GC(28) Minor Collection (Allocation Stall) 256M(100%)->256M(100%) 0.001s
[63.305s][info][gc          ] GC(29) Major Collection (Allocation Stall)
[63.305s][info][gc,task     ] GC(29) Using 2 Workers for Young Generation
[63.305s][info][gc,task     ] GC(29) Using 2 Workers for Old Generation
[63.305s][info][gc,phases   ] GC(29) Y: Young Generation (Promote All)
[63.305s][info][gc,phases   ] GC(29) Y: Pause Mark Start 0.004ms
[63.306s][info][gc,phases   ] GC(29) Y: Concurrent Mark 0.634ms
[63.306s][info][gc,phases   ] GC(29) Y: Pause Mark End 0.005ms
[63.306s][info][gc,phases   ] GC(29) Y: Concurrent Mark Free 0.001ms
[63.306s][info][gc,phases   ] GC(29) Y: Concurrent Reset Relocation Set 0.000ms
[63.306s][info][gc,reloc    ] GC(29) Y: Using tenuring threshold: 0 (Promote All)
[63.306s][info][gc,phases   ] GC(29) Y: Concurrent Select Relocation Set 0.081ms
[63.306s][info][gc,phases   ] GC(29) Y: Pause Relocate Start 0.004ms
[63.306s][info][gc,phases   ] GC(29) Y: Concurrent Relocate 0.049ms
[63.306s][info][gc,alloc    ] GC(29) Y:                         Mark Start        Mark End      Relocate Start    Relocate End   
[63.306s][info][gc,alloc    ] GC(29) Y: Allocation Stalls:          1                1                1                1         
[63.306s][info][gc,load     ] GC(29) Y: Load: 0.00 (0%) / 0.00 (0%) / 0.00 (0%)
[63.306s][info][gc,mmu      ] GC(29) Y: MMU: 2ms/70.6%, 5ms/88.0%, 10ms/93.8%, 20ms/96.8%, 50ms/98.7%, 100ms/99.4%
[63.306s][info][gc,marking  ] GC(29) Y: Mark: 2 stripe(s), 1 proactive flush(es), 1 terminate flush(es), 0 completion(s), 0 continuation(s) 
[63.306s][info][gc,nmethod  ] GC(29) Y: NMethods: 310 registered, 12 unregistered
[63.306s][info][gc,metaspace] GC(29) Y: Metaspace: 0M used, 0M committed, 1088M reserved
[63.306s][info][gc,heap     ] GC(29) Y: Min Capacity: 8M(3%)
[63.306s][info][gc,heap     ] GC(29) Y: Max Capacity: 256M(100%)
[63.306s][info][gc,heap     ] GC(29) Y: Soft Max Capacity: 256M(100%)
[63.306s][info][gc,heap     ] GC(29) Y: Heap Statistics:
[63.306s][info][gc,heap     ] GC(29) Y:                Mark Start          Mark End        Relocate Start      Relocate End           High               Low         
[63.306s][info][gc,heap     ] GC(29) Y:  Capacity:      256M (100%)        256M (100%)        256M (100%)        256M (100%)        256M (100%)        256M (100%)   
[63.306s][info][gc,heap     ] GC(29) Y:      Free:        0M (0%)            0M (0%)            0M (0%)            0M (0%)            0M (0%)            0M (0%)     
[63.306s][info][gc,heap     ] GC(29) Y:      Used:      256M (100%)        256M (100%)        256M (100%)        256M (100%)        256M (100%)        256M (100%)   
[63.306s][info][gc,heap     ] GC(29) Y: Young Generation Statistics:
[63.306s][info][gc,heap     ] GC(29) Y:                Mark Start          Mark End        Relocate Start      Relocate End    
[63.306s][info][gc,heap     ] GC(29) Y:      Used:        0M (0%)            0M (0%)            0M (0%)            0M (0%)     
[63.306s][info][gc,heap     ] GC(29) Y:      Live:         -                 0M (0%)            0M (0%)            0M (0%)     
[63.306s][info][gc,heap     ] GC(29) Y:   Garbage:         -                 0M (0%)            0M (0%)            0M (0%)     
[63.306s][info][gc,heap     ] GC(29) Y: Allocated:         -                 0M (0%)            0M (0%)            0M (0%)     
[63.306s][info][gc,heap     ] GC(29) Y: Reclaimed:         -                  -                 0M (0%)            0M (0%)     
[63.306s][info][gc,heap     ] GC(29) Y:  Promoted:         -                  -                 0M (0%)            0M (0%)     
[63.306s][info][gc,heap     ] GC(29) Y: Compacted:         -                  -                  -                 0M (0%)     
[63.306s][info][gc,phases   ] GC(29) Y: Young Generation (Promote All) 256M(100%)->256M(100%) 0.001s
[63.306s][info][gc,phases   ] GC(29) Y: Young Generation (Collect Roots)
[63.306s][info][gc,phases   ] GC(29) Y: Pause Mark Start (Major) 0.005ms
[63.307s][info][gc,phases   ] GC(29) Y: Concurrent Mark 0.604ms
[63.307s][info][gc,phases   ] GC(29) Y: Pause Mark End 0.004ms
[63.307s][info][gc,phases   ] GC(29) Y: Concurrent Mark Free 0.000ms
[63.307s][info][gc,phases   ] GC(29) Y: Concurrent Reset Relocation Set 0.000ms
[63.307s][info][gc,reloc    ] GC(29) Y: Using tenuring threshold: 0 (Computed)
[63.307s][info][gc,phases   ] GC(29) Y: Concurrent Select Relocation Set 0.083ms
[63.307s][info][gc,phases   ] GC(29) Y: Pause Relocate Start 0.003ms
[63.307s][info][gc,phases   ] GC(29) Y: Concurrent Relocate 0.049ms
[63.307s][info][gc,alloc    ] GC(29) Y:                         Mark Start        Mark End      Relocate Start    Relocate End   
[63.307s][info][gc,alloc    ] GC(29) Y: Allocation Stalls:          1                1                1                1         
[63.307s][info][gc,load     ] GC(29) Y: Load: 0.00 (0%) / 0.00 (0%) / 0.00 (0%)
[63.307s][info][gc,mmu      ] GC(29) Y: MMU: 2ms/70.6%, 5ms/88.0%, 10ms/93.8%, 20ms/96.8%, 50ms/98.7%, 100ms/99.4%
[63.307s][info][gc,marking  ] GC(29) Y: Mark: 2 stripe(s), 1 proactive flush(es), 1 terminate flush(es), 0 completion(s), 0 continuation(s) 
[63.307s][info][gc,nmethod  ] GC(29) Y: NMethods: 310 registered, 12 unregistered
[63.308s][info][gc,metaspace] GC(29) Y: Metaspace: 0M used, 0M committed, 1088M reserved
[63.308s][info][gc,heap     ] GC(29) Y: Min Capacity: 8M(3%)
[63.308s][info][gc,heap     ] GC(29) Y: Max Capacity: 256M(100%)
[63.308s][info][gc,heap     ] GC(29) Y: Soft Max Capacity: 256M(100%)
[63.308s][info][gc,heap     ] GC(29) Y: Heap Statistics:
[63.308s][info][gc,heap     ] GC(29) Y:                Mark Start          Mark End        Relocate Start      Relocate End           High               Low         
[63.308s][info][gc,heap     ] GC(29) Y:  Capacity:      256M (100%)        256M (100%)        256M (100%)        256M (100%)        256M (100%)        256M (100%)   
[63.308s][info][gc,heap     ] GC(29) Y:      Free:        0M (0%)            0M (0%)            0M (0%)            0M (0%)            0M (0%)            0M (0%)     
[63.308s][info][gc,heap     ] GC(29) Y:      Used:      256M (100%)        256M (100%)        256M (100%)        256M (100%)        256M (100%)        256M (100%)   
[63.308s][info][gc,heap     ] GC(29) Y: Young Generation Statistics:
[63.308s][info][gc,heap     ] GC(29) Y:                Mark Start          Mark End        Relocate Start      Relocate End    
[63.308s][info][gc,heap     ] GC(29) Y:      Used:        0M (0%)            0M (0%)            0M (0%)            0M (0%)     
[63.308s][info][gc,heap     ] GC(29) Y:      Live:         -                 0M (0%)            0M (0%)            0M (0%)     
[63.308s][info][gc,heap     ] GC(29) Y:   Garbage:         -                 0M (0%)            0M (0%)            0M (0%)     
[63.308s][info][gc,heap     ] GC(29) Y: Allocated:         -                 0M (0%)            0M (0%)            0M (0%)     
[63.308s][info][gc,heap     ] GC(29) Y: Reclaimed:         -                  -                 0M (0%)            0M (0%)     
[63.308s][info][gc,heap     ] GC(29) Y:  Promoted:         -                  -                 0M (0%)            0M (0%)     
[63.308s][info][gc,heap     ] GC(29) Y: Compacted:         -                  -                  -                 0M (0%)     
[63.308s][info][gc,phases   ] GC(29) Y: Young Generation (Collect Roots) 256M(100%)->256M(100%) 0.001s
[63.308s][info][gc,phases   ] GC(29) O: Old Generation
[63.309s][info][gc,phases   ] GC(29) O: Concurrent Mark 1.727ms
[63.310s][info][gc,phases   ] GC(29) O: Pause Mark End 0.005ms
[63.310s][info][gc,phases   ] GC(29) O: Concurrent Mark Free 0.002ms
[63.310s][info][gc,ref      ] GC(29) O: Clearing All SoftReferences
[63.310s][info][gc,phases   ] GC(29) O: Concurrent Process Non-Strong 0.353ms
[63.310s][info][gc,phases   ] GC(29) O: Concurrent Reset Relocation Set 0.001ms
[63.310s][info][gc,phases   ] GC(29) O: Concurrent Select Relocation Set 0.065ms
[63.310s][info][gc,task     ] GC(29) O: Using 2 Workers for Old Generation
[63.310s][info][gc,task     ] GC(29) O: Using 2 Workers for Old Generation
[63.310s][info][gc,phases   ] GC(29) O: Concurrent Remap Roots 0.358ms
[63.310s][info][gc,phases   ] GC(29) O: Pause Relocate Start 0.005ms
[63.312s][info][gc,phases   ] GC(29) O: Concurrent Relocate 1.337ms
[63.312s][info][gc,alloc    ] GC(29) O:                         Mark Start        Mark End      Relocate Start    Relocate End   
[63.312s][info][gc,alloc    ] GC(29) O: Allocation Stalls:          1                1                1                1         
[63.312s][info][gc,load     ] GC(29) O: Load: 0.00 (0%) / 0.00 (0%) / 0.00 (0%)
[63.312s][info][gc,mmu      ] GC(29) O: MMU: 2ms/70.6%, 5ms/88.0%, 10ms/93.8%, 20ms/96.8%, 50ms/98.7%, 100ms/99.4%
[63.312s][info][gc,marking  ] GC(29) O: Mark: 2 stripe(s), 2 proactive flush(es), 1 terminate flush(es), 0 completion(s), 0 continuation(s) 
[63.312s][info][gc,nmethod  ] GC(29) O: NMethods: 310 registered, 12 unregistered
[63.312s][info][gc,metaspace] GC(29) O: Metaspace: 0M used, 0M committed, 1088M reserved
[63.312s][info][gc,ref      ] GC(29) O:                       Encountered   Discovered     Enqueued 
[63.312s][info][gc,ref      ] GC(29) O: Soft References:               42           15            0 
[63.312s][info][gc,ref      ] GC(29) O: Weak References:               86           45            0 
[63.312s][info][gc,ref      ] GC(29) O: Final References:               0            0            0 
[63.312s][info][gc,ref      ] GC(29) O: Phantom References:             1            0            0 
[63.312s][info][gc,reloc    ] GC(29) O:                        Candidates     Selected     In-Place         Size        Empty    Relocated 
[63.312s][info][gc,reloc    ] GC(29) O: Small Pages:                    2            1            2           4M           0M           1M 
[63.312s][info][gc,reloc    ] GC(29) O: Medium Pages:                   0            0            0           0M           0M           0M 
[63.312s][info][gc,reloc    ] GC(29) O: Large Pages:                  126            0            0         252M           0M           0M 
[63.312s][info][gc,reloc    ] GC(29) O: Forwarding Usage: 0M
[63.312s][info][gc,heap     ] GC(29) O: Min Capacity: 8M(3%)
[63.312s][info][gc,heap     ] GC(29) O: Max Capacity: 256M(100%)
[63.312s][info][gc,heap     ] GC(29) O: Soft Max Capacity: 256M(100%)
[63.312s][info][gc,heap     ] GC(29) O: Heap Statistics:
[63.312s][info][gc,heap     ] GC(29) O:                Mark Start          Mark End        Relocate Start      Relocate End           High               Low         
[63.312s][info][gc,heap     ] GC(29) O:  Capacity:      256M (100%)        256M (100%)        256M (100%)        256M (100%)        256M (100%)        256M (100%)   
[63.312s][info][gc,heap     ] GC(29) O:      Free:        0M (0%)            0M (0%)            0M (0%)            0M (0%)            0M (0%)            0M (0%)     
[63.312s][info][gc,heap     ] GC(29) O:      Used:      256M (100%)        256M (100%)        256M (100%)        256M (100%)        256M (100%)        256M (100%)   
[63.312s][info][gc,heap     ] GC(29) O: Old Generation Statistics:
[63.312s][info][gc,heap     ] GC(29) O:                Mark Start          Mark End        Relocate Start      Relocate End    
[63.312s][info][gc,heap     ] GC(29) O:      Used:      256M (100%)        256M (100%)        256M (100%)        256M (100%)   
[63.312s][info][gc,heap     ] GC(29) O:      Live:         -               253M (99%)         253M (99%)         253M (99%)    
[63.312s][info][gc,heap     ] GC(29) O:   Garbage:         -                 2M (1%)            2M (1%)            0M (0%)     
[63.312s][info][gc,heap     ] GC(29) O: Allocated:         -                 0M (0%)            0M (0%)            2M (1%)     
[63.312s][info][gc,heap     ] GC(29) O: Reclaimed:         -                  -                 0M (0%)            2M (1%)     
[63.312s][info][gc,heap     ] GC(29) O: Compacted:         -                  -                  -                 1M (0%)     
[63.312s][info][gc,phases   ] GC(29) O: Old Generation 256M(100%)->256M(100%) 0.004s
[63.312s][info][gc          ] GC(29) Major Collection (Allocation Stall) 256M(100%)->256M(100%) 0.007s
[63.312s][info][gc          ] Allocation Stall (main) 8.644ms
[63.312s][info][gc          ] GC(30) Minor Collection (Allocation Stall)
[63.312s][info][gc,task     ] GC(30) Using 2 Workers for Young Generation
[63.312s][info][gc,phases   ] GC(30) y: Young Generation
[63.312s][info][gc,phases   ] GC(30) y: Pause Mark Start 0.006ms
[63.313s][info][gc,phases   ] GC(30) y: Concurrent Mark 0.733ms
[63.313s][info][gc,phases   ] GC(30) y: Pause Mark End 0.005ms
[63.313s][info][gc,phases   ] GC(30) y: Concurrent Mark Free 0.001ms
[63.313s][info][gc,phases   ] GC(30) y: Concurrent Reset Relocation Set 0.000ms
[63.313s][info][gc,reloc    ] GC(30) y: Using tenuring threshold: 0 (Computed)
[63.313s][info][gc,phases   ] GC(30) y: Concurrent Select Relocation Set 0.081ms
[63.313s][info][gc,phases   ] GC(30) y: Pause Relocate Start 0.003ms
[63.313s][info][gc,phases   ] GC(30) y: Concurrent Relocate 0.053ms
[63.313s][info][gc,alloc    ] GC(30) y:                         Mark Start        Mark End      Relocate Start    Relocate End   
[63.313s][info][gc,alloc    ] GC(30) y: Allocation Stalls:          1                1                1                1         
[63.313s][info][gc,load     ] GC(30) y: Load: 0.00 (0%) / 0.00 (0%) / 0.00 (0%)
[63.313s][info][gc,mmu      ] GC(30) y: MMU: 2ms/70.6%, 5ms/88.0%, 10ms/93.8%, 20ms/96.8%, 50ms/98.7%, 100ms/99.4%
[63.314s][info][gc,marking  ] GC(30) y: Mark: 2 stripe(s), 1 proactive flush(es), 1 terminate flush(es), 0 completion(s), 0 continuation(s) 
[63.314s][info][gc,nmethod  ] GC(30) y: NMethods: 310 registered, 12 unregistered
[63.314s][info][gc,metaspace] GC(30) y: Metaspace: 0M used, 0M committed, 1088M reserved
[63.314s][info][gc,heap     ] GC(30) y: Min Capacity: 8M(3%)
[63.314s][info][gc,heap     ] GC(30) y: Max Capacity: 256M(100%)
[63.314s][info][gc,heap     ] GC(30) y: Soft Max Capacity: 256M(100%)
[63.314s][info][gc,heap     ] GC(30) y: Heap Statistics:
[63.314s][info][gc,heap     ] GC(30) y:                Mark Start          Mark End        Relocate Start      Relocate End           High               Low         
[63.314s][info][gc,heap     ] GC(30) y:  Capacity:      256M (100%)        256M (100%)        256M (100%)        256M (100%)        256M (100%)        256M (100%)   
[63.314s][info][gc,heap     ] GC(30) y:      Free:        0M (0%)            0M (0%)            0M (0%)            0M (0%)            0M (0%)            0M (0%)     
[63.314s][info][gc,heap     ] GC(30) y:      Used:      256M (100%)        256M (100%)        256M (100%)        256M (100%)        256M (100%)        256M (100%)   
[63.314s][info][gc,heap     ] GC(30) y: Young Generation Statistics:
[63.314s][info][gc,heap     ] GC(30) y:                Mark Start          Mark End        Relocate Start      Relocate End    
[63.314s][info][gc,heap     ] GC(30) y:      Used:        0M (0%)            0M (0%)            0M (0%)            0M (0%)     
[63.314s][info][gc,heap     ] GC(30) y:      Live:         -                 0M (0%)            0M (0%)            0M (0%)     
[63.314s][info][gc,heap     ] GC(30) y:   Garbage:         -                 0M (0%)            0M (0%)            0M (0%)     
[63.314s][info][gc,heap     ] GC(30) y: Allocated:         -                 0M (0%)            0M (0%)            0M (0%)     
[63.314s][info][gc,heap     ] GC(30) y: Reclaimed:         -                  -                 0M (0%)            0M (0%)     
[63.314s][info][gc,heap     ] GC(30) y:  Promoted:         -                  -                 0M (0%)            0M (0%)     
[63.314s][info][gc,heap     ] GC(30) y: Compacted:         -                  -                  -                 0M (0%)     
[63.314s][info][gc,phases   ] GC(30) y: Young Generation 256M(100%)->256M(100%) 0.001s
[63.314s][info][gc          ] GC(30) Minor Collection (Allocation Stall) 256M(100%)->256M(100%) 0.001s
[63.314s][info][gc          ] GC(31) Major Collection (Allocation Stall)
[63.314s][info][gc,task     ] GC(31) Using 2 Workers for Young Generation
[63.314s][info][gc,task     ] GC(31) Using 2 Workers for Old Generation
[63.314s][info][gc,phases   ] GC(31) Y: Young Generation (Promote All)
[63.314s][info][gc,phases   ] GC(31) Y: Pause Mark Start 0.004ms
[63.315s][info][gc,phases   ] GC(31) Y: Concurrent Mark 0.843ms
[63.315s][info][gc,phases   ] GC(31) Y: Pause Mark End 0.007ms
[63.315s][info][gc,phases   ] GC(31) Y: Concurrent Mark Free 0.001ms
[63.315s][info][gc,phases   ] GC(31) Y: Concurrent Reset Relocation Set 0.000ms
[63.315s][info][gc,reloc    ] GC(31) Y: Using tenuring threshold: 0 (Promote All)
[63.315s][info][gc,phases   ] GC(31) Y: Concurrent Select Relocation Set 0.112ms
[63.315s][info][gc,phases   ] GC(31) Y: Pause Relocate Start 0.007ms
[63.315s][info][gc,phases   ] GC(31) Y: Concurrent Relocate 0.081ms
[63.315s][info][gc,alloc    ] GC(31) Y:                         Mark Start        Mark End      Relocate Start    Relocate End   
[63.315s][info][gc,alloc    ] GC(31) Y: Allocation Stalls:          1                1                1                1         
[63.315s][info][gc,load     ] GC(31) Y: Load: 0.00 (0%) / 0.00 (0%) / 0.00 (0%)
[63.315s][info][gc,mmu      ] GC(31) Y: MMU: 2ms/70.6%, 5ms/88.0%, 10ms/93.8%, 20ms/96.8%, 50ms/98.7%, 100ms/99.4%
[63.315s][info][gc,marking  ] GC(31) Y: Mark: 2 stripe(s), 1 proactive flush(es), 1 terminate flush(es), 0 completion(s), 0 continuation(s) 
[63.315s][info][gc,nmethod  ] GC(31) Y: NMethods: 310 registered, 12 unregistered
[63.315s][info][gc,metaspace] GC(31) Y: Metaspace: 0M used, 0M committed, 1088M reserved
[63.315s][info][gc,heap     ] GC(31) Y: Min Capacity: 8M(3%)
[63.315s][info][gc,heap     ] GC(31) Y: Max Capacity: 256M(100%)
[63.315s][info][gc,heap     ] GC(31) Y: Soft Max Capacity: 256M(100%)
[63.315s][info][gc,heap     ] GC(31) Y: Heap Statistics:
[63.315s][info][gc,heap     ] GC(31) Y:                Mark Start          Mark End        Relocate Start      Relocate End           High               Low         
[63.315s][info][gc,heap     ] GC(31) Y:  Capacity:      256M (100%)        256M (100%)        256M (100%)        256M (100%)        256M (100%)        256M (100%)   
[63.315s][info][gc,heap     ] GC(31) Y:      Free:        0M (0%)            0M (0%)            0M (0%)            0M (0%)            0M (0%)            0M (0%)     
[63.315s][info][gc,heap     ] GC(31) Y:      Used:      256M (100%)        256M (100%)        256M (100%)        256M (100%)        256M (100%)        256M (100%)   
[63.315s][info][gc,heap     ] GC(31) Y: Young Generation Statistics:
[63.315s][info][gc,heap     ] GC(31) Y:                Mark Start          Mark End        Relocate Start      Relocate End    
[63.315s][info][gc,heap     ] GC(31) Y:      Used:        0M (0%)            0M (0%)            0M (0%)            0M (0%)     
[63.315s][info][gc,heap     ] GC(31) Y:      Live:         -                 0M (0%)            0M (0%)            0M (0%)     
[63.315s][info][gc,heap     ] GC(31) Y:   Garbage:         -                 0M (0%)            0M (0%)            0M (0%)     
[63.315s][info][gc,heap     ] GC(31) Y: Allocated:         -                 0M (0%)            0M (0%)            0M (0%)     
[63.315s][info][gc,heap     ] GC(31) Y: Reclaimed:         -                  -                 0M (0%)            0M (0%)     
[63.315s][info][gc,heap     ] GC(31) Y:  Promoted:         -                  -                 0M (0%)            0M (0%)     
[63.315s][info][gc,heap     ] GC(31) Y: Compacted:         -                  -                  -                 0M (0%)     
[63.315s][info][gc,phases   ] GC(31) Y: Young Generation (Promote All) 256M(100%)->256M(100%) 0.001s
[63.315s][info][gc,phases   ] GC(31) Y: Young Generation (Collect Roots)
[63.315s][info][gc,phases   ] GC(31) Y: Pause Mark Start (Major) 0.011ms
[63.316s][info][gc,phases   ] GC(31) Y: Concurrent Mark 0.963ms
[63.316s][info][gc,phases   ] GC(31) Y: Pause Mark End 0.006ms
[63.317s][info][gc,phases   ] GC(31) Y: Concurrent Mark Free 0.001ms
[63.317s][info][gc,phases   ] GC(31) Y: Concurrent Reset Relocation Set 0.000ms
[63.317s][info][gc,reloc    ] GC(31) Y: Using tenuring threshold: 0 (Computed)
[63.317s][info][gc,phases   ] GC(31) Y: Concurrent Select Relocation Set 0.097ms
[63.317s][info][gc,phases   ] GC(31) Y: Pause Relocate Start 0.004ms
[63.317s][info][gc,phases   ] GC(31) Y: Concurrent Relocate 0.053ms
[63.317s][info][gc,alloc    ] GC(31) Y:                         Mark Start        Mark End      Relocate Start    Relocate End   
[63.317s][info][gc,alloc    ] GC(31) Y: Allocation Stalls:          1                1                1                1         
[63.317s][info][gc,load     ] GC(31) Y: Load: 0.00 (0%) / 0.00 (0%) / 0.00 (0%)
[63.317s][info][gc,mmu      ] GC(31) Y: MMU: 2ms/70.6%, 5ms/88.0%, 10ms/93.8%, 20ms/96.8%, 50ms/98.7%, 100ms/99.4%
[63.317s][info][gc,marking  ] GC(31) Y: Mark: 2 stripe(s), 1 proactive flush(es), 1 terminate flush(es), 0 completion(s), 0 continuation(s) 
[63.317s][info][gc,nmethod  ] GC(31) Y: NMethods: 310 registered, 12 unregistered
[63.317s][info][gc,metaspace] GC(31) Y: Metaspace: 0M used, 0M committed, 1088M reserved
[63.317s][info][gc,heap     ] GC(31) Y: Min Capacity: 8M(3%)
[63.317s][info][gc,heap     ] GC(31) Y: Max Capacity: 256M(100%)
[63.317s][info][gc,heap     ] GC(31) Y: Soft Max Capacity: 256M(100%)
[63.317s][info][gc,heap     ] GC(31) Y: Heap Statistics:
[63.317s][info][gc,heap     ] GC(31) Y:                Mark Start          Mark End        Relocate Start      Relocate End           High               Low         
[63.317s][info][gc,heap     ] GC(31) Y:  Capacity:      256M (100%)        256M (100%)        256M (100%)        256M (100%)        256M (100%)        256M (100%)   
[63.317s][info][gc,heap     ] GC(31) Y:      Free:        0M (0%)            0M (0%)            0M (0%)            0M (0%)            0M (0%)            0M (0%)     
[63.317s][info][gc,heap     ] GC(31) Y:      Used:      256M (100%)        256M (100%)        256M (100%)        256M (100%)        256M (100%)        256M (100%)   
[63.317s][info][gc,heap     ] GC(31) Y: Young Generation Statistics:
[63.317s][info][gc,heap     ] GC(31) Y:                Mark Start          Mark End        Relocate Start      Relocate End    
[63.317s][info][gc,heap     ] GC(31) Y:      Used:        0M (0%)            0M (0%)            0M (0%)            0M (0%)     
[63.317s][info][gc,heap     ] GC(31) Y:      Live:         -                 0M (0%)            0M (0%)            0M (0%)     
[63.317s][info][gc,heap     ] GC(31) Y:   Garbage:         -                 0M (0%)            0M (0%)            0M (0%)     
[63.317s][info][gc,heap     ] GC(31) Y: Allocated:         -                 0M (0%)            0M (0%)            0M (0%)     
[63.317s][info][gc,heap     ] GC(31) Y: Reclaimed:         -                  -                 0M (0%)            0M (0%)     
[63.317s][info][gc,heap     ] GC(31) Y:  Promoted:         -                  -                 0M (0%)            0M (0%)     
[63.317s][info][gc,heap     ] GC(31) Y: Compacted:         -                  -                  -                 0M (0%)     
[63.317s][info][gc,phases   ] GC(31) Y: Young Generation (Collect Roots) 256M(100%)->256M(100%) 0.002s
[63.317s][info][gc,phases   ] GC(31) O: Old Generation
[63.319s][info][gc,phases   ] GC(31) O: Concurrent Mark 1.778ms
[63.319s][info][gc,phases   ] GC(31) O: Pause Mark End 0.006ms
[63.319s][info][gc,phases   ] GC(31) O: Concurrent Mark Free 0.001ms
[63.319s][info][gc,ref      ] GC(31) O: Clearing All SoftReferences
[63.319s][info][gc,phases   ] GC(31) O: Concurrent Process Non-Strong 0.326ms
[63.319s][info][gc,phases   ] GC(31) O: Concurrent Reset Relocation Set 0.001ms
[63.319s][info][gc,phases   ] GC(31) O: Concurrent Select Relocation Set 0.047ms
[63.319s][info][gc,task     ] GC(31) O: Using 2 Workers for Old Generation
[63.320s][info][gc,task     ] GC(31) O: Using 2 Workers for Old Generation
[63.320s][info][gc,phases   ] GC(31) O: Concurrent Remap Roots 0.324ms
[63.320s][info][gc,phases   ] GC(31) O: Pause Relocate Start 0.004ms
[63.321s][info][gc,phases   ] GC(31) O: Concurrent Relocate 1.076ms
[63.321s][info][gc,alloc    ] GC(31) O:                         Mark Start        Mark End      Relocate Start    Relocate End   
[63.321s][info][gc,alloc    ] GC(31) O: Allocation Stalls:          1                1                1                1         
[63.321s][info][gc,load     ] GC(31) O: Load: 0.00 (0%) / 0.00 (0%) / 0.00 (0%)
[63.321s][info][gc,mmu      ] GC(31) O: MMU: 2ms/70.6%, 5ms/88.0%, 10ms/93.8%, 20ms/96.8%, 50ms/98.7%, 100ms/99.4%
[63.321s][info][gc,marking  ] GC(31) O: Mark: 2 stripe(s), 3 proactive flush(es), 1 terminate flush(es), 0 completion(s), 0 continuation(s) 
[63.321s][info][gc,nmethod  ] GC(31) O: NMethods: 310 registered, 12 unregistered
[63.321s][info][gc,metaspace] GC(31) O: Metaspace: 0M used, 0M committed, 1088M reserved
[63.321s][info][gc,ref      ] GC(31) O:                       Encountered   Discovered     Enqueued 
[63.321s][info][gc,ref      ] GC(31) O: Soft References:               42           15            0 
[63.321s][info][gc,ref      ] GC(31) O: Weak References:               86           44            0 
[63.321s][info][gc,ref      ] GC(31) O: Final References:               0            0            0 
[63.321s][info][gc,ref      ] GC(31) O: Phantom References:             1            0            0 
[63.321s][info][gc,reloc    ] GC(31) O:                        Candidates     Selected     In-Place         Size        Empty    Relocated 
[63.321s][info][gc,reloc    ] GC(31) O: Small Pages:                    2            1            2           4M           0M           1M 
[63.321s][info][gc,reloc    ] GC(31) O: Medium Pages:                   0            0            0           0M           0M           0M 
[63.321s][info][gc,reloc    ] GC(31) O: Large Pages:                  126            0            0         252M           0M           0M 
[63.321s][info][gc,reloc    ] GC(31) O: Forwarding Usage: 0M
[63.321s][info][gc,heap     ] GC(31) O: Min Capacity: 8M(3%)
[63.321s][info][gc,heap     ] GC(31) O: Max Capacity: 256M(100%)
[63.321s][info][gc,heap     ] GC(31) O: Soft Max Capacity: 256M(100%)
[63.321s][info][gc,heap     ] GC(31) O: Heap Statistics:
[63.321s][info][gc,heap     ] GC(31) O:                Mark Start          Mark End        Relocate Start      Relocate End           High               Low         
[63.321s][info][gc,heap     ] GC(31) O:  Capacity:      256M (100%)        256M (100%)        256M (100%)        256M (100%)        256M (100%)        256M (100%)   
[63.321s][info][gc,heap     ] GC(31) O:      Free:        0M (0%)            0M (0%)            0M (0%)            0M (0%)            0M (0%)            0M (0%)     
[63.321s][info][gc,heap     ] GC(31) O:      Used:      256M (100%)        256M (100%)        256M (100%)        256M (100%)        256M (100%)        256M (100%)   
[63.321s][info][gc,heap     ] GC(31) O: Old Generation Statistics:
[63.321s][info][gc,heap     ] GC(31) O:                Mark Start          Mark End        Relocate Start      Relocate End    
[63.321s][info][gc,heap     ] GC(31) O:      Used:      256M (100%)        256M (100%)        256M (100%)        256M (100%)   
[63.321s][info][gc,heap     ] GC(31) O:      Live:         -               253M (99%)         253M (99%)         253M (99%)    
[63.321s][info][gc,heap     ] GC(31) O:   Garbage:         -                 2M (1%)            2M (1%)            0M (0%)     
[63.321s][info][gc,heap     ] GC(31) O: Allocated:         -                 0M (0%)            0M (0%)            2M (1%)     
[63.321s][info][gc,heap     ] GC(31) O: Reclaimed:         -                  -                 0M (0%)            2M (1%)     
[63.321s][info][gc,heap     ] GC(31) O: Compacted:         -                  -                  -                 1M (0%)     
[63.321s][info][gc,phases   ] GC(31) O: Old Generation 256M(100%)->256M(100%) 0.004s
[63.321s][info][gc          ] GC(31) Major Collection (Allocation Stall) 256M(100%)->256M(100%) 0.008s
[63.321s][info][gc          ] Allocation Stall (main) 9.118ms
[63.321s][info][gc          ] Out Of Memory (main)
[63.322s][info][gc          ] GC(32) Minor Collection (Allocation Stall)
[63.322s][info][gc,task     ] GC(32) Using 2 Workers for Young Generation
[63.322s][info][gc,phases   ] GC(32) y: Young Generation
[63.322s][info][gc,phases   ] GC(32) y: Pause Mark Start 0.005ms
[63.322s][info][gc,phases   ] GC(32) y: Concurrent Mark 0.673ms
[63.322s][info][gc,phases   ] GC(32) y: Pause Mark End 0.005ms
[63.322s][info][gc,phases   ] GC(32) y: Concurrent Mark Free 0.001ms
[63.322s][info][gc,phases   ] GC(32) y: Concurrent Reset Relocation Set 0.000ms
[63.322s][info][gc,reloc    ] GC(32) y: Using tenuring threshold: 0 (Computed)
[63.323s][info][gc,phases   ] GC(32) y: Concurrent Select Relocation Set 0.108ms
[63.323s][info][gc,phases   ] GC(32) y: Pause Relocate Start 0.004ms
[63.323s][info][gc,phases   ] GC(32) y: Concurrent Relocate 0.049ms
[63.323s][info][gc,alloc    ] GC(32) y:                         Mark Start        Mark End      Relocate Start    Relocate End   
[63.323s][info][gc,alloc    ] GC(32) y: Allocation Stalls:          1                1                1                1         
[63.323s][info][gc,load     ] GC(32) y: Load: 0.00 (0%) / 0.00 (0%) / 0.00 (0%)
[63.323s][info][gc,mmu      ] GC(32) y: MMU: 2ms/70.6%, 5ms/88.0%, 10ms/93.8%, 20ms/96.8%, 50ms/98.7%, 100ms/99.4%
[63.323s][info][gc,marking  ] GC(32) y: Mark: 2 stripe(s), 1 proactive flush(es), 1 terminate flush(es), 0 completion(s), 0 continuation(s) 
[63.323s][info][gc,nmethod  ] GC(32) y: NMethods: 310 registered, 12 unregistered
[63.323s][info][gc,metaspace] GC(32) y: Metaspace: 0M used, 0M committed, 1088M reserved
[63.323s][info][gc,heap     ] GC(32) y: Min Capacity: 8M(3%)
[63.323s][info][gc,heap     ] GC(32) y: Max Capacity: 256M(100%)
[63.323s][info][gc,heap     ] GC(32) y: Soft Max Capacity: 256M(100%)
[63.323s][info][gc,heap     ] GC(32) y: Heap Statistics:
[63.323s][info][gc,heap     ] GC(32) y:                Mark Start          Mark End        Relocate Start      Relocate End           High               Low         
[63.323s][info][gc,heap     ] GC(32) y:  Capacity:      256M (100%)        256M (100%)        256M (100%)        256M (100%)        256M (100%)        256M (100%)   
[63.323s][info][gc,heap     ] GC(32) y:      Free:        0M (0%)            0M (0%)            0M (0%)            0M (0%)            0M (0%)            0M (0%)     
[63.323s][info][gc,heap     ] GC(32) y:      Used:      256M (100%)        256M (100%)        256M (100%)        256M (100%)        256M (100%)        256M (100%)   
[63.323s][info][gc,heap     ] GC(32) y: Young Generation Statistics:
[63.323s][info][gc,heap     ] GC(32) y:                Mark Start          Mark End        Relocate Start      Relocate End    
[63.323s][info][gc,heap     ] GC(32) y:      Used:        0M (0%)            0M (0%)            0M (0%)            0M (0%)     
[63.323s][info][gc,heap     ] GC(32) y:      Live:         -                 0M (0%)            0M (0%)            0M (0%)     
[63.323s][info][gc,heap     ] GC(32) y:   Garbage:         -                 0M (0%)            0M (0%)            0M (0%)     
[63.323s][info][gc,heap     ] GC(32) y: Allocated:         -                 0M (0%)            0M (0%)            0M (0%)     
[63.323s][info][gc,heap     ] GC(32) y: Reclaimed:         -                  -                 0M (0%)            0M (0%)     
[63.323s][info][gc,heap     ] GC(32) y:  Promoted:         -                  -                 0M (0%)            0M (0%)     
[63.323s][info][gc,heap     ] GC(32) y: Compacted:         -                  -                  -                 0M (0%)     
[63.323s][info][gc,phases   ] GC(32) y: Young Generation 256M(100%)->256M(100%) 0.001s
[63.323s][info][gc          ] GC(32) Minor Collection (Allocation Stall) 256M(100%)->256M(100%) 0.001s
[63.323s][info][gc          ] GC(33) Major Collection (Allocation Stall)
[63.323s][info][gc,task     ] GC(33) Using 2 Workers for Young Generation
[63.323s][info][gc,task     ] GC(33) Using 2 Workers for Old Generation
[63.323s][info][gc,phases   ] GC(33) Y: Young Generation (Promote All)
[63.323s][info][gc,phases   ] GC(33) Y: Pause Mark Start 0.004ms
[63.324s][info][gc,phases   ] GC(33) Y: Concurrent Mark 0.638ms
[63.324s][info][gc,phases   ] GC(33) Y: Pause Mark End 0.004ms
[63.324s][info][gc,phases   ] GC(33) Y: Concurrent Mark Free 0.001ms
[63.324s][info][gc,phases   ] GC(33) Y: Concurrent Reset Relocation Set 0.000ms
[63.324s][info][gc,reloc    ] GC(33) Y: Using tenuring threshold: 0 (Promote All)
[63.324s][info][gc,phases   ] GC(33) Y: Concurrent Select Relocation Set 0.085ms
[63.324s][info][gc,phases   ] GC(33) Y: Pause Relocate Start 0.003ms
[63.324s][info][gc,phases   ] GC(33) Y: Concurrent Relocate 0.050ms
[63.324s][info][gc,alloc    ] GC(33) Y:                         Mark Start        Mark End      Relocate Start    Relocate End   
[63.324s][info][gc,alloc    ] GC(33) Y: Allocation Stalls:          1                1                1                1         
[63.324s][info][gc,load     ] GC(33) Y: Load: 0.00 (0%) / 0.00 (0%) / 0.00 (0%)
[63.324s][info][gc,mmu      ] GC(33) Y: MMU: 2ms/70.6%, 5ms/88.0%, 10ms/93.8%, 20ms/96.8%, 50ms/98.7%, 100ms/99.4%
[63.324s][info][gc,marking  ] GC(33) Y: Mark: 2 stripe(s), 1 proactive flush(es), 1 terminate flush(es), 0 completion(s), 0 continuation(s) 
[63.324s][info][gc,nmethod  ] GC(33) Y: NMethods: 310 registered, 12 unregistered
[63.324s][info][gc,metaspace] GC(33) Y: Metaspace: 0M used, 0M committed, 1088M reserved
[63.324s][info][gc,heap     ] GC(33) Y: Min Capacity: 8M(3%)
[63.324s][info][gc,heap     ] GC(33) Y: Max Capacity: 256M(100%)
[63.324s][info][gc,heap     ] GC(33) Y: Soft Max Capacity: 256M(100%)
[63.324s][info][gc,heap     ] GC(33) Y: Heap Statistics:
[63.324s][info][gc,heap     ] GC(33) Y:                Mark Start          Mark End        Relocate Start      Relocate End           High               Low         
[63.324s][info][gc,heap     ] GC(33) Y:  Capacity:      256M (100%)        256M (100%)        256M (100%)        256M (100%)        256M (100%)        256M (100%)   
[63.324s][info][gc,heap     ] GC(33) Y:      Free:        0M (0%)            0M (0%)            0M (0%)            0M (0%)            0M (0%)            0M (0%)     
[63.324s][info][gc,heap     ] GC(33) Y:      Used:      256M (100%)        256M (100%)        256M (100%)        256M (100%)        256M (100%)        256M (100%)   
[63.324s][info][gc,heap     ] GC(33) Y: Young Generation Statistics:
[63.324s][info][gc,heap     ] GC(33) Y:                Mark Start          Mark End        Relocate Start      Relocate End    
[63.324s][info][gc,heap     ] GC(33) Y:      Used:        0M (0%)            0M (0%)            0M (0%)            0M (0%)     
[63.324s][info][gc,heap     ] GC(33) Y:      Live:         -                 0M (0%)            0M (0%)            0M (0%)     
[63.324s][info][gc,heap     ] GC(33) Y:   Garbage:         -                 0M (0%)            0M (0%)            0M (0%)     
[63.324s][info][gc,heap     ] GC(33) Y: Allocated:         -                 0M (0%)            0M (0%)            0M (0%)     
[63.324s][info][gc,heap     ] GC(33) Y: Reclaimed:         -                  -                 0M (0%)            0M (0%)     
[63.324s][info][gc,heap     ] GC(33) Y:  Promoted:         -                  -                 0M (0%)            0M (0%)     
[63.324s][info][gc,heap     ] GC(33) Y: Compacted:         -                  -                  -                 0M (0%)     
[63.324s][info][gc,phases   ] GC(33) Y: Young Generation (Promote All) 256M(100%)->256M(100%) 0.001s
[63.324s][info][gc,phases   ] GC(33) Y: Young Generation (Collect Roots)
[63.324s][info][gc,phases   ] GC(33) Y: Pause Mark Start (Major) 0.004ms
[63.325s][info][gc,phases   ] GC(33) Y: Concurrent Mark 0.583ms
[63.325s][info][gc,phases   ] GC(33) Y: Pause Mark End 0.004ms
[63.325s][info][gc,phases   ] GC(33) Y: Concurrent Mark Free 0.000ms
[63.325s][info][gc,phases   ] GC(33) Y: Concurrent Reset Relocation Set 0.000ms
[63.325s][info][gc,reloc    ] GC(33) Y: Using tenuring threshold: 0 (Computed)
[63.325s][info][gc,phases   ] GC(33) Y: Concurrent Select Relocation Set 0.090ms
[63.325s][info][gc,phases   ] GC(33) Y: Pause Relocate Start 0.004ms
[63.325s][info][gc,phases   ] GC(33) Y: Concurrent Relocate 0.047ms
[63.325s][info][gc,alloc    ] GC(33) Y:                         Mark Start        Mark End      Relocate Start    Relocate End   
[63.325s][info][gc,alloc    ] GC(33) Y: Allocation Stalls:          1                1                1                1         
[63.325s][info][gc,load     ] GC(33) Y: Load: 0.00 (0%) / 0.00 (0%) / 0.00 (0%)
[63.325s][info][gc,mmu      ] GC(33) Y: MMU: 2ms/70.6%, 5ms/88.0%, 10ms/93.8%, 20ms/96.8%, 50ms/98.7%, 100ms/99.4%
[63.325s][info][gc,marking  ] GC(33) Y: Mark: 2 stripe(s), 1 proactive flush(es), 1 terminate flush(es), 0 completion(s), 0 continuation(s) 
[63.325s][info][gc,nmethod  ] GC(33) Y: NMethods: 310 registered, 12 unregistered
[63.325s][info][gc,metaspace] GC(33) Y: Metaspace: 0M used, 0M committed, 1088M reserved
[63.325s][info][gc,heap     ] GC(33) Y: Min Capacity: 8M(3%)
[63.325s][info][gc,heap     ] GC(33) Y: Max Capacity: 256M(100%)
[63.325s][info][gc,heap     ] GC(33) Y: Soft Max Capacity: 256M(100%)
[63.325s][info][gc,heap     ] GC(33) Y: Heap Statistics:
[63.325s][info][gc,heap     ] GC(33) Y:                Mark Start          Mark End        Relocate Start      Relocate End           High               Low         
[63.325s][info][gc,heap     ] GC(33) Y:  Capacity:      256M (100%)        256M (100%)        256M (100%)        256M (100%)        256M (100%)        256M (100%)   
[63.325s][info][gc,heap     ] GC(33) Y:      Free:        0M (0%)            0M (0%)            0M (0%)            0M (0%)            0M (0%)            0M (0%)     
[63.325s][info][gc,heap     ] GC(33) Y:      Used:      256M (100%)        256M (100%)        256M (100%)        256M (100%)        256M (100%)        256M (100%)   
[63.325s][info][gc,heap     ] GC(33) Y: Young Generation Statistics:
[63.325s][info][gc,heap     ] GC(33) Y:                Mark Start          Mark End        Relocate Start      Relocate End    
[63.326s][info][gc,heap     ] GC(33) Y:      Used:        0M (0%)            0M (0%)            0M (0%)            0M (0%)     
[63.326s][info][gc,heap     ] GC(33) Y:      Live:         -                 0M (0%)            0M (0%)            0M (0%)     
[63.326s][info][gc,heap     ] GC(33) Y:   Garbage:         -                 0M (0%)            0M (0%)            0M (0%)     
[63.326s][info][gc,heap     ] GC(33) Y: Allocated:         -                 0M (0%)            0M (0%)            0M (0%)     
[63.326s][info][gc,heap     ] GC(33) Y: Reclaimed:         -                  -                 0M (0%)            0M (0%)     
[63.326s][info][gc,heap     ] GC(33) Y:  Promoted:         -                  -                 0M (0%)            0M (0%)     
[63.326s][info][gc,heap     ] GC(33) Y: Compacted:         -                  -                  -                 0M (0%)     
[63.326s][info][gc,phases   ] GC(33) Y: Young Generation (Collect Roots) 256M(100%)->256M(100%) 0.001s
[63.326s][info][gc,phases   ] GC(33) O: Old Generation
[63.337s][info][gc,phases   ] GC(33) O: Concurrent Mark 10.918ms
[63.337s][info][gc,phases   ] GC(33) O: Pause Mark End 0.023ms
[63.337s][info][gc,phases   ] GC(33) O: Concurrent Mark Free 0.003ms
[63.337s][info][gc,ref      ] GC(33) O: Clearing All SoftReferences
[63.337s][info][gc,phases   ] GC(33) O: Concurrent Process Non-Strong 0.548ms
[63.337s][info][gc,phases   ] GC(33) O: Concurrent Reset Relocation Set 0.001ms
[63.337s][info][gc,phases   ] GC(33) O: Concurrent Select Relocation Set 0.098ms
[63.337s][info][gc,task     ] GC(33) O: Using 2 Workers for Old Generation
[63.338s][info][gc,task     ] GC(33) O: Using 2 Workers for Old Generation
[63.338s][info][gc,phases   ] GC(33) O: Concurrent Remap Roots 0.407ms
[63.338s][info][gc,phases   ] GC(33) O: Pause Relocate Start 0.008ms
[63.340s][info][gc          ] Allocation Stall (main) 18.195ms
[63.340s][info][gc,phases   ] GC(33) O: Concurrent Relocate 1.810ms
[63.340s][info][gc,alloc    ] GC(33) O:                         Mark Start        Mark End      Relocate Start    Relocate End   
[63.340s][info][gc,alloc    ] GC(33) O: Allocation Stalls:          1                1                1                0         
[63.340s][info][gc,load     ] GC(33) O: Load: 0.00 (0%) / 0.00 (0%) / 0.00 (0%)
[63.340s][info][gc,mmu      ] GC(33) O: MMU: 2ms/70.6%, 5ms/88.0%, 10ms/93.8%, 20ms/96.8%, 50ms/98.7%, 100ms/99.4%
[63.340s][info][gc,marking  ] GC(33) O: Mark: 2 stripe(s), 1 proactive flush(es), 1 terminate flush(es), 0 completion(s), 0 continuation(s) 
[63.340s][info][gc,nmethod  ] GC(33) O: NMethods: 310 registered, 12 unregistered
[63.340s][info][gc,metaspace] GC(33) O: Metaspace: 0M used, 0M committed, 1088M reserved
[63.340s][info][gc,ref      ] GC(33) O:                       Encountered   Discovered     Enqueued 
[63.340s][info][gc,ref      ] GC(33) O: Soft References:               42           15            0 
[63.340s][info][gc,ref      ] GC(33) O: Weak References:               86           45            0 
[63.340s][info][gc,ref      ] GC(33) O: Final References:               0            0            0 
[63.340s][info][gc,ref      ] GC(33) O: Phantom References:             1            0            0 
[63.340s][info][gc,reloc    ] GC(33) O:                        Candidates     Selected     In-Place         Size        Empty    Relocated 
[63.340s][info][gc,reloc    ] GC(33) O: Small Pages:                    2            1            1           4M           0M           1M 
[63.340s][info][gc,reloc    ] GC(33) O: Medium Pages:                   0            0            0           0M           0M           0M 
[63.340s][info][gc,reloc    ] GC(33) O: Large Pages:                  126            0            0         252M           0M           0M 
[63.340s][info][gc,reloc    ] GC(33) O: Forwarding Usage: 0M
[63.340s][info][gc,heap     ] GC(33) O: Min Capacity: 8M(3%)
[63.340s][info][gc,heap     ] GC(33) O: Max Capacity: 256M(100%)
[63.340s][info][gc,heap     ] GC(33) O: Soft Max Capacity: 256M(100%)
[63.340s][info][gc,heap     ] GC(33) O: Heap Statistics:
[63.340s][info][gc,heap     ] GC(33) O:                Mark Start          Mark End        Relocate Start      Relocate End           High               Low         
[63.340s][info][gc,heap     ] GC(33) O:  Capacity:      256M (100%)        256M (100%)        256M (100%)        256M (100%)        256M (100%)        256M (100%)   
[63.340s][info][gc,heap     ] GC(33) O:      Free:        0M (0%)            0M (0%)            0M (0%)            0M (0%)            2M (1%)            0M (0%)     
[63.340s][info][gc,heap     ] GC(33) O:      Used:      256M (100%)        256M (100%)        256M (100%)        256M (100%)        256M (100%)        254M (99%)    
[63.340s][info][gc,heap     ] GC(33) O: Old Generation Statistics:
[63.340s][info][gc,heap     ] GC(33) O:                Mark Start          Mark End        Relocate Start      Relocate End    
[63.340s][info][gc,heap     ] GC(33) O:      Used:      256M (100%)        256M (100%)        256M (100%)        254M (99%)    
[63.340s][info][gc,heap     ] GC(33) O:      Live:         -               253M (99%)         253M (99%)         253M (99%)    
[63.340s][info][gc,heap     ] GC(33) O:   Garbage:         -                 2M (1%)            2M (1%)            0M (0%)     
[63.340s][info][gc,heap     ] GC(33) O: Allocated:         -                 0M (0%)            0M (0%)            0M (0%)     
[63.340s][info][gc,heap     ] GC(33) O: Reclaimed:         -                  -                 0M (0%)            2M (1%)     
[63.340s][info][gc,heap     ] GC(33) O: Compacted:         -                  -                  -                 1M (0%)     
[63.340s][info][gc,phases   ] GC(33) O: Old Generation 256M(100%)->256M(100%) 0.014s
[63.340s][info][gc          ] GC(33) Major Collection (Allocation Stall) 256M(100%)->256M(100%) 0.017s
[63.343s][info][gc,exit     ] Stopping ZGC
[63.343s][info][gc,stats    ] === Garbage Collection Statistics =======================================================================================================================
[63.343s][info][gc,stats    ]                                                              Last 10s              Last 10m              Last 10h                Total
[63.343s][info][gc,stats    ]                                                              Avg / Max             Avg / Max             Avg / Max             Avg / Max
[63.343s][info][gc,stats    ]        Contention: Mark Segment Reset Contention                     0 / 0                 0 / 2                 0 / 2                 0 / 2           ops/s
[63.343s][info][gc,stats    ]        Contention: Mark SeqNum Reset Contention                      0 / 0                 0 / 1                 0 / 1                 0 / 1           ops/s
[63.343s][info][gc,stats    ]          Critical: Allocation Stall                                  0 / 0                 0 / 0                 0 / 0                 0 / 0           ops/s
[63.343s][info][gc,stats    ]          Critical: Allocation Stall                              0.000 / 0.000         0.000 / 0.000         0.000 / 0.000         0.000 / 0.000       ms
[63.343s][info][gc,stats    ]          Critical: JNI Critical Stall                                0 / 0                 0 / 0                 0 / 0                 0 / 0           ops/s
[63.343s][info][gc,stats    ]          Critical: JNI Critical Stall                            0.000 / 0.000         0.000 / 0.000         0.000 / 0.000         0.000 / 0.000       ms
[63.343s][info][gc,stats    ]          Critical: Relocation Stall                                  0 / 0                 0 / 0                 0 / 0                 0 / 0           ops/s
[63.343s][info][gc,stats    ]          Critical: Relocation Stall                              0.000 / 0.000         0.000 / 0.000         0.000 / 0.000         0.000 / 0.000       ms
[63.343s][info][gc,stats    ]  Major Collection: Major Collection                             17.893 / 25.538       20.289 / 32.946       20.289 / 32.946       20.289 / 32.946      ms
[63.343s][info][gc,stats    ]            Memory: Allocation Rate                                   5 / 10                4 / 10                4 / 10                4 / 10          MB/s
[63.343s][info][gc,stats    ]            Memory: Defragment                                        0 / 0                 0 / 0                 0 / 0                 0 / 0           ops/s
[63.343s][info][gc,stats    ]            Memory: Mapped Cache Harvest                              0 / 0                 0 / 0                 0 / 0                 0 / 0           MB/s
[63.343s][info][gc,stats    ]            Memory: Out Of Memory                                     0 / 0                 0 / 0                 0 / 0                 0 / 0           ops/s
[63.343s][info][gc,stats    ]            Memory: Uncommit                                          0 / 0                 0 / 0                 0 / 0                 0 / 0           MB/s
[63.343s][info][gc,stats    ]            Memory: Undo Object Allocation Failed                     0 / 0                 0 / 0                 0 / 0                 0 / 0           ops/s
[63.343s][info][gc,stats    ]            Memory: Undo Object Allocation Succeeded                  0 / 0                 0 / 0                 0 / 0                 0 / 0           ops/s
[63.343s][info][gc,stats    ]            Memory: Undo Page Allocation                              0 / 0                 0 / 0                 0 / 0                 0 / 0           ops/s
[63.343s][info][gc,stats    ]  Minor Collection: Minor Collection                              6.864 / 16.464        6.864 / 16.464        6.864 / 16.464        6.864 / 16.464      ms
[63.343s][info][gc,stats    ]    Old Generation: Old Generation                               10.650 / 15.105       11.093 / 19.893       11.093 / 19.893       11.093 / 19.893      ms
[63.343s][info][gc,stats    ]         Old Pause: Pause Mark End                                0.017 / 0.026         0.017 / 0.028         0.017 / 0.028         0.017 / 0.028       ms
[63.343s][info][gc,stats    ]         Old Pause: Pause Relocate Start                          0.012 / 0.018         0.056 / 0.588         0.056 / 0.588         0.056 / 0.588       ms
[63.343s][info][gc,stats    ]         Old Phase: Concurrent Mark                               6.191 / 10.548        6.217 / 15.124        6.217 / 15.124        6.217 / 15.124      ms
[63.343s][info][gc,stats    ]         Old Phase: Concurrent Mark Continue                      0.000 / 0.000         0.000 / 0.000         0.000 / 0.000         0.000 / 0.000       ms
[63.343s][info][gc,stats    ]         Old Phase: Concurrent Mark Free                          0.003 / 0.005         0.003 / 0.007         0.003 / 0.007         0.003 / 0.007       ms
[63.343s][info][gc,stats    ]         Old Phase: Concurrent Process Non-Strong                 1.525 / 1.997         1.431 / 2.025         1.431 / 2.025         1.431 / 2.025       ms
[63.343s][info][gc,stats    ]         Old Phase: Concurrent Relocate                           0.833 / 3.650         1.066 / 3.650         1.066 / 3.650         1.066 / 3.650       ms
[63.343s][info][gc,stats    ]         Old Phase: Concurrent Remap Roots                        0.754 / 1.045         1.208 / 7.900         1.208 / 7.900         1.208 / 7.900       ms
[63.343s][info][gc,stats    ]         Old Phase: Concurrent Reset Relocation Set               0.001 / 0.002         0.001 / 0.002         0.001 / 0.002         0.001 / 0.002       ms
[63.343s][info][gc,stats    ]         Old Phase: Concurrent Select Relocation Set              0.141 / 0.245         0.162 / 0.263         0.162 / 0.263         0.162 / 0.263       ms
[63.343s][info][gc,stats    ]      Old Subphase: Concurrent Classes Purge                      0.014 / 0.018         0.017 / 0.033         0.017 / 0.033         0.017 / 0.033       ms
[63.343s][info][gc,stats    ]      Old Subphase: Concurrent Classes Unlink                     0.707 / 0.965         0.613 / 0.965         0.613 / 0.965         0.613 / 0.965       ms
[63.343s][info][gc,stats    ]      Old Subphase: Concurrent Mark Follow                        5.938 / 10.193        5.943 / 14.648        5.943 / 14.648        5.943 / 14.648      ms
[63.343s][info][gc,stats    ]      Old Subphase: Concurrent Mark Root Colored                  0.095 / 0.171         0.047 / 0.171         0.047 / 0.171         0.047 / 0.171       ms
[63.343s][info][gc,stats    ]      Old Subphase: Concurrent Mark Root Uncolored                0.060 / 0.074         0.067 / 0.132         0.067 / 0.132         0.067 / 0.132       ms
[63.343s][info][gc,stats    ]      Old Subphase: Concurrent Mark Roots                         0.248 / 0.431         0.250 / 0.466         0.250 / 0.466         0.250 / 0.466       ms
[63.343s][info][gc,stats    ]      Old Subphase: Concurrent References Enqueue                 0.001 / 0.005         0.001 / 0.005         0.001 / 0.005         0.001 / 0.005       ms
[63.343s][info][gc,stats    ]      Old Subphase: Concurrent References Process                 0.104 / 0.179         0.110 / 0.188         0.110 / 0.188         0.110 / 0.188       ms
[63.343s][info][gc,stats    ]      Old Subphase: Concurrent Remap Remembered                   0.360 / 0.582         0.762 / 7.386         0.762 / 7.386         0.762 / 7.386       ms
[63.343s][info][gc,stats    ]      Old Subphase: Concurrent Remap Roots Colored                0.117 / 0.248         0.153 / 0.329         0.153 / 0.329         0.153 / 0.329       ms
[63.343s][info][gc,stats    ]      Old Subphase: Concurrent Remap Roots Uncolored              0.085 / 0.111         0.072 / 0.120         0.072 / 0.120         0.072 / 0.120       ms
[63.343s][info][gc,stats    ]      Old Subphase: Concurrent Roots ClassLoaderDataGraph         0.074 / 0.195         0.084 / 0.234         0.084 / 0.234         0.084 / 0.234       ms
[63.343s][info][gc,stats    ]      Old Subphase: Concurrent Roots CodeCache                    0.076 / 0.105         0.066 / 0.112         0.066 / 0.112         0.066 / 0.112       ms
[63.343s][info][gc,stats    ]      Old Subphase: Concurrent Roots JavaThreads                  0.021 / 0.073         0.022 / 0.131         0.022 / 0.131         0.022 / 0.131       ms
[63.343s][info][gc,stats    ]      Old Subphase: Concurrent Roots OopStorageSet                0.006 / 0.018         0.007 / 0.029         0.007 / 0.029         0.007 / 0.029       ms
[63.343s][info][gc,stats    ]      Old Subphase: Concurrent Weak Roots OopStorageSet           0.115 / 0.349         0.126 / 0.513         0.126 / 0.513         0.126 / 0.513       ms
[63.343s][info][gc,stats    ]            System: Java Threads                                     11 / 11               11 / 11               11 / 11               11 / 11          threads
[63.343s][info][gc,stats    ]  Young Generation: Young Generation                              4.780 / 8.550         6.844 / 16.139        6.844 / 16.139        6.844 / 16.139      ms
[63.343s][info][gc,stats    ]  Young Generation: Young Generation                              5.126 / 12.217        5.126 / 12.217        5.126 / 12.217        5.126 / 12.217      ms
[63.343s][info][gc,stats    ]  Young Generation: Young Generation (Collect Roots)              0.000 / 0.000         0.000 / 0.000         0.000 / 0.000         0.000 / 0.000       ms
[63.343s][info][gc,stats    ]  Young Generation: Young Generation (Promote All)                0.000 / 0.000         0.000 / 0.000         0.000 / 0.000         0.000 / 0.000       ms
[63.343s][info][gc,stats    ]       Young Pause: Pause Mark End                                0.021 / 0.049         0.019 / 0.049         0.019 / 0.049         0.019 / 0.049       ms
[63.343s][info][gc,stats    ]       Young Pause: Pause Mark Start                              0.021 / 0.047         0.021 / 0.047         0.021 / 0.047         0.021 / 0.047       ms
[63.344s][info][gc,stats    ]       Young Pause: Pause Mark Start (Major)                      0.025 / 0.050         0.025 / 0.050         0.025 / 0.050         0.025 / 0.050       ms
[63.344s][info][gc,stats    ]       Young Pause: Pause Relocate Start                          0.014 / 0.033         0.015 / 0.033         0.015 / 0.033         0.015 / 0.033       ms
[63.344s][info][gc,stats    ]       Young Phase: Concurrent Mark                               2.736 / 7.550         3.268 / 8.962         3.268 / 8.962         3.268 / 8.962       ms
[63.344s][info][gc,stats    ]       Young Phase: Concurrent Mark Continue                      0.000 / 0.000         0.000 / 0.000         0.000 / 0.000         0.000 / 0.000       ms
[63.344s][info][gc,stats    ]       Young Phase: Concurrent Mark Free                          0.003 / 0.010         0.004 / 0.010         0.004 / 0.010         0.004 / 0.010       ms
[63.344s][info][gc,stats    ]       Young Phase: Concurrent Relocate                           0.314 / 0.697         0.801 / 6.759         0.801 / 6.759         0.801 / 6.759       ms
[63.344s][info][gc,stats    ]       Young Phase: Concurrent Reset Relocation Set               0.004 / 0.010         0.006 / 0.023         0.006 / 0.023         0.006 / 0.023       ms
[63.344s][info][gc,stats    ]       Young Phase: Concurrent Select Relocation Set              0.615 / 1.302         0.989 / 2.789         0.989 / 2.789         0.989 / 2.789       ms
[63.344s][info][gc,stats    ]    Young Subphase: Concurrent Mark Follow                        1.885 / 4.949         2.006 / 4.949         2.006 / 4.949         2.006 / 4.949       ms
[63.344s][info][gc,stats    ]    Young Subphase: Concurrent Mark Root Colored                  0.466 / 1.874         0.501 / 1.874         0.501 / 1.874         0.501 / 1.874       ms
[63.344s][info][gc,stats    ]    Young Subphase: Concurrent Mark Root Uncolored                0.207 / 0.531         0.206 / 0.531         0.206 / 0.531         0.206 / 0.531       ms
[63.344s][info][gc,stats    ]    Young Subphase: Concurrent Mark Roots                         0.844 / 2.583         1.255 / 7.050         1.255 / 7.050         1.255 / 7.050       ms
[63.344s][info][gc,stats    ]    Young Subphase: Concurrent Relocate Remset FP                 0.109 / 0.249         0.113 / 0.253         0.113 / 0.253         0.113 / 0.253       ms
[63.344s][info][gc,stats    ]    Young Subphase: Concurrent Roots ClassLoaderDataGraph         0.146 / 0.348         0.136 / 0.348         0.136 / 0.348         0.136 / 0.348       ms
[63.344s][info][gc,stats    ]    Young Subphase: Concurrent Roots CodeCache                    0.150 / 0.399         0.143 / 0.399         0.143 / 0.399         0.143 / 0.399       ms
[63.344s][info][gc,stats    ]    Young Subphase: Concurrent Roots JavaThreads                  0.029 / 0.128         0.032 / 0.143         0.032 / 0.143         0.032 / 0.143       ms
[63.344s][info][gc,stats    ]    Young Subphase: Concurrent Roots OopStorageSet                0.009 / 0.034         0.021 / 0.141         0.021 / 0.141         0.021 / 0.141       ms
[63.344s][info][gc,stats    ]    Young Subphase: Concurrent Weak Roots OopStorageSet           0.308 / 1.481         0.342 / 1.481         0.342 / 1.481         0.342 / 1.481       ms
[63.344s][info][gc,stats    ] =========================================================================================================================================================
[63.344s][info][gc,exit     ] Heap
[63.344s][info][gc,exit     ]  ZHeap           used 256M, capacity 256M, max capacity 256M
[63.344s][info][gc,exit     ]   Cache          0M (0)
[63.344s][info][gc,exit     ]  Metaspace       used 509K, committed 704K, reserved 1114112K
[63.344s][info][gc,exit     ]   class space    used 21K, committed 128K, reserved 1048576K
